###############################################################################
#
# IAR ELF Linker V7.50.2.10312/W32 for ARM                20/Nov/2017  16:29:23
# Copyright 2007-2015 IAR Systems AB.
#
#    Output file  =  
#        C:\Users\momo\Desktop\资料备份\nRF5_SDK_12.3.0_d7731ad\examples\peripheral\uart\pca10028\blank\iar\_build\uart_pca10028.out
#    Map file     =  
#        C:\Users\momo\Desktop\资料备份\nRF5_SDK_12.3.0_d7731ad\examples\peripheral\uart\pca10028\blank\iar\_build\uart_pca10028.map
#    Command line =  
#        C:\Users\momo\Desktop\资料备份\nRF5_SDK_12.3.0_d7731ad\examples\peripheral\uart\pca10028\blank\iar\_build\app_error.o
#        C:\Users\momo\Desktop\资料备份\nRF5_SDK_12.3.0_d7731ad\examples\peripheral\uart\pca10028\blank\iar\_build\app_error_weak.o
#        C:\Users\momo\Desktop\资料备份\nRF5_SDK_12.3.0_d7731ad\examples\peripheral\uart\pca10028\blank\iar\_build\app_fifo.o
#        C:\Users\momo\Desktop\资料备份\nRF5_SDK_12.3.0_d7731ad\examples\peripheral\uart\pca10028\blank\iar\_build\app_uart_fifo.o
#        C:\Users\momo\Desktop\资料备份\nRF5_SDK_12.3.0_d7731ad\examples\peripheral\uart\pca10028\blank\iar\_build\app_util_platform.o
#        C:\Users\momo\Desktop\资料备份\nRF5_SDK_12.3.0_d7731ad\examples\peripheral\uart\pca10028\blank\iar\_build\boards.o
#        C:\Users\momo\Desktop\资料备份\nRF5_SDK_12.3.0_d7731ad\examples\peripheral\uart\pca10028\blank\iar\_build\iar_startup_nrf51.o
#        C:\Users\momo\Desktop\资料备份\nRF5_SDK_12.3.0_d7731ad\examples\peripheral\uart\pca10028\blank\iar\_build\main.o
#        C:\Users\momo\Desktop\资料备份\nRF5_SDK_12.3.0_d7731ad\examples\peripheral\uart\pca10028\blank\iar\_build\nrf_assert.o
#        C:\Users\momo\Desktop\资料备份\nRF5_SDK_12.3.0_d7731ad\examples\peripheral\uart\pca10028\blank\iar\_build\nrf_drv_common.o
#        C:\Users\momo\Desktop\资料备份\nRF5_SDK_12.3.0_d7731ad\examples\peripheral\uart\pca10028\blank\iar\_build\nrf_drv_uart.o
#        C:\Users\momo\Desktop\资料备份\nRF5_SDK_12.3.0_d7731ad\examples\peripheral\uart\pca10028\blank\iar\_build\nrf_log_backend_serial.o
#        C:\Users\momo\Desktop\资料备份\nRF5_SDK_12.3.0_d7731ad\examples\peripheral\uart\pca10028\blank\iar\_build\nrf_log_frontend.o
#        C:\Users\momo\Desktop\资料备份\nRF5_SDK_12.3.0_d7731ad\examples\peripheral\uart\pca10028\blank\iar\_build\retarget.o
#        C:\Users\momo\Desktop\资料备份\nRF5_SDK_12.3.0_d7731ad\examples\peripheral\uart\pca10028\blank\iar\_build\RTT_Syscalls_IAR.o
#        C:\Users\momo\Desktop\资料备份\nRF5_SDK_12.3.0_d7731ad\examples\peripheral\uart\pca10028\blank\iar\_build\sdk_errors.o
#        C:\Users\momo\Desktop\资料备份\nRF5_SDK_12.3.0_d7731ad\examples\peripheral\uart\pca10028\blank\iar\_build\SEGGER_RTT.o
#        C:\Users\momo\Desktop\资料备份\nRF5_SDK_12.3.0_d7731ad\examples\peripheral\uart\pca10028\blank\iar\_build\SEGGER_RTT_printf.o
#        C:\Users\momo\Desktop\资料备份\nRF5_SDK_12.3.0_d7731ad\examples\peripheral\uart\pca10028\blank\iar\_build\system_nrf51.o
#        --redirect _Printf=_PrintfFull --redirect _Scanf=_ScanfFull -o
#        C:\Users\momo\Desktop\资料备份\nRF5_SDK_12.3.0_d7731ad\examples\peripheral\uart\pca10028\blank\iar\_build\uart_pca10028.out
#        --map
#        C:\Users\momo\Desktop\资料备份\nRF5_SDK_12.3.0_d7731ad\examples\peripheral\uart\pca10028\blank\iar\_build\uart_pca10028.map
#        --config
#        C:\Users\momo\Desktop\资料备份\nRF5_SDK_12.3.0_d7731ad\examples\peripheral\uart\pca10028\blank\iar\uart_iar_nRF5x.icf
#        --warnings_are_errors --entry __iar_program_start --inline --vfe
#
###############################################################################

*******************************************************************************
*** RUNTIME MODEL ATTRIBUTES
***

CppFlavor                     = *
__Heap_Handler                = Basic
__SystemLibrary               = DLib
__dlib_dynamic_initialization = normal


*******************************************************************************
*** PLACEMENT SUMMARY
***

"A1":  place at 0x00000000 { ro section .intvec };
"P1":  place in [from 0x00000000 to 0x0003ffff] { ro };
"P2":  place in [from 0x20000000 to 0x20007fff] { rw, block CSTACK, block HEAP };

  Section             Kind        Address    Size  Object
  -------             ----        -------    ----  ------
"A1":                                        0xc0
  .intvec             ro code  0x00000000    0xc0  iar_startup_nrf51.o [1]
                             - 0x000000c0    0xc0

"P1":                                      0x2f01
  .text               ro code  0x000000c0  0x12d6  xprintffull.o [3]
  .text               ro code  0x00001396    0x1c  xmbtowc.o [3]
  .text               ro code  0x000013b2    0x14  strchr.o [5]
  .text               ro code  0x000013c6    0x10  strlen.o [5]
  .text               ro code  0x000013d6    0x18  memchr.o [5]
  .text               ro code  0x000013ee     0xa  xmbcurmax.o [3]
  .text               ro code  0x000013f8    0xb8  xxmemxmalloc.o [3]
  .text               ro code  0x000014b0    0x18  xwctomb.o [3]
  .text               ro code  0x000014c8    0x5c  ABImemcpy.o [5]
  .text               ro code  0x00001524    0x88  xxmemxfree.o [3]
  .text               ro code  0x000015ac    0x6a  I64DivMod.o [5]
  .text               ro code  0x00001616    0x44  xdnorm.o [4]
  .text               ro code  0x0000165a    0x32  DblCmpLe.o [4]
  .text               ro code  0x0000168c    0x32  DblCmpGe.o [4]
  .text               ro code  0x000016be     0x2  iar_startup_nrf51.o [1]
  .text               ro code  0x000016c0   0x11c  xdscale.o [4]
  .text               ro code  0x000017dc    0x52  DblToI32.o [4]
  .text               ro code  0x0000182e     0x2  iar_startup_nrf51.o [1]
  .text               ro code  0x00001830    0x34  I32ToDbl.o [4]
  .text               ro code  0x00001864   0x1a8  DblAddSub.o [4]
  .text               ro code  0x00001a0c    0xe0  I32DivModFast.o [5]
  .text               ro code  0x00001aec   0x184  DblMul.o [4]
  .text               ro code  0x00001c70    0xc2  DblDiv.o [4]
  .text               ro code  0x00001d32     0x2  iar_startup_nrf51.o [1]
  .text               ro code  0x00001d34    0x68  localeconv.o [3]
  .text               ro code  0x00001d9c    0x20  div.o [3]
  .text               ro code  0x00001dbc    0x14  setlocale.o [3]
  .text               ro code  0x00001dd0    0x50  xencoding_sb.o [3]
  .text               ro code  0x00001e20    0x2c  xgetmemchunk.o [3]
  .text               ro code  0x00001e4c   0x54c  nrf_drv_uart.o [1]
  .text               ro code  0x00002398    0x54  nrf_drv_common.o [1]
  .text               ro code  0x000023ec   0x1ec  app_uart_fifo.o [1]
  .text               ro code  0x000025d8    0x94  app_fifo.o [1]
  .text               ro code  0x0000266c    0x20  app_error.o [1]
  .text               ro code  0x0000268c    0x34  ABImemset.o [5]
  .text               ro code  0x000026c0    0x1c  app_error_weak.o [1]
  .text               ro code  0x000026dc    0xdc  xfspos.o [3]
  .text               ro code  0x000027b8    0xb4  fflush.o [3]
  .text               ro code  0x0000286c     0xc  xfgpos.o [3]
  .text               ro code  0x00002878    0x10  errno.o [3]
  .text               ro code  0x00002888    0x1c  retarget.o [1]
  .text               ro code  0x000028a4    0xc4  system_nrf51.o [1]
  .text               ro code  0x00002968    0xc0  xfwprep.o [3]
  .text               ro code  0x00002a28    0x22  fseek.o [3]
  .text               ro code  0x00002a4a     0x2  iar_startup_nrf51.o [1]
  .text               ro code  0x00002a4c    0xb4  main.o [1]
  .text               ro code  0x00002b00    0x88  boards.o [1]
  .text               ro code  0x00002b88    0x24  printf.o [3]
  .text               ro code  0x00002bac    0x98  xfofind.o [3]
  .text               ro code  0x00002c44    0x7e  fclose.o [3]
  .text               ro code  0x00002cc2     0x2  iar_startup_nrf51.o [1]
  .text               ro code  0x00002cc4    0x68  xcloseall.o [3]
  .text               ro code  0x00002d2c    0x56  fputc.o [3]
  .text               ro code  0x00002d82    0x3c  zero_init3.o [5]
  .text               ro code  0x00002dbe    0x3c  packbits_init_single.o [5]
  .text               ro code  0x00002dfa     0x2  iar_startup_nrf51.o [1]
  .text               ro code  0x00002dfc    0x2c  iar_startup_nrf51.o [1]
  .rodata             const    0x00002e28    0x28  xprintffull.o [3]
  .text               ro code  0x00002e50    0x28  data_init.o [5]
  .iar.init_table     const    0x00002e78    0x20  - Linker created -
  .text               ro code  0x00002e98    0x1a  cmain.o [5]
  .text               ro code  0x00002eb2     0x8  exit.o [3]
  .text               ro code  0x00002eba     0x2  iar_startup_nrf51.o [1]
  .text               ro code  0x00002ebc     0xe  cexit.o [5]
  .text               ro code  0x00002eca     0x2  iar_startup_nrf51.o [1]
  .text               ro code  0x00002ecc     0xc  XXexit.o [5]
  .text               ro code  0x00002ed8    0x16  xprout.o [3]
  .text               ro code  0x00002eee     0x2  iar_startup_nrf51.o [1]
  .text               ro code  0x00002ef0    0x10  putchar.o [3]
  .text               ro code  0x00002f00     0xc  cstartup_M.o [5]
  .text               ro code  0x00002f0c     0x2  iar_startup_nrf51.o [1]
  .text               ro code  0x00002f0e     0x2  iar_startup_nrf51.o [1]
  .text               ro code  0x00002f10     0x2  iar_startup_nrf51.o [1]
  .text               ro code  0x00002f12     0x2  iar_startup_nrf51.o [1]
  .text               ro code  0x00002f14     0x2  iar_startup_nrf51.o [1]
  .text               ro code  0x00002f16     0x2  iar_startup_nrf51.o [1]
  .text               ro code  0x00002f18     0x2  iar_startup_nrf51.o [1]
  .text               ro code  0x00002f1a     0x2  iar_startup_nrf51.o [1]
  .text               ro code  0x00002f1c     0x2  iar_startup_nrf51.o [1]
  .text               ro code  0x00002f1e     0x2  iar_startup_nrf51.o [1]
  .text               ro code  0x00002f20     0x2  iar_startup_nrf51.o [1]
  .text               ro code  0x00002f22     0x2  iar_startup_nrf51.o [1]
  .text               ro code  0x00002f24     0x2  iar_startup_nrf51.o [1]
  .text               ro code  0x00002f26     0x2  iar_startup_nrf51.o [1]
  .text               ro code  0x00002f28     0x2  iar_startup_nrf51.o [1]
  .text               ro code  0x00002f2a     0x2  iar_startup_nrf51.o [1]
  .text               ro code  0x00002f2c     0x2  iar_startup_nrf51.o [1]
  .text               ro code  0x00002f2e     0x2  iar_startup_nrf51.o [1]
  .text               ro code  0x00002f30     0x2  iar_startup_nrf51.o [1]
  .text               ro code  0x00002f32     0x2  iar_startup_nrf51.o [1]
  .text               ro code  0x00002f34     0x0  cstart_closeall.o [5]
  .rodata             const    0x00002f34     0x0  zero_init3.o [5]
  .rodata             const    0x00002f34     0x0  packbits_init_single.o [5]
  Initializer bytes   const    0x00002f34    0x8d  <for P2-1>
                             - 0x00002fc1  0x2f01

"P2", part 1 of 3:                          0x218
  P2-1                         0x20000000   0x218  <Init block>
    .data             inited   0x20000000    0x34  app_uart_fifo.o [1]
    .data             inited   0x20000034     0x4  system_nrf51.o [1]
    .data             inited   0x20000038    0x40  xfiles.o [3]
    .data             inited   0x20000078    0x40  xfiles.o [3]
    .data             inited   0x200000b8    0x40  xfiles.o [3]
    .data             inited   0x200000f8    0x20  xfiles.o [3]
    __DLIB_PERTHREAD  inited   0x20000118    0x88  localeconv.o [3]
    __DLIB_PERTHREAD  inited   0x200001a0    0x74  setlocale.o [3]
    __DLIB_PERTHREAD  inited   0x20000214     0x4  errno.o [3]
                             - 0x20000218   0x218

"P2", part 2 of 3:                          0xa00
  CSTACK                       0x20000218   0x800  <Block>
    CSTACK            uninit   0x20000218   0x800  <Block tail>
  HEAP                         0x20000a18   0x200  <Block>
    HEAP              uninit   0x20000a18   0x200  <Block tail>
                             - 0x20000c18   0xa00

"P2", part 3 of 3:                          0x2c8
  .bss                zero     0x20000c18   0x200  main.o [1]
  .bss                zero     0x20000e18    0x50  xfiles.o [3]
  .bss                zero     0x20000e68    0x50  xfiles.o [3]
  .bss                zero     0x20000eb8    0x1c  nrf_drv_uart.o [1]
  .bss                zero     0x20000ed4     0x8  xxmemxmalloc.o [3]
  .bss                zero     0x20000edc     0x4  xgetmemchunk.o [3]
                             - 0x20000ee0   0x2c8


*******************************************************************************
*** INIT TABLE
***

          Address     Size
          -------     ----
Zero (__iar_zero_init3)
    1 destination range, total size 0x2c8:
          0x20000c18  0x2c8

Copy/packbits (__iar_packbits_init_single3)
    1 source range, total size 0x8d (26% of destination):
          0x00002f34   0x8d
    1 destination range, total size 0x218:
          0x20000000  0x218



*******************************************************************************
*** MODULE SUMMARY
***

    Module                  ro code  ro data  rw data
    ------                  -------  -------  -------
C:\Users\momo\Desktop\资料备份\nRF5_SDK_12.3.0_d7731ad\examples\peripheral\uart\pca10028\blank\iar\_build: [1]
    app_error.o                  32
    app_error_weak.o             28
    app_fifo.o                  148
    app_uart_fifo.o             492       13       52
    boards.o                    136
    iar_startup_nrf51.o         294
    main.o                      180               512
    nrf_drv_common.o             84
    nrf_drv_uart.o            1 356                28
    retarget.o                   28
    system_nrf51.o              196        1        4
    -------------------------------------------------
    Total:                    2 974       14      596

command line: [2]
    -------------------------------------------------
    Total:

dl6M_tlf.a: [3]
    div.o                        32
    errno.o                      16        2        4
    exit.o                        8
    fclose.o                    126
    fflush.o                    180
    fputc.o                      86
    fseek.o                      34
    localeconv.o                104       36      136
    printf.o                     36
    putchar.o                    16
    setlocale.o                  20       30      116
    xcloseall.o                 104
    xencoding_sb.o               80
    xfgpos.o                     12
    xfiles.o                              59      384
    xfofind.o                   152
    xfspos.o                    220
    xfwprep.o                   192
    xgetmemchunk.o               44                 4
    xmbcurmax.o                  10
    xmbtowc.o                    28
    xprintffull.o             4 822       40
    xprout.o                     22
    xwctomb.o                    24
    xxmemxfree.o                136
    xxmemxmalloc.o              184                 8
    -------------------------------------------------
    Total:                    6 688      167      652

m6M_tl.a: [4]
    DblAddSub.o                 424
    DblCmpGe.o                   50
    DblCmpLe.o                   50
    DblDiv.o                    194
    DblMul.o                    388
    DblToI32.o                   82
    I32ToDbl.o                   52
    xdnorm.o                     68
    xdscale.o                   284
    -------------------------------------------------
    Total:                    1 592

rt6M_tl.a: [5]
    ABImemcpy.o                  92
    ABImemset.o                  52
    I32DivModFast.o             224
    I64DivMod.o                 106
    XXexit.o                     12
    cexit.o                      14
    cmain.o                      26
    cstart_closeall.o
    cstartup_M.o                 12
    data_init.o                  40
    memchr.o                     24
    packbits_init_single.o       60
    strchr.o                     20
    strlen.o                     16
    zero_init3.o                 60
    -------------------------------------------------
    Total:                      758

    Linker created                        32    2 560
-----------------------------------------------------
    Grand Total:             12 012      213    3 808


*******************************************************************************
*** ENTRY LIST
***

Entry                      Address   Size  Type      Object
-----                      -------   ----  ----      ------
.iar.init_table$$Base   0x00002e78          --   Gb  - Linker created -
.iar.init_table$$Limit  0x00002e98          --   Gb  - Linker created -
?main                   0x00002e99         Code  Gb  cmain.o [5]
CSTACK$$Base            0x20000218          --   Gb  - Linker created -
CSTACK$$Limit           0x20000a18          --   Gb  - Linker created -
HEAP$$Base              0x20000a18          --   Gb  - Linker created -
HEAP$$Limit             0x20000c18          --   Gb  - Linker created -
LoadInt                 0x00000737   0x68  Code  Lc  xprintffull.o [3]
Region$$Table$$Base     0x00002e78          --   Gb  - Linker created -
Region$$Table$$Limit    0x00002e98          --   Gb  - Linker created -
SystemCoreClock         0x20000034    0x4  Data  Gb  system_nrf51.o [1]
SystemInit              0x000028a5   0xa6  Code  Gb  system_nrf51.o [1]
UART0_IRQHandler        0x00002381    0xc  Code  Gb  nrf_drv_uart.o [1]
_Close_all              0x00002cc5   0x68  Code  Gb  xcloseall.o [3]
_EncodingSb_Mbtowc      0x00001de5   0x2c  Code  Gb  xencoding_sb.o [3]
_EncodingSb_Wctomb      0x00001dd1   0x14  Code  Gb  xencoding_sb.o [3]
_Files                  0x200000f8   0x20  Data  Gb  xfiles.o [3]
_Fofree                 0x00002bad   0x90  Code  Gb  xfofind.o [3]
_Fspos                  0x000026dd   0xdc  Code  Gb  xfspos.o [3]
_Fwprep                 0x00002969   0xc0  Code  Gb  xfwprep.o [3]
_GenldFull              0x00001091  0x2d2  Code  Lc  xprintffull.o [3]
_IsdstStr               0x200001a4    0x4  Data  Gb  setlocale.o [3]
_LdtobFull              0x00000bf9  0x484  Code  Lc  xprintffull.o [3]
_LitobFull              0x00000ac5  0x12e  Code  Lc  xprintffull.o [3]
_LocaleEncoding         0x00001dbd    0xc  Code  Gb  setlocale.o [3]
_LocaleReturnString     0x200001c4   0x50  Data  Lc  setlocale.o [3]
_Locale_Profile         0x200001a8   0x1c  Data  Gb  setlocale.o [3]
_Locale_aeabi_lconv     0x20000168   0x38  Data  Gb  localeconv.o [3]
_Locale_lconv           0x20000118   0x50  Data  Gb  localeconv.o [3]
_Mbtowc                 0x00001397   0x1c  Code  Gb  xmbtowc.o [3]
_Nnl                    0x0000286d    0xc  Code  Gb  xfgpos.o [3]
_PrintfFull             0x000000c1  0x676  Code  Gb  xprintffull.o [3]
_Prout                  0x00002ed9   0x16  Code  Gb  xprout.o [3]
_PutcharsFull           0x00001367   0x30  Code  Lc  xprintffull.o [3]
_PutstrFull             0x000007a1  0x324  Code  Lc  xprintffull.o [3]
_TzoneStr               0x200001a0    0x4  Data  Gb  setlocale.o [3]
_Wctomb                 0x000014b1   0x18  Code  Gb  xwctomb.o [3]
__ICFEDIT_region_RAM_end__ {Abs}
                        0x20007fff          --   Gb  command line/config [2]
__ICFEDIT_region_RAM_start__ {Abs}
                        0x20000000          --   Gb  command line/config [2]
__Vectors               0x00000000          --   Gb  iar_startup_nrf51.o [1]
__Vectors_End           0x000000c0         Data  Gb  iar_startup_nrf51.o [1]
__Vectors_Size {Abs}    0x000000c0          --   Gb  iar_startup_nrf51.o [1]
__aeabi_cdcmple         0x0000165b         Code  Gb  DblCmpLe.o [4]
__aeabi_cdrcmple        0x0000168d         Code  Gb  DblCmpGe.o [4]
__aeabi_d2iz            0x000017dd         Code  Gb  DblToI32.o [4]
__aeabi_d2uiz           0x00001801         Code  Gb  DblToI32.o [4]
__aeabi_ddiv            0x00001c71         Code  Gb  DblDiv.o [4]
__aeabi_dmul            0x00001aed         Code  Gb  DblMul.o [4]
__aeabi_dsub            0x0000191f         Code  Gb  DblAddSub.o [4]
__aeabi_errno_addr      0x00002879    0xa  Code  Gb  errno.o [3]
__aeabi_i2d             0x00001831         Code  Gb  I32ToDbl.o [4]
__aeabi_idiv            0x00001a39         Code  Gb  I32DivModFast.o [5]
__aeabi_idivmod         0x00001a39         Code  Gb  I32DivModFast.o [5]
__aeabi_memclr4         0x000026bd         Code  Gb  ABImemset.o [5]
__aeabi_memclr8         0x000026bd         Code  Gb  ABImemset.o [5]
__aeabi_memcpy          0x000014c9         Code  Gb  ABImemcpy.o [5]
__aeabi_memcpy4         0x000014f1         Code  Wk  ABImemcpy.o [5]
__aeabi_ui2d            0x00001845         Code  Gb  I32ToDbl.o [4]
__aeabi_uidiv           0x00001a3f         Code  Gb  I32DivModFast.o [5]
__aeabi_uidivmod        0x00001a3f         Code  Gb  I32DivModFast.o [5]
__aeabi_uldivmod        0x000015ad         Code  Gb  I64DivMod.o [5]
__cexit_closeall        0x00002ebf         Code  Gb  cexit.o [5]
__cmain                 0x00002e99         Code  Gb  cmain.o [5]
__cstart_closeall       0x00002f34         Data  Gb  cstart_closeall.o [5]
__data_Aldata           0x20000ed4    0x8  Data  Gb  xxmemxmalloc.o [3]
__data_GetMemChunk      0x00001e21   0x2c  Code  Gb  xgetmemchunk.o [3]
__exit                  0x00002ecd         Code  Gb  XXexit.o [5]
__iar_Dnorm             0x00001617   0x44  Code  Gb  xdnorm.o [4]
__iar_Dscale            0x000016c1  0x11c  Code  Gb  xdscale.o [4]
__iar_Errno             0x20000214    0x4  Data  Gb  errno.o [3]
__iar_Locale_lconv_init
                        0x00001d35   0x32  Code  Gb  localeconv.o [3]
__iar_Mbcurmax          0x000013ef    0xa  Code  Gb  xmbcurmax.o [3]
__iar_Memchr            0x000013d7   0x18  Code  Gb  memchr.o [5]
__iar_Memset4_word      0x0000268d         Code  Gb  ABImemset.o [5]
__iar_Stderr            0x200000b8   0x40  Data  Gb  xfiles.o [3]
__iar_Stdin             0x20000038   0x40  Data  Gb  xfiles.o [3]
__iar_Stdout            0x20000078   0x40  Data  Gb  xfiles.o [3]
__iar_Strchr            0x000013b3   0x14  Code  Gb  strchr.o [5]
__iar_d2uiz             0x00001805         Code  Gb  DblToI32.o [4]
__iar_data_init3        0x00002e51   0x28  Code  Gb  data_init.o [5]
__iar_packbits_init_single3
                        0x00002dbf   0x3c  Code  Gb  packbits_init_single.o [5]
__iar_program_start     0x00002f01         Code  Gb  cstartup_M.o [5]
__iar_ui2d              0x00001849         Code  Gb  I32ToDbl.o [4]
__iar_zero_init3        0x00002d83   0x3c  Code  Gb  zero_init3.o [5]
__vector_table          0x00000000         Data  Gb  iar_startup_nrf51.o [1]
__write                 0x00002889   0x1c  Code  Gb  retarget.o [1]
_call_main              0x00002ea5         Code  Gb  cmain.o [5]
_exit                   0x00002ebd         Code  Gb  cexit.o [5]
_main                   0x00002eaf         Code  Gb  cmain.o [5]
app_error_fault_handler
                        0x000026c1   0x1c  Code  Wk  app_error_weak.o [1]
app_error_handler_bare  0x0000266d   0x1c  Code  Gb  app_error.o [1]
app_fifo_get            0x00002657   0x16  Code  Gb  app_fifo.o [1]
app_fifo_init           0x00002613   0x2a  Code  Gb  app_fifo.o [1]
app_fifo_put            0x0000263d   0x1a  Code  Gb  app_fifo.o [1]
app_uart_get            0x0000253b   0x32  Code  Gb  app_uart_fifo.o [1]
app_uart_init           0x00002491   0xaa  Code  Gb  app_uart_fifo.o [1]
app_uart_inst           0x2000001c    0x8  Data  Lc  app_uart_fifo.o [1]
app_uart_put            0x0000256d   0x42  Code  Gb  app_uart_fifo.o [1]
apply_config            0x00001ec1   0x76  Code  Lc  nrf_drv_uart.o [1]
bsp_board_led_off       0x00002b31    0x4  Code  Gb  boards.o [1]
bsp_board_leds_init     0x00002b59   0x28  Code  Gb  boards.o [1]
bsp_board_leds_off      0x00002b3f   0x12  Code  Gb  boards.o [1]
div                     0x00001d9d   0x20  Code  Gb  div.o [3]
ebuf                    0x20000e18   0x50  Data  Lc  xfiles.o [3]
exit                    0x00002eb3    0x8  Code  Gb  exit.o [3]
fclose                  0x00002c45   0x7e  Code  Gb  fclose.o [3]
fflush                  0x0000282d   0x38  Code  Gb  fflush.o [3]
fflushOne               0x000027b9   0x74  Code  Lc  fflush.o [3]
fifo_get                0x000025ff   0x14  Code  Lc  app_fifo.o [1]
fifo_peek               0x000025ed   0x12  Code  Lc  app_fifo.o [1]
fifo_put                0x000025d9   0x14  Code  Lc  app_fifo.o [1]
fputc                   0x00002d2d   0x56  Code  Gb  fputc.o [3]
free                    0x00001525   0x82  Code  Gb  xxmemxfree.o [3]
fseek                   0x00002a29   0x22  Code  Gb  fseek.o [3]
interrupts_enable       0x00001f37   0x22  Code  Lc  nrf_drv_uart.o [1]
localeconv              0x00001d67   0x18  Code  Gb  localeconv.o [3]
m_board_led_list        0x00002b80    0x8  Data  Lc  boards.o [1]
m_cb                    0x20000eb8   0x1c  Data  Lc  nrf_drv_uart.o [1]
m_event_handler         0x20000014    0x4  Data  Lc  app_uart_fifo.o [1]
m_rx_fifo               0x20000004   0x10  Data  Lc  app_uart_fifo.o [1]
m_rx_ovf                0x20000000    0x1  Data  Lc  app_uart_fifo.o [1]
m_tx_fifo               0x20000024   0x10  Data  Lc  app_uart_fifo.o [1]
main                    0x00002a61   0x68  Code  Gb  main.o [1]
malloc                  0x000013f9   0xb2  Code  Gb  xxmemxmalloc.o [3]
nrf_drv_common_irq_enable
                        0x00002399   0x54  Code  Gb  nrf_drv_common.o [1]
nrf_drv_uart_init       0x00001f59   0x52  Code  Gb  nrf_drv_uart.o [1]
nrf_drv_uart_rx         0x0000218d   0x5e  Code  Gb  nrf_drv_uart.o [1]
nrf_drv_uart_rx_enable  0x000021ed   0x28  Code  Gb  nrf_drv_uart.o [1]
nrf_drv_uart_rx_for_uart
                        0x000020dd   0xaa  Code  Lc  nrf_drv_uart.o [1]
nrf_drv_uart_tx         0x00002049   0x2e  Code  Gb  nrf_drv_uart.o [1]
nrf_drv_uart_tx_for_uart
                        0x00001fc5   0x84  Code  Lc  nrf_drv_uart.o [1]
nrf_drv_uart_tx_in_progress
                        0x00002077   0x14  Code  Gb  nrf_drv_uart.o [1]
nrf_gpio_cfg            0x00002b01   0x1c  Code  Lc  boards.o [1]
nrf_gpio_cfg            0x00001e7b   0x1c  Code  Lc  nrf_drv_uart.o [1]
nrf_gpio_cfg_input      0x00001ead   0x14  Code  Lc  nrf_drv_uart.o [1]
nrf_gpio_cfg_output     0x00001e97   0x16  Code  Lc  nrf_drv_uart.o [1]
nrf_gpio_pin_write      0x00002b1d   0x12  Code  Lc  boards.o [1]
nrf_uart_event_check    0x00001e4d    0x6  Code  Lc  nrf_drv_uart.o [1]
nrf_uart_hwfc_pins_set  0x00001e6f    0xc  Code  Lc  nrf_drv_uart.o [1]
nrf_uart_int_enable_check
                        0x00001e53    0xa  Code  Lc  nrf_drv_uart.o [1]
nrf_uart_txrx_pins_set  0x00001e65    0xa  Code  Lc  nrf_drv_uart.o [1]
obuf                    0x20000e68   0x50  Data  Lc  xfiles.o [3]
printf                  0x00002b89   0x24  Code  Gb  printf.o [3]
putchar                 0x00002ef1   0x10  Code  Gb  putchar.o [3]
rx_buffer               0x20000019    0x1  Data  Lc  app_uart_fifo.o [1]
rx_byte                 0x000020b1   0x2c  Code  Lc  nrf_drv_uart.o [1]
rx_done_event           0x00002219   0x16  Code  Lc  nrf_drv_uart.o [1]
rx_enable               0x0000209d   0x14  Code  Lc  nrf_drv_uart.o [1]
strlen                  0x000013c7   0x10  Code  Gb  strlen.o [5]
tx_buffer               0x20000018    0x1  Data  Lc  app_uart_fifo.o [1]
tx_byte                 0x00001fab   0x1a  Code  Lc  nrf_drv_uart.o [1]
tx_done_event           0x0000222f   0x20  Code  Lc  nrf_drv_uart.o [1]
uart_error_handle       0x00002a4d   0x14  Code  Gb  main.o [1]
uart_event_handler      0x000023ed   0xa4  Code  Lc  app_uart_fifo.o [1]
uart_irq_handler        0x00002255  0x12c  Code  Lc  nrf_drv_uart.o [1]


[1] = C:\Users\momo\Desktop\资料备份\nRF5_SDK_12.3.0_d7731ad\examples\peripheral\uart\pca10028\blank\iar\_build
[2] = command line
[3] = dl6M_tlf.a
[4] = m6M_tl.a
[5] = rt6M_tl.a

  12 012 bytes of readonly  code memory
     213 bytes of readonly  data memory
   3 808 bytes of readwrite data memory

Errors: none
Warnings: none
