Component: ARM Compiler 5.06 update 5 (build 528) Tool: armlink [4d35e2]

==============================================================================

Section Cross References

    main.o(i.advertising_start) refers to ble_advertising.o(i.ble_advertising_start) for ble_advertising_start
    main.o(i.advertising_start) refers to app_error.o(i.app_error_handler_bare) for app_error_handler_bare
    main.o(i.application_timers_start) refers to app_timer.o(i.app_timer_start) for app_timer_start
    main.o(i.application_timers_start) refers to app_error.o(i.app_error_handler_bare) for app_error_handler_bare
    main.o(i.application_timers_start) refers to main.o(.constdata) for .constdata
    main.o(i.assert_nrf_callback) refers to app_error.o(i.app_error_handler) for app_error_handler
    main.o(i.battery_level_meas_timeout_handler) refers to sensorsim.o(i.sensorsim_measure) for sensorsim_measure
    main.o(i.battery_level_meas_timeout_handler) refers to ble_bas.o(i.ble_bas_battery_level_update) for ble_bas_battery_level_update
    main.o(i.battery_level_meas_timeout_handler) refers to app_error.o(i.app_error_handler_bare) for app_error_handler_bare
    main.o(i.battery_level_meas_timeout_handler) refers to main.o(.bss) for .bss
    main.o(i.battery_level_meas_timeout_handler) refers to main.o(.data) for .data
    main.o(i.ble_evt_dispatch) refers to ble_conn_state.o(i.ble_conn_state_on_ble_evt) for ble_conn_state_on_ble_evt
    main.o(i.ble_evt_dispatch) refers to peer_manager.o(i.pm_on_ble_evt) for pm_on_ble_evt
    main.o(i.ble_evt_dispatch) refers to ble_hrs.o(i.ble_hrs_on_ble_evt) for ble_hrs_on_ble_evt
    main.o(i.ble_evt_dispatch) refers to ble_bas.o(i.ble_bas_on_ble_evt) for ble_bas_on_ble_evt
    main.o(i.ble_evt_dispatch) refers to ble_conn_params.o(i.ble_conn_params_on_ble_evt) for ble_conn_params_on_ble_evt
    main.o(i.ble_evt_dispatch) refers to bsp_btn_ble.o(i.bsp_btn_ble_on_ble_evt) for bsp_btn_ble_on_ble_evt
    main.o(i.ble_evt_dispatch) refers to main.o(i.on_ble_evt) for on_ble_evt
    main.o(i.ble_evt_dispatch) refers to ble_advertising.o(i.ble_advertising_on_ble_evt) for ble_advertising_on_ble_evt
    main.o(i.ble_evt_dispatch) refers to nrf_ble_gatt.o(i.nrf_ble_gatt_on_ble_evt) for nrf_ble_gatt_on_ble_evt
    main.o(i.ble_evt_dispatch) refers to main.o(.bss) for .bss
    main.o(i.ble_stack_init) refers to softdevice_handler.o(i.softdevice_handler_init) for softdevice_handler_init
    main.o(i.ble_stack_init) refers to app_error.o(i.app_error_handler_bare) for app_error_handler_bare
    main.o(i.ble_stack_init) refers to softdevice_handler.o(i.softdevice_enable_get_default_config) for softdevice_enable_get_default_config
    main.o(i.ble_stack_init) refers to softdevice_handler.o(i.softdevice_enable) for softdevice_enable
    main.o(i.ble_stack_init) refers to softdevice_handler.o(i.softdevice_ble_evt_handler_set) for softdevice_ble_evt_handler_set
    main.o(i.ble_stack_init) refers to softdevice_handler.o(i.softdevice_sys_evt_handler_set) for softdevice_sys_evt_handler_set
    main.o(i.ble_stack_init) refers to main.o(.constdata) for .constdata
    main.o(i.ble_stack_init) refers to main.o(.bss) for .bss
    main.o(i.ble_stack_init) refers to main.o(i.ble_evt_dispatch) for ble_evt_dispatch
    main.o(i.ble_stack_init) refers to main.o(i.sys_evt_dispatch) for sys_evt_dispatch
    main.o(i.bsp_event_handler) refers to main.o(i.sleep_mode_enter) for sleep_mode_enter
    main.o(i.bsp_event_handler) refers to app_error.o(i.app_error_handler_bare) for app_error_handler_bare
    main.o(i.bsp_event_handler) refers to ble_advertising.o(i.ble_advertising_restart_without_whitelist) for ble_advertising_restart_without_whitelist
    main.o(i.bsp_event_handler) refers to main.o(.data) for .data
    main.o(i.conn_params_error_handler) refers to app_error.o(i.app_error_handler_bare) for app_error_handler_bare
    main.o(i.gap_params_init) refers to app_error.o(i.app_error_handler_bare) for app_error_handler_bare
    main.o(i.gatt_evt_handler) refers to ble_hrs.o(i.ble_hrs_on_gatt_evt) for ble_hrs_on_gatt_evt
    main.o(i.gatt_evt_handler) refers to main.o(.bss) for .bss
    main.o(i.gatt_init) refers to nrf_ble_gatt.o(i.nrf_ble_gatt_init) for nrf_ble_gatt_init
    main.o(i.gatt_init) refers to app_error.o(i.app_error_handler_bare) for app_error_handler_bare
    main.o(i.gatt_init) refers to main.o(i.gatt_evt_handler) for gatt_evt_handler
    main.o(i.gatt_init) refers to main.o(.bss) for .bss
    main.o(i.heart_rate_meas_timeout_handler) refers to sensorsim.o(i.sensorsim_measure) for sensorsim_measure
    main.o(i.heart_rate_meas_timeout_handler) refers to ble_hrs.o(i.ble_hrs_heart_rate_measurement_send) for ble_hrs_heart_rate_measurement_send
    main.o(i.heart_rate_meas_timeout_handler) refers to app_error.o(i.app_error_handler_bare) for app_error_handler_bare
    main.o(i.heart_rate_meas_timeout_handler) refers to uidiv.o(.text) for __aeabi_uidivmod
[...]
    m_gatt                                   0x200023d8   Data          16  main.o(.bss)
    m_battery_sim_cfg                        0x200023e8   Data          16  main.o(.bss)
    m_heart_rate_sim_cfg                     0x200023f8   Data          16  main.o(.bss)
    m_rr_interval_sim_cfg                    0x20002408   Data          16  main.o(.bss)
    .bss                                     0x20002418   Section       32  bsp.o(.bss)
    m_leds_timer_id_data                     0x20002418   Data          32  bsp.o(.bss)
    .bss                                     0x20002438   Section       32  bsp.o(.bss)
    m_alert_timer_id_data                    0x20002438   Data          32  bsp.o(.bss)
    .bss                                     0x20002458   Section       12  bsp.o(.bss)
    m_events_list                            0x20002458   Data          12  bsp.o(.bss)
    .bss                                     0x20002464   Section       32  bsp.o(.bss)
    m_button_timer_id_data                   0x20002464   Data          32  bsp.o(.bss)
    .bss                                     0x20002484   Section      363  ble_advertising.o(.bss)
    m_adv_modes_config                       0x20002484   Data          32  ble_advertising.o(.bss)
    m_advdata                                0x200024a4   Data          60  ble_advertising.o(.bss)
    m_manuf_specific_data                    0x200024e0   Data          12  ble_advertising.o(.bss)
    m_manuf_data_array                       0x200024ec   Data          31  ble_advertising.o(.bss)
    m_service_data                           0x2000250c   Data          12  ble_advertising.o(.bss)
    m_service_data_array                     0x20002518   Data          31  ble_advertising.o(.bss)
    m_whitelist_addrs                        0x20002537   Data          56  ble_advertising.o(.bss)
    m_whitelist_irks                         0x2000256f   Data         128  ble_advertising.o(.bss)
    .bss                                     0x200025f0   Section       32  ble_advertising.o(.bss)
    m_p_whitelist_addrs                      0x200025f0   Data          32  ble_advertising.o(.bss)
    .bss                                     0x20002610   Section       32  ble_advertising.o(.bss)
    m_p_whitelist_irks                       0x20002610   Data          32  ble_advertising.o(.bss)
    .bss                                     0x20002630   Section       32  ble_conn_params.o(.bss)
    m_conn_params_timer_id_data              0x20002630   Data          32  ble_conn_params.o(.bss)
    .bss                                     0x20002650   Section       28  ble_conn_params.o(.bss)
    m_conn_params_config                     0x20002650   Data          28  ble_conn_params.o(.bss)
    .bss                                     0x2000266c   Section       52  ble_conn_state.o(.bss)
    m_bcs                                    0x2000266c   Data          52  ble_conn_state.o(.bss)
    .bss                                     0x200026a0   Section      112  id_manager.o(.bss)
    m_connections                            0x200026a0   Data          96  id_manager.o(.bss)
    m_wlisted_peers                          0x20002700   Data          16  id_manager.o(.bss)
    .bss                                     0x20002710   Section      816  peer_database.o(.bss)
    buffer_memory                            0x20002710   Data         640  peer_database.o(.bss)
    m_write_buffer                           0x20002990   Data          16  peer_database.o(.bss)
    m_write_buffer_records                   0x200029a0   Data         160  peer_database.o(.bss)
    .bss                                     0x20002a40   Section       64  peer_id.o(.bss)
    m_pi                                     0x20002a40   Data          64  peer_id.o(.bss)
    .bss                                     0x20002a80   Section       12  peer_manager.o(.bss)
    m_evt_handlers                           0x20002a80   Data          12  peer_manager.o(.bss)
    .bss                                     0x20002a8c   Section       64  security_dispatcher.o(.bss)
    m_peer_pk                                0x20002a8c   Data          64  security_dispatcher.o(.bss)
    .bss                                     0x20002acc   Section       20  nrf_drv_clock.o(.bss)
    m_clock_cb                               0x20002acc   Data          20  nrf_drv_clock.o(.bss)
    .bss                                     0x20002ae0   Section       72  nrf_drv_gpiote.o(.bss)
    m_cb                                     0x20002ae0   Data          72  nrf_drv_gpiote.o(.bss)
    .bss                                     0x20002b28   Section       28  nrf_drv_uart.o(.bss)
    m_cb                                     0x20002b28   Data          28  nrf_drv_uart.o(.bss)
    .bss                                     0x20002b44   Section      284  fds.o(.bss)
    desc                                     0x20002b44   Data          12  fds.o(.bss)
    m_cb_table                               0x20002b50   Data          32  fds.o(.bss)
    m_op_queue                               0x20002b70   Data         120  fds.o(.bss)
    m_chunk_queue                            0x20002be8   Data          72  fds.o(.bss)
    m_pages                                  0x20002c30   Data          32  fds.o(.bss)
    m_gc                                     0x20002c50   Data          16  fds.o(.bss)
    .bss                                     0x20002c60   Section      104  fstorage.o(.bss)
    m_queue                                  0x20002c60   Data         104  fstorage.o(.bss)
    STACK                                    0x20002cc8   Section     2048  arm_startup_nrf51.o(STACK)

    Global Symbols

    Symbol Name                              Value     Ov Type        Size  Object(Section)

    BuildAttributes$$THM_ISAv3M$S$PE$A:L22$X:L11$S22$IEEE1$IW$USESV6$~STKCKD$USESV7$~SHL$OSPACE$EBA8$MICROLIB$REQ8$PRES8$EABIv2 0x00000000   Number         0  anon$$obj.o ABSOLUTE
    __ARM_use_no_argv                        0x00000000   Number         0  main.o ABSOLUTE
    __cpp_initialize__aeabi_                  - Undefined Weak Reference
    __cxa_finalize                            - Undefined Weak Reference
    _clock_init                               - Undefined Weak Reference
    _microlib_exit                            - Undefined Weak Reference
    __Vectors_Size                           0x000000c0   Number         0  arm_startup_nrf51.o ABSOLUTE
    __Vectors                                0x0001b000   Data           4  arm_startup_nrf51.o(RESET)
    __Vectors_End                            0x0001b0c0   Data           0  arm_startup_nrf51.o(RESET)
    __main                                   0x0001b0c1   Thumb Code     0  entry.o(.ARM.Collect$$$$00000000)
    _main_stk                                0x0001b0c1   Thumb Code     0  entry2.o(.ARM.Collect$$$$00000001)
    _main_scatterload                        0x0001b0c5   Thumb Code     0  entry5.o(.ARM.Collect$$$$00000004)
    __main_after_scatterload                 0x0001b0c9   Thumb Code     0  entry5.o(.ARM.Collect$$$$00000004)
    _main_clock                              0x0001b0c9   Thumb Code     0  entry7b.o(.ARM.Collect$$$$00000008)
    _main_cpp_init                           0x0001b0c9   Thumb Code     0  entry8b.o(.ARM.Collect$$$$0000000A)
    _main_init                               0x0001b0c9   Thumb Code     0  entry9a.o(.ARM.Collect$$$$0000000B)
    __rt_final_cpp                           0x0001b0d1   Thumb Code     0  entry10a.o(.ARM.Collect$$$$0000000D)
    __rt_final_exit                          0x0001b0d1   Thumb Code     0  entry11a.o(.ARM.Collect$$$$0000000F)
    Reset_Handler                            0x0001b0d5   Thumb Code    26  arm_startup_nrf51.o(.text)
    NMI_Handler                              0x0001b0ef   Thumb Code     2  arm_startup_nrf51.o(.text)
    HardFault_Handler                        0x0001b0f1   Thumb Code     2  arm_startup_nrf51.o(.text)
    SVC_Handler                              0x0001b0f3   Thumb Code     2  arm_startup_nrf51.o(.text)
    PendSV_Handler                           0x0001b0f5   Thumb Code     2  arm_startup_nrf51.o(.text)
    SysTick_Handler                          0x0001b0f7   Thumb Code     2  arm_startup_nrf51.o(.text)
    ADC_IRQHandler                           0x0001b0f9   Thumb Code     0  arm_startup_nrf51.o(.text)
    CCM_AAR_IRQHandler                       0x0001b0f9   Thumb Code     0  arm_startup_nrf51.o(.text)
    ECB_IRQHandler                           0x0001b0f9   Thumb Code     0  arm_startup_nrf51.o(.text)
    LPCOMP_IRQHandler                        0x0001b0f9   Thumb Code     0  arm_startup_nrf51.o(.text)
    QDEC_IRQHandler                          0x0001b0f9   Thumb Code     0  arm_startup_nrf51.o(.text)
    RADIO_IRQHandler                         0x0001b0f9   Thumb Code     0  arm_startup_nrf51.o(.text)
    RNG_IRQHandler                           0x0001b0f9   Thumb Code     0  arm_startup_nrf51.o(.text)
    RTC0_IRQHandler                          0x0001b0f9   Thumb Code     0  arm_startup_nrf51.o(.text)
    SPI0_TWI0_IRQHandler                     0x0001b0f9   Thumb Code     0  arm_startup_nrf51.o(.text)
    SPI1_TWI1_IRQHandler                     0x0001b0f9   Thumb Code     0  arm_startup_nrf51.o(.text)
    SWI1_IRQHandler                          0x0001b0f9   Thumb Code     0  arm_startup_nrf51.o(.text)
    SWI3_IRQHandler                          0x0001b0f9   Thumb Code     0  arm_startup_nrf51.o(.text)
    SWI4_IRQHandler                          0x0001b0f9   Thumb Code     0  arm_startup_nrf51.o(.text)
    SWI5_IRQHandler                          0x0001b0f9   Thumb Code     0  arm_startup_nrf51.o(.text)
    TEMP_IRQHandler                          0x0001b0f9   Thumb Code     0  arm_startup_nrf51.o(.text)
    TIMER0_IRQHandler                        0x0001b0f9   Thumb Code     0  arm_startup_nrf51.o(.text)
    TIMER1_IRQHandler                        0x0001b0f9   Thumb Code     0  arm_startup_nrf51.o(.text)
    TIMER2_IRQHandler                        0x0001b0f9   Thumb Code     0  arm_startup_nrf51.o(.text)
    WDT_IRQHandler                           0x0001b0f9   Thumb Code     0  arm_startup_nrf51.o(.text)
    __aeabi_uidiv                            0x0001b10d   Thumb Code     0  uidiv.o(.text)
    __aeabi_uidivmod                         0x0001b10d   Thumb Code    44  uidiv.o(.text)
    ___aeabi_memcpy8$move                    0x0001b139   Thumb Code     0  memmovea.o(.text)
    __aeabi_memcpy                           0x0001b139   Thumb Code    64  memmovea.o(.text)
    __aeabi_memcpy4                          0x0001b139   Thumb Code     0  memmovea.o(.text)
    __aeabi_memmove                          0x0001b139   Thumb Code     0  memmovea.o(.text)
    __aeabi_memmove4                         0x0001b139   Thumb Code     0  memmovea.o(.text)
    __aeabi_memmove8                         0x0001b139   Thumb Code     0  memmovea.o(.text)
    __aeabi_memset                           0x0001b179   Thumb Code    14  memseta.o(.text)
    __aeabi_memset4                          0x0001b179   Thumb Code     0  memseta.o(.text)
    __aeabi_memset8                          0x0001b179   Thumb Code     0  memseta.o(.text)
    __aeabi_memclr                           0x0001b187   Thumb Code     4  memseta.o(.text)
    __aeabi_memclr4                          0x0001b187   Thumb Code     0  memseta.o(.text)
    __aeabi_memclr8                          0x0001b187   Thumb Code     0  memseta.o(.text)
    _memset$wrapper                          0x0001b18b   Thumb Code    18  memseta.o(.text)
    strlen                                   0x0001b19d   Thumb Code    14  strlen.o(.text)
    memcmp                                   0x0001b1ab   Thumb Code    26  memcmp.o(.text)
    __scatterload                            0x0001b1c5   Thumb Code    28  init.o(.text)
    __scatterload_rt2                        0x0001b1c5   Thumb Code     0  init.o(.text)
    __decompress                             0x0001b1e9   Thumb Code     0  __dczerorl2.o(.text)
    __decompress1                            0x0001b1e9   Thumb Code    86  __dczerorl2.o(.text)
    GPIOTE_IRQHandler                        0x0001b241   Thumb Code   364  nrf_drv_gpiote.o(i.GPIOTE_IRQHandler)
    POWER_CLOCK_IRQHandler                   0x0001b3fd   Thumb Code    70  nrf_drv_clock.o(i.POWER_CLOCK_IRQHandler)
    RTC1_IRQHandler                          0x0001b451   Thumb Code    28  app_timer.o(i.RTC1_IRQHandler)
    SWI0_IRQHandler                          0x0001b471   Thumb Code     8  app_timer.o(i.SWI0_IRQHandler)
    SWI2_IRQHandler                          0x0001b479   Thumb Code    28  softdevice_handler.o(i.SWI2_IRQHandler)
    SystemInit                               0x0001b499   Thumb Code   130  system_nrf51.o(i.SystemInit)
    UART0_IRQHandler                         0x0001b539   Thumb Code    12  nrf_drv_uart.o(i.UART0_IRQHandler)
    __ARM_common_switch8                     0x0001b54d   Thumb Code    26  main.o(i.__ARM_common_switch8)
    __scatterload_copy                       0x0001b567   Thumb Code    14  handlers.o(i.__scatterload_copy)
    __scatterload_null                       0x0001b575   Thumb Code     2  handlers.o(i.__scatterload_null)
    __scatterload_zeroinit                   0x0001b577   Thumb Code    14  handlers.o(i.__scatterload_zeroinit)
    addr_compare                             0x0001b5a1   Thumb Code    40  id_manager.o(i.addr_compare)
    adv_data_encode                          0x0001b5c9   Thumb Code   398  ble_advdata.o(i.adv_data_encode)
    advertising_start                        0x0001b7fd   Thumb Code    18  main.o(i.advertising_start)
    ah                                       0x0001b80f   Thumb Code    78  id_manager.o(i.ah)
    app_error_fault_handler                  0x0001b85d   Thumb Code    18  app_error_weak.o(i.app_error_fault_handler)
    app_error_handler_bare                   0x0001b879   Thumb Code    20  app_error.o(i.app_error_handler_bare)
    app_timer_create                         0x0001b891   Thumb Code    40  app_timer.o(i.app_timer_create)
    app_timer_init                           0x0001b8bd   Thumb Code    98  app_timer.o(i.app_timer_init)
    app_timer_start                          0x0001b931   Thumb Code   128  app_timer.o(i.app_timer_start)
    app_timer_stop                           0x0001b9b9   Thumb Code    36  app_timer.o(i.app_timer_stop)
    app_util_critical_region_enter           0x0001b9e1   Thumb Code    48  app_util_platform.o(i.app_util_critical_region_enter)
    app_util_critical_region_exit            0x0001ba1d   Thumb Code    36  app_util_platform.o(i.app_util_critical_region_exit)
    ble_advdata_set                          0x0001bcbd   Thumb Code   104  ble_advdata.o(i.ble_advdata_set)
    ble_advertising_init                     0x0001bd25   Thumb Code   340  ble_advertising.o(i.ble_advertising_init)
    ble_advertising_on_ble_evt               0x0001be81   Thumb Code    82  ble_advertising.o(i.ble_advertising_on_ble_evt)
    ble_advertising_on_sys_evt               0x0001bed9   Thumb Code    42  ble_advertising.o(i.ble_advertising_on_sys_evt)
    ble_advertising_start                    0x0001bf09   Thumb Code   256  ble_advertising.o(i.ble_advertising_start)
    ble_bas_battery_level_update             0x0001c011   Thumb Code   112  ble_bas.o(i.ble_bas_battery_level_update)
    ble_bas_init                             0x0001c085   Thumb Code    66  ble_bas.o(i.ble_bas_init)
    ble_bas_on_ble_evt                       0x0001c0cd   Thumb Code    96  ble_bas.o(i.ble_bas_on_ble_evt)
    ble_conn_params_init                     0x0001c12d   Thumb Code    68  ble_conn_params.o(i.ble_conn_params_init)
    ble_conn_params_on_ble_evt               0x0001c181   Thumb Code   130  ble_conn_params.o(i.ble_conn_params_on_ble_evt)
    ble_conn_state_conn_handles              0x0001c211   Thumb Code    14  ble_conn_state.o(i.ble_conn_state_conn_handles)
    ble_conn_state_encrypted                 0x0001c225   Thumb Code    16  ble_conn_state.o(i.ble_conn_state_encrypted)
    ble_conn_state_mitm_protected            0x0001c239   Thumb Code    16  ble_conn_state.o(i.ble_conn_state_mitm_protected)
    ble_conn_state_on_ble_evt                0x0001c24d   Thumb Code   238  ble_conn_state.o(i.ble_conn_state_on_ble_evt)
    ble_conn_state_role                      0x0001c345   Thumb Code    46  ble_conn_state.o(i.ble_conn_state_role)
    ble_conn_state_user_flag_acquire         0x0001c379   Thumb Code    42  ble_conn_state.o(i.ble_conn_state_user_flag_acquire)
    ble_conn_state_user_flag_collection      0x0001c3a9   Thumb Code    20  ble_conn_state.o(i.ble_conn_state_user_flag_collection)
    ble_conn_state_user_flag_get             0x0001c3c1   Thumb Code    32  ble_conn_state.o(i.ble_conn_state_user_flag_get)
    ble_conn_state_user_flag_set             0x0001c3e5   Thumb Code    36  ble_conn_state.o(i.ble_conn_state_user_flag_set)
    ble_dis_init                             0x0001c46d   Thumb Code   308  ble_dis.o(i.ble_dis_init)
    ble_hrs_heart_rate_measurement_send      0x0001c5f5   Thumb Code    82  ble_hrs.o(i.ble_hrs_heart_rate_measurement_send)
    ble_hrs_init                             0x0001c64d   Thumb Code    92  ble_hrs.o(i.ble_hrs_init)
    ble_hrs_on_ble_evt                       0x0001c6ad   Thumb Code    82  ble_hrs.o(i.ble_hrs_on_ble_evt)
    ble_hrs_on_gatt_evt                      0x0001c6ff   Thumb Code    18  ble_hrs.o(i.ble_hrs_on_gatt_evt)
    ble_hrs_rr_interval_add                  0x0001c711   Thumb Code    46  ble_hrs.o(i.ble_hrs_rr_interval_add)
    ble_hrs_sensor_contact_detected_update   0x0001c73f   Thumb Code     6  ble_hrs.o(i.ble_hrs_sensor_contact_detected_update)
    ble_srv_ascii_to_utf8                    0x0001c745   Thumb Code    18  ble_srv_common.o(i.ble_srv_ascii_to_utf8)
    ble_srv_is_notification_enabled          0x0001c757   Thumb Code    14  ble_srv_common.o(i.ble_srv_is_notification_enabled)
    ble_srv_report_ref_encode                0x0001c765   Thumb Code    12  ble_srv_common.o(i.ble_srv_report_ref_encode)
    bsp_board_button_idx_to_pin              0x0001c869   Thumb Code     6  boards.o(i.bsp_board_button_idx_to_pin)
    bsp_board_led_invert                     0x0001c875   Thumb Code    24  boards.o(i.bsp_board_led_invert)
    bsp_board_led_off                        0x0001c895   Thumb Code    14  boards.o(i.bsp_board_led_off)
    bsp_board_led_on                         0x0001c8a9   Thumb Code    14  boards.o(i.bsp_board_led_on)
    bsp_board_led_state_get                  0x0001c8bd   Thumb Code    24  boards.o(i.bsp_board_led_state_get)
    bsp_board_leds_off                       0x0001c8dd   Thumb Code    18  boards.o(i.bsp_board_leds_off)
    bsp_board_leds_on                        0x0001c8ef   Thumb Code    18  boards.o(i.bsp_board_leds_on)
    bsp_board_pin_to_button_idx              0x0001c901   Thumb Code    30  boards.o(i.bsp_board_pin_to_button_idx)
    bsp_btn_ble_on_ble_evt                   0x0001c925   Thumb Code   114  bsp_btn_ble.o(i.bsp_btn_ble_on_ble_evt)
    bsp_btn_ble_sleep_mode_prepare           0x0001c99d   Thumb Code    34  bsp_btn_ble.o(i.bsp_btn_ble_sleep_mode_prepare)
    bsp_event_to_button_action_assign        0x0001ca55   Thumb Code    66  bsp.o(i.bsp_event_to_button_action_assign)
    bsp_indication_set                       0x0001ca9d   Thumb Code    22  bsp.o(i.bsp_indication_set)
    bsp_wakeup_button_enable                 0x0001cc39   Thumb Code    16  bsp.o(i.bsp_wakeup_button_enable)
    chunk_queue_next                         0x0001cd11   Thumb Code    20  fds.o(i.chunk_queue_next)
    fds_file_delete                          0x0001d281   Thumb Code    66  fds.o(i.fds_file_delete)
    fds_gc                                   0x0001d2cd   Thumb Code    62  fds.o(i.fds_gc)
    fds_init                                 0x0001d315   Thumb Code   130  fds.o(i.fds_init)
    fds_record_close                         0x0001d39d   Thumb Code    60  fds.o(i.fds_record_close)
    fds_record_find                          0x0001d3dd   Thumb Code    14  fds.o(i.fds_record_find)
    fds_record_find_by_key                   0x0001d3eb   Thumb Code    16  fds.o(i.fds_record_find_by_key)
    fds_record_find_in_file                  0x0001d3fb   Thumb Code    16  fds.o(i.fds_record_find_in_file)
    fds_record_id_from_desc                  0x0001d40b   Thumb Code    20  fds.o(i.fds_record_id_from_desc)
    fds_record_open                          0x0001d421   Thumb Code    64  fds.o(i.fds_record_open)
    fds_record_update                        0x0001d465   Thumb Code    20  fds.o(i.fds_record_update)
    fds_record_write                         0x0001d479   Thumb Code    12  fds.o(i.fds_record_write)
    fds_record_write_reserved                0x0001d485   Thumb Code    18  fds.o(i.fds_record_write_reserved)
    fds_register                             0x0001d499   Thumb Code    28  fds.o(i.fds_register)
    fds_reserve                              0x0001d4bd   Thumb Code    48  fds.o(i.fds_reserve)
    fds_reserve_cancel                       0x0001d4f1   Thumb Code    62  fds.o(i.fds_reserve_cancel)
    fs_erase                                 0x0001d5fd   Thumb Code   118  fstorage.o(i.fs_erase)
    fs_init                                  0x0001d685   Thumb Code   154  fstorage.o(i.fs_init)
    fs_queued_op_count_get                   0x0001d731   Thumb Code    18  fstorage.o(i.fs_queued_op_count_get)
    fs_store                                 0x0001d749   Thumb Code   128  fstorage.o(i.fs_store)
    fs_sys_event_handler                     0x0001d7cd   Thumb Code    94  fstorage.o(i.fs_sys_event_handler)
    gatt_evt_handler                         0x0001d899   Thumb Code    10  main.o(i.gatt_evt_handler)
    gatt_init                                0x0001d8a9   Thumb Code    20  main.o(i.gatt_init)
    gcm_ble_evt_handler                      0x0001da99   Thumb Code   232  gatt_cache_manager.o(i.gcm_ble_evt_handler)
    gcm_gscm_evt_handler                     0x0001db89   Thumb Code    96  gatt_cache_manager.o(i.gcm_gscm_evt_handler)
    gcm_im_evt_handler                       0x0001dbf1   Thumb Code    40  gatt_cache_manager.o(i.gcm_im_evt_handler)
    gcm_init                                 0x0001dc1d   Thumb Code    66  gatt_cache_manager.o(i.gcm_init)
    gcm_local_database_has_changed           0x0001dc65   Thumb Code    66  gatt_cache_manager.o(i.gcm_local_database_has_changed)
    gcm_smd_evt_handler                      0x0001dcb1   Thumb Code    16  gatt_cache_manager.o(i.gcm_smd_evt_handler)
    get_connection_by_conn_handle            0x0001dcc1   Thumb Code    48  id_manager.o(i.get_connection_by_conn_handle)
    get_free_connection                      0x0001dcf9   Thumb Code    40  id_manager.o(i.get_free_connection)
    gscm_db_change_notification_done         0x0001dd29   Thumb Code    22  gatts_cache_manager.o(i.gscm_db_change_notification_done)
    gscm_init                                0x0001dd45   Thumb Code    16  gatts_cache_manager.o(i.gscm_init)
    gscm_local_database_has_changed          0x0001dd59   Thumb Code    18  gatts_cache_manager.o(i.gscm_local_database_has_changed)
    gscm_local_db_cache_apply                0x0001dd75   Thumb Code   104  gatts_cache_manager.o(i.gscm_local_db_cache_apply)
    gscm_local_db_cache_update               0x0001dde1   Thumb Code   124  gatts_cache_manager.o(i.gscm_local_db_cache_update)
    gscm_pdb_evt_handler                     0x0001de65   Thumb Code    72  gatts_cache_manager.o(i.gscm_pdb_evt_handler)
    gscm_service_changed_ind_needed          0x0001deb5   Thumb Code    28  gatts_cache_manager.o(i.gscm_service_changed_ind_needed)
    gscm_service_changed_ind_send            0x0001ded1   Thumb Code    32  gatts_cache_manager.o(i.gscm_service_changed_ind_send)
    im_address_resolve                       0x0001e0af   Thumb Code    64  id_manager.o(i.im_address_resolve)
    im_ble_addr_get                          0x0001e0f1   Thumb Code    38  id_manager.o(i.im_ble_addr_get)
    im_ble_evt_handler                       0x0001e11d   Thumb Code   162  id_manager.o(i.im_ble_evt_handler)
    im_conn_handle_get                       0x0001e1c5   Thumb Code    34  id_manager.o(i.im_conn_handle_get)
    im_init                                  0x0001e1f1   Thumb Code    60  id_manager.o(i.im_init)
    im_is_duplicate_bonding_data             0x0001e239   Thumb Code    56  id_manager.o(i.im_is_duplicate_bonding_data)
    im_master_id_is_valid                    0x0001e271   Thumb Code    28  id_manager.o(i.im_master_id_is_valid)
    im_master_ids_compare                    0x0001e28d   Thumb Code    44  id_manager.o(i.im_master_ids_compare)
    im_new_peer_id                           0x0001e2b9   Thumb Code     8  id_manager.o(i.im_new_peer_id)
    im_pdb_evt_handler                       0x0001e2c1   Thumb Code   110  id_manager.o(i.im_pdb_evt_handler)
    im_peer_free                             0x0001e331   Thumb Code    38  id_manager.o(i.im_peer_free)
    im_peer_id_get_by_conn_handle            0x0001e35d   Thumb Code    24  id_manager.o(i.im_peer_id_get_by_conn_handle)
    im_peer_id_get_by_master_id              0x0001e37d   Thumb Code    62  id_manager.o(i.im_peer_id_get_by_master_id)
    intern_softdevice_events_execute         0x0001e481   Thumb Code   122  softdevice_handler.o(i.intern_softdevice_events_execute)
    is_valid_irk                             0x0001e565   Thumb Code    22  id_manager.o(i.is_valid_irk)
    main                                     0x0001eb21   Thumb Code   186  main.o(i.main)
    new_connection                           0x0001ecf9   Thumb Code    80  id_manager.o(i.new_connection)
    next_id_get                              0x0001ed55   Thumb Code    48  peer_id.o(i.next_id_get)
    nrf_ble_gatt_init                        0x0001ed99   Thumb Code     4  nrf_ble_gatt.o(i.nrf_ble_gatt_init)
    nrf_ble_gatt_on_ble_evt                  0x0001ed9d   Thumb Code     2  nrf_ble_gatt.o(i.nrf_ble_gatt_on_ble_evt)
    nrf_drv_clock_init                       0x0001ede1   Thumb Code    60  nrf_drv_clock.o(i.nrf_drv_clock_init)
    nrf_drv_clock_on_sd_enable               0x0001ee29   Thumb Code    46  nrf_drv_clock.o(i.nrf_drv_clock_on_sd_enable)
    nrf_drv_clock_on_soc_event               0x0001ee5d   Thumb Code    12  nrf_drv_clock.o(i.nrf_drv_clock_on_soc_event)
    nrf_drv_common_irq_enable                0x0001ee69   Thumb Code    78  nrf_drv_common.o(i.nrf_drv_common_irq_enable)
    pdb_init                                 0x0001f399   Thumb Code    62  peer_database.o(i.pdb_init)
    pdb_next_deleted_peer_id_get             0x0001f3e5   Thumb Code     8  peer_database.o(i.pdb_next_deleted_peer_id_get)
    pdb_next_peer_id_get                     0x0001f3ed   Thumb Code     8  peer_database.o(i.pdb_next_peer_id_get)
    pdb_pds_evt_handler                      0x0001f3f5   Thumb Code   300  peer_database.o(i.pdb_pds_evt_handler)
    pdb_peer_allocate                        0x0001f529   Thumb Code     8  peer_database.o(i.pdb_peer_allocate)
    pdb_peer_data_ptr_get                    0x0001f531   Thumb Code    10  peer_database.o(i.pdb_peer_data_ptr_get)
    pdb_peer_free                            0x0001f53b   Thumb Code    74  peer_database.o(i.pdb_peer_free)
    pdb_raw_store                            0x0001f585   Thumb Code    12  peer_database.o(i.pdb_raw_store)
    pdb_write_buf_get                        0x0001f591   Thumb Code   256  peer_database.o(i.pdb_write_buf_get)
    pdb_write_buf_release                    0x0001f699   Thumb Code    42  peer_database.o(i.pdb_write_buf_release)
    pdb_write_buf_store                      0x0001f6c5   Thumb Code   190  peer_database.o(i.pdb_write_buf_store)
    pdb_write_buf_store_prepare              0x0001f78d   Thumb Code    98  peer_database.o(i.pdb_write_buf_store_prepare)
    pds_init                                 0x0001f801   Thumb Code   100  peer_data_storage.o(i.pds_init)
    pds_next_deleted_peer_id_get             0x0001f871   Thumb Code     8  peer_data_storage.o(i.pds_next_deleted_peer_id_get)
    pds_next_peer_id_get                     0x0001f879   Thumb Code     8  peer_data_storage.o(i.pds_next_peer_id_get)
    pds_peer_data_iterate                    0x0001f881   Thumb Code    80  peer_data_storage.o(i.pds_peer_data_iterate)
    pds_peer_data_iterate_prepare            0x0001f8d5   Thumb Code    10  peer_data_storage.o(i.pds_peer_data_iterate_prepare)
    pds_peer_data_read                       0x0001f8e5   Thumb Code   112  peer_data_storage.o(i.pds_peer_data_read)
    pds_peer_data_store                      0x0001f955   Thumb Code   174  peer_data_storage.o(i.pds_peer_data_store)
    pds_peer_id_allocate                     0x0001fa05   Thumb Code    10  peer_data_storage.o(i.pds_peer_id_allocate)
    pds_peer_id_free                         0x0001fa15   Thumb Code    22  peer_data_storage.o(i.pds_peer_id_free)
    pds_peer_id_is_allocated                 0x0001fa2b   Thumb Code     8  peer_data_storage.o(i.pds_peer_id_is_allocated)
    pds_space_reserve                        0x0001fa33   Thumb Code    48  peer_data_storage.o(i.pds_space_reserve)
    pds_space_reserve_cancel                 0x0001fa63   Thumb Code    16  peer_data_storage.o(i.pds_space_reserve_cancel)
    peer_id_allocate                         0x0001fb61   Thumb Code    10  peer_id.o(i.peer_id_allocate)
    peer_id_delete                           0x0001fb71   Thumb Code    30  peer_id.o(i.peer_id_delete)
    peer_id_free                             0x0001fb99   Thumb Code    22  peer_id.o(i.peer_id_free)
    peer_id_get_next_deleted                 0x0001fbb5   Thumb Code    10  peer_id.o(i.peer_id_get_next_deleted)
    peer_id_get_next_used                    0x0001fbc5   Thumb Code    42  peer_id.o(i.peer_id_get_next_used)
    peer_id_init                             0x0001fbf9   Thumb Code    34  peer_id.o(i.peer_id_init)
    peer_id_is_allocated                     0x0001fc21   Thumb Code    20  peer_id.o(i.peer_id_is_allocated)
    peer_id_is_deleted                       0x0001fc39   Thumb Code    20  peer_id.o(i.peer_id_is_deleted)
    pm_buffer_block_acquire                  0x0001fd01   Thumb Code    94  pm_buffer.o(i.pm_buffer_block_acquire)
    pm_buffer_init                           0x0001fd5f   Thumb Code    66  pm_buffer.o(i.pm_buffer_init)
    pm_buffer_ptr_get                        0x0001fda1   Thumb Code    46  pm_buffer.o(i.pm_buffer_ptr_get)
    pm_buffer_release                        0x0001fdcf   Thumb Code    42  pm_buffer.o(i.pm_buffer_release)
    pm_conn_sec_config_reply                 0x0001fdf9   Thumb Code     8  peer_manager.o(i.pm_conn_sec_config_reply)
    pm_gcm_evt_handler                       0x0001fe55   Thumb Code   128  peer_manager.o(i.pm_gcm_evt_handler)
    pm_im_evt_handler                        0x0001fed5   Thumb Code    74  peer_manager.o(i.pm_im_evt_handler)
    pm_init                                  0x0001ff25   Thumb Code   108  peer_manager.o(i.pm_init)
    pm_local_database_has_changed            0x0001ff95   Thumb Code    16  peer_manager.o(i.pm_local_database_has_changed)
    pm_mutex_init                            0x0001ffa9   Thumb Code    16  pm_mutex.o(i.pm_mutex_init)
    pm_mutex_lock                            0x0001ffb9   Thumb Code    28  pm_mutex.o(i.pm_mutex_lock)
    pm_mutex_lock_first_available            0x0001ffd5   Thumb Code    52  pm_mutex.o(i.pm_mutex_lock_first_available)
    pm_mutex_lock_status_get                 0x00020009   Thumb Code    24  pm_mutex.o(i.pm_mutex_lock_status_get)
    pm_mutex_unlock                          0x00020021   Thumb Code    54  pm_mutex.o(i.pm_mutex_unlock)
    pm_on_ble_evt                            0x00020059   Thumb Code    32  peer_manager.o(i.pm_on_ble_evt)
    pm_pdb_evt_handler                       0x0002007d   Thumb Code   306  peer_manager.o(i.pm_pdb_evt_handler)
    pm_peer_delete                           0x000201b9   Thumb Code    20  peer_manager.o(i.pm_peer_delete)
    pm_peers_delete                          0x000201d1   Thumb Code    52  peer_manager.o(i.pm_peers_delete)
    pm_register                              0x0002020d   Thumb Code    38  peer_manager.o(i.pm_register)
    pm_sec_params_set                        0x0002023d   Thumb Code    20  peer_manager.o(i.pm_sec_params_set)
    pm_sm_evt_handler                        0x00020255   Thumb Code   324  peer_manager.o(i.pm_sm_evt_handler)
    sdk_mapped_flags_bulk_update_by_key      0x0002096d   Thumb Code    70  sdk_mapped_flags.o(i.sdk_mapped_flags_bulk_update_by_key)
    sdk_mapped_flags_first_key_index_get     0x000209b5   Thumb Code    34  sdk_mapped_flags.o(i.sdk_mapped_flags_first_key_index_get)
    sdk_mapped_flags_get_by_key              0x000209ed   Thumb Code    38  sdk_mapped_flags.o(i.sdk_mapped_flags_get_by_key)
    sdk_mapped_flags_key_list_get            0x00020a13   Thumb Code    70  sdk_mapped_flags.o(i.sdk_mapped_flags_key_list_get)
    sdk_mapped_flags_update_by_key           0x00020a59   Thumb Code    14  sdk_mapped_flags.o(i.sdk_mapped_flags_update_by_key)
    sensorsim_decrement                      0x00020cbd   Thumb Code    28  sensorsim.o(i.sensorsim_decrement)
    sensorsim_increment                      0x00020cd9   Thumb Code    28  sensorsim.o(i.sensorsim_increment)
    sensorsim_init                           0x00020cf5   Thumb Code    24  sensorsim.o(i.sensorsim_init)
    sensorsim_measure                        0x00020d0d   Thumb Code    26  sensorsim.o(i.sensorsim_measure)
    sm_ble_evt_handler                       0x000210b1   Thumb Code    16  security_manager.o(i.sm_ble_evt_handler)
    sm_conn_sec_config_reply                 0x000210c5   Thumb Code    24  security_manager.o(i.sm_conn_sec_config_reply)
    sm_init                                  0x000210e1   Thumb Code    76  security_manager.o(i.sm_init)
    sm_pdb_evt_handler                       0x00021131   Thumb Code    48  security_manager.o(i.sm_pdb_evt_handler)
    sm_sec_params_set                        0x00021165   Thumb Code    44  security_manager.o(i.sm_sec_params_set)
    sm_smd_evt_handler                       0x00021195   Thumb Code   118  security_manager.o(i.sm_smd_evt_handler)
    smd_ble_evt_handler                      0x00021211   Thumb Code   214  security_dispatcher.o(i.smd_ble_evt_handler)
    smd_init                                 0x000212f5   Thumb Code    56  security_dispatcher.o(i.smd_init)
    smd_link_secure                          0x00021331   Thumb Code    44  security_dispatcher.o(i.smd_link_secure)
    smd_params_reply                         0x00021361   Thumb Code   260  security_dispatcher.o(i.smd_params_reply)
    smd_pdb_evt_handler                      0x000214f9   Thumb Code    46  security_dispatcher.o(i.smd_pdb_evt_handler)
    softdevice_ble_evt_handler_set           0x0002152d   Thumb Code    16  softdevice_handler.o(i.softdevice_ble_evt_handler_set)
    softdevice_enable                        0x00021541   Thumb Code    14  softdevice_handler.o(i.softdevice_enable)
    softdevice_enable_get_default_config     0x00021555   Thumb Code    40  softdevice_handler.o(i.softdevice_enable_get_default_config)
    softdevice_fault_handler                 0x0002157d   Thumb Code     8  softdevice_handler.o(i.softdevice_fault_handler)
    softdevice_handler_init                  0x00021585   Thumb Code    74  softdevice_handler.o(i.softdevice_handler_init)
    softdevice_handler_is_enabled            0x000215dd   Thumb Code     6  softdevice_handler.o(i.softdevice_handler_is_enabled)
    softdevice_sys_evt_handler_set           0x000215e9   Thumb Code    16  softdevice_handler.o(i.softdevice_sys_evt_handler_set)
    Region$$Table$$Base                      0x00021f90   Number         0  anon$$obj.o(Region$$Table)
    Region$$Table$$Limit                     0x00021fb0   Number         0  anon$$obj.o(Region$$Table)
    Image$$RW_IRAM1$$Base                    0x20002000   Number         0  anon$$obj.o ABSOLUTE
    nrf_nvic_state                           0x2000215c   Data           8  app_util_platform.o(.data)
    SystemCoreClock                          0x20002194   Data           4  system_nrf51.o(.data)
    fs_data$$Base                            0x20002198   Number         0  fds.o(fs_data)
    fs_data$$Limit                           0x200021a8   Number         0  fds.o(fs_data)
    __initial_sp                             0x200034c8   Data           0  arm_startup_nrf51.o(STACK)



==============================================================================

Memory Map of the image

  Image Entry point : 0x0001b0c1

  Load Region LR_IROM1 (Base: 0x0001b000, Size: 0x00007158, Max: 0x00040000, ABSOLUTE, COMPRESSED[0x00006fec])

    Execution Region ER_IROM1 (Exec base: 0x0001b000, Load base: 0x0001b000, Size: 0x00006fb0, Max: 0x00040000, ABSOLUTE)

    Exec Addr    Load Addr    Size         Type   Attr      Idx    E Section Name        Object

    0x0001b000   0x0001b000   0x000000c0   Data   RO         4487    RESET               arm_startup_nrf51.o
    0x0001b0c0   0x0001b0c0   0x00000000   Code   RO         4529  * .ARM.Collect$$$$00000000  mc_p.l(entry.o)
    0x0001b0c0   0x0001b0c0   0x00000004   Code   RO         4550    .ARM.Collect$$$$00000001  mc_p.l(entry2.o)
    0x0001b0c4   0x0001b0c4   0x00000004   Code   RO         4553    .ARM.Collect$$$$00000004  mc_p.l(entry5.o)
    0x0001b0c8   0x0001b0c8   0x00000000   Code   RO         4555    .ARM.Collect$$$$00000008  mc_p.l(entry7b.o)
    0x0001b0c8   0x0001b0c8   0x00000000   Code   RO         4557    .ARM.Collect$$$$0000000A  mc_p.l(entry8b.o)
    0x0001b0c8   0x0001b0c8   0x00000008   Code   RO         4558    .ARM.Collect$$$$0000000B  mc_p.l(entry9a.o)
    0x0001b0d0   0x0001b0d0   0x00000000   Code   RO         4560    .ARM.Collect$$$$0000000D  mc_p.l(entry10a.o)
    0x0001b0d0   0x0001b0d0   0x00000000   Code   RO         4562    .ARM.Collect$$$$0000000F  mc_p.l(entry11a.o)
    0x0001b0d0   0x0001b0d0   0x00000004   Code   RO         4551    .ARM.Collect$$$$00002712  mc_p.l(entry2.o)
    0x0001b0d4   0x0001b0d4   0x00000038   Code   RO         4488    .text               arm_startup_nrf51.o
    0x0001b10c   0x0001b10c   0x0000002c   Code   RO         4532    .text               mc_p.l(uidiv.o)
    0x0001b138   0x0001b138   0x00000040   Code   RO         4536    .text               mc_p.l(memmovea.o)
    0x0001b178   0x0001b178   0x00000024   Code   RO         4538    .text               mc_p.l(memseta.o)
    0x0001b19c   0x0001b19c   0x0000000e   Code   RO         4540    .text               mc_p.l(strlen.o)
    0x0001b1aa   0x0001b1aa   0x0000001a   Code   RO         4542    .text               mc_p.l(memcmp.o)
    0x0001b1c4   0x0001b1c4   0x00000024   Code   RO         4564    .text               mc_p.l(init.o)
    0x0001b1e8   0x0001b1e8   0x00000056   Code   RO         4574    .text               mc_p.l(__dczerorl2.o)
    0x0001b23e   0x0001b23e   0x00000002   PAD
    0x0001b240   0x0001b240   0x00000178   Code   RO         2910    i.GPIOTE_IRQHandler  nrf_drv_gpiote.o
    0x0001b3b8   0x0001b3b8   0x00000044   Code   RO         3422    i.NVIC_SetPriority  app_timer.o
    0x0001b3fc   0x0001b3fc   0x00000054   Code   RO         2707    i.POWER_CLOCK_IRQHandler  nrf_drv_clock.o
    0x0001b450   0x0001b450   0x00000020   Code   RO         3423    i.RTC1_IRQHandler   app_timer.o
    0x0001b470   0x0001b470   0x00000008   Code   RO         3424    i.SWI0_IRQHandler   app_timer.o
    0x0001b478   0x0001b478   0x00000020   Code   RO         4354    i.SWI2_IRQHandler   softdevice_handler.o
    0x0001b498   0x0001b498   0x000000a0   Code   RO         4495    i.SystemInit        system_nrf51.o
    0x0001b538   0x0001b538   0x00000014   Code   RO         3125    i.UART0_IRQHandler  nrf_drv_uart.o
    0x0001b54c   0x0001b54c   0x0000001a   Code   RO          155    i.__ARM_common_switch8  main.o
    0x0001b566   0x0001b566   0x0000000e   Code   RO         4568    i.__scatterload_copy  mc_p.l(handlers.o)
    0x0001b574   0x0001b574   0x00000002   Code   RO         4569    i.__scatterload_null  mc_p.l(handlers.o)
    0x0001b576   0x0001b576   0x0000000e   Code   RO         4570    i.__scatterload_zeroinit  mc_p.l(handlers.o)
    0x0001b584   0x0001b584   0x0000001c   Code   RO         4355    i.__sd_nvic_app_accessible_irq  softdevice_handler.o
    0x0001b5a0   0x0001b5a0   0x00000028   Code   RO         1300    i.addr_compare      id_manager.o
    0x0001b5c8   0x0001b5c8   0x0000018e   Code   RO          709    i.adv_data_encode   ble_advdata.o
    0x0001b756   0x0001b756   0x00000002   PAD
    0x0001b758   0x0001b758   0x00000068   Code   RO          785    i.adv_mode_next_avail_get  ble_advertising.o
    0x0001b7c0   0x0001b7c0   0x0000003c   Code   RO          635    i.advertising_buttons_configure  bsp_btn_ble.o
    0x0001b7fc   0x0001b7fc   0x00000012   Code   RO            3    i.advertising_start  main.o
    0x0001b80e   0x0001b80e   0x0000004e   Code   RO         1302    i.ah                id_manager.o
    0x0001b85c   0x0001b85c   0x0000001c   Code   RO         3399    i.app_error_fault_handler  app_error_weak.o
    0x0001b878   0x0001b878   0x00000018   Code   RO         3361    i.app_error_handler_bare  app_error.o
    0x0001b890   0x0001b890   0x0000002c   Code   RO         3427    i.app_timer_create  app_timer.o
    0x0001b8bc   0x0001b8bc   0x00000074   Code   RO         3428    i.app_timer_init    app_timer.o
    0x0001b930   0x0001b930   0x00000088   Code   RO         3429    i.app_timer_start   app_timer.o
    0x0001b9b8   0x0001b9b8   0x00000028   Code   RO         3430    i.app_timer_stop    app_timer.o
    0x0001b9e0   0x0001b9e0   0x0000003c   Code   RO         3567    i.app_util_critical_region_enter  app_util_platform.o
    0x0001ba1c   0x0001ba1c   0x0000002c   Code   RO         3568    i.app_util_critical_region_exit  app_util_platform.o
    0x0001ba48   0x0001ba48   0x0000005c   Code   RO            4    i.application_timers_start  main.o
    0x0001baa4   0x0001baa4   0x000000a0   Code   RO         2317    i.auth_status_success_process  security_dispatcher.o
    0x0001bb44   0x0001bb44   0x00000138   Code   RO         2550    i.battery_level_char_add  ble_bas.o
    0x0001bc7c   0x0001bc7c   0x00000040   Code   RO            6    i.battery_level_meas_timeout_handler  main.o
    0x0001bcbc   0x0001bcbc   0x00000068   Code   RO          710    i.ble_advdata_set   ble_advdata.o
    0x0001bd24   0x0001bd24   0x0000015c   Code   RO          786    i.ble_advertising_init  ble_advertising.o
    0x0001be80   0x0001be80   0x00000058   Code   RO          787    i.ble_advertising_on_ble_evt  ble_advertising.o
    0x0001bed8   0x0001bed8   0x00000030   Code   RO          788    i.ble_advertising_on_sys_evt  ble_advertising.o
    0x0001bf08   0x0001bf08   0x00000108   Code   RO          791    i.ble_advertising_start  ble_advertising.o
    0x0001c010   0x0001c010   0x00000074   Code   RO         2551    i.ble_bas_battery_level_update  ble_bas.o
    0x0001c084   0x0001c084   0x00000048   Code   RO         2552    i.ble_bas_init      ble_bas.o
    0x0001c0cc   0x0001c0cc   0x00000060   Code   RO         2553    i.ble_bas_on_ble_evt  ble_bas.o
    0x0001c12c   0x0001c12c   0x00000054   Code   RO          870    i.ble_conn_params_init  ble_conn_params.o
    0x0001c180   0x0001c180   0x00000090   Code   RO          871    i.ble_conn_params_on_ble_evt  ble_conn_params.o
    0x0001c210   0x0001c210   0x00000014   Code   RO          936    i.ble_conn_state_conn_handles  ble_conn_state.o
    0x0001c224   0x0001c224   0x00000014   Code   RO          937    i.ble_conn_state_encrypted  ble_conn_state.o
    0x0001c238   0x0001c238   0x00000014   Code   RO          939    i.ble_conn_state_mitm_protected  ble_conn_state.o
    0x0001c24c   0x0001c24c   0x000000f8   Code   RO          943    i.ble_conn_state_on_ble_evt  ble_conn_state.o
    0x0001c344   0x0001c344   0x00000034   Code   RO          945    i.ble_conn_state_role  ble_conn_state.o
    0x0001c378   0x0001c378   0x00000030   Code   RO          947    i.ble_conn_state_user_flag_acquire  ble_conn_state.o
    0x0001c3a8   0x0001c3a8   0x00000018   Code   RO          948    i.ble_conn_state_user_flag_collection  ble_conn_state.o
    0x0001c3c0   0x0001c3c0   0x00000024   Code   RO          949    i.ble_conn_state_user_flag_get  ble_conn_state.o
    0x0001c3e4   0x0001c3e4   0x00000028   Code   RO          950    i.ble_conn_state_user_flag_set  ble_conn_state.o
    0x0001c40c   0x0001c40c   0x0000005e   Code   RO          711    i.ble_device_addr_encode  ble_advdata.o
    0x0001c46a   0x0001c46a   0x00000002   PAD
    0x0001c46c   0x0001c46c   0x00000140   Code   RO         2587    i.ble_dis_init      ble_dis.o
    0x0001c5ac   0x0001c5ac   0x00000048   Code   RO            7    i.ble_evt_dispatch  main.o
    0x0001c5f4   0x0001c5f4   0x00000058   Code   RO         2625    i.ble_hrs_heart_rate_measurement_send  ble_hrs.o
    0x0001c64c   0x0001c64c   0x00000060   Code   RO         2626    i.ble_hrs_init      ble_hrs.o
    0x0001c6ac   0x0001c6ac   0x00000052   Code   RO         2627    i.ble_hrs_on_ble_evt  ble_hrs.o
    0x0001c6fe   0x0001c6fe   0x00000012   Code   RO         2628    i.ble_hrs_on_gatt_evt  ble_hrs.o
    0x0001c710   0x0001c710   0x0000002e   Code   RO         2629    i.ble_hrs_rr_interval_add  ble_hrs.o
    0x0001c73e   0x0001c73e   0x00000006   Code   RO         2631    i.ble_hrs_sensor_contact_detected_update  ble_hrs.o
    0x0001c744   0x0001c744   0x00000012   Code   RO         1063    i.ble_srv_ascii_to_utf8  ble_srv_common.o
    0x0001c756   0x0001c756   0x0000000e   Code   RO         1065    i.ble_srv_is_notification_enabled  ble_srv_common.o
    0x0001c764   0x0001c764   0x0000000c   Code   RO         1066    i.ble_srv_report_ref_encode  ble_srv_common.o
    0x0001c770   0x0001c770   0x00000070   Code   RO            8    i.ble_stack_init    main.o
    0x0001c7e0   0x0001c7e0   0x00000088   Code   RO         2633    i.body_sensor_location_char_add  ble_hrs.o
    0x0001c868   0x0001c868   0x0000000c   Code   RO          412    i.bsp_board_button_idx_to_pin  boards.o
    0x0001c874   0x0001c874   0x00000020   Code   RO          416    i.bsp_board_led_invert  boards.o
    0x0001c894   0x0001c894   0x00000014   Code   RO          417    i.bsp_board_led_off  boards.o
    0x0001c8a8   0x0001c8a8   0x00000014   Code   RO          418    i.bsp_board_led_on  boards.o
    0x0001c8bc   0x0001c8bc   0x00000020   Code   RO          419    i.bsp_board_led_state_get  boards.o
    0x0001c8dc   0x0001c8dc   0x00000012   Code   RO          421    i.bsp_board_leds_off  boards.o
    0x0001c8ee   0x0001c8ee   0x00000012   Code   RO          422    i.bsp_board_leds_on  boards.o
    0x0001c900   0x0001c900   0x00000024   Code   RO          423    i.bsp_board_pin_to_button_idx  boards.o
    0x0001c924   0x0001c924   0x00000078   Code   RO          637    i.bsp_btn_ble_on_ble_evt  bsp_btn_ble.o
    0x0001c99c   0x0001c99c   0x00000022   Code   RO          638    i.bsp_btn_ble_sleep_mode_prepare  bsp_btn_ble.o
    0x0001c9be   0x0001c9be   0x00000002   PAD
    0x0001c9c0   0x0001c9c0   0x00000094   Code   RO          525    i.bsp_button_event_handler  bsp.o
    0x0001ca54   0x0001ca54   0x00000048   Code   RO          529    i.bsp_event_to_button_action_assign  bsp.o
    0x0001ca9c   0x0001ca9c   0x0000001c   Code   RO          530    i.bsp_indication_set  bsp.o
    0x0001cab8   0x0001cab8   0x00000180   Code   RO          532    i.bsp_led_indication  bsp.o
    0x0001cc38   0x0001cc38   0x00000010   Code   RO          534    i.bsp_wakeup_button_enable  bsp.o
    0x0001cc48   0x0001cc48   0x00000010   Code   RO         2913    i.channel_port_get  nrf_drv_gpiote.o
    0x0001cc58   0x0001cc58   0x00000098   Code   RO         2588    i.char_add          ble_dis.o
    0x0001ccf0   0x0001ccf0   0x00000020   Code   RO         3939    i.check_config      fstorage.o
    0x0001cd10   0x0001cd10   0x00000018   Code   RO         3637    i.chunk_queue_next  fds.o
    0x0001cd28   0x0001cd28   0x0000003c   Code   RO         1881    i.claim             peer_id.o
    0x0001cd64   0x0001cd64   0x00000028   Code   RO         2708    i.clock_clk_started_notify  nrf_drv_clock.o
    0x0001cd8c   0x0001cd8c   0x000000a8   Code   RO         3432    i.compare_reg_update  app_timer.o
    0x0001ce34   0x0001ce34   0x00000088   Code   RO          712    i.conn_int_encode   ble_advdata.o
    0x0001cebc   0x0001cebc   0x00000008   Code   RO           10    i.conn_params_error_handler  main.o
    0x0001cec4   0x0001cec4   0x00000068   Code   RO          873    i.conn_params_negotiation  ble_conn_params.o
    0x0001cf2c   0x0001cf2c   0x0000008c   Code   RO         3638    i.delete_execute    fds.o
    0x0001cfb8   0x0001cfb8   0x00000040   Code   RO         3433    i.elapsed_ticks_acquire  app_timer.o
    0x0001cff8   0x0001cff8   0x00000030   Code   RO         2318    i.encryption_failure  security_dispatcher.o
    0x0001d028   0x0001d028   0x0000006a   Code   RO         3639    i.event_prepare     fds.o
    0x0001d092   0x0001d092   0x00000002   PAD
    0x0001d094   0x0001d094   0x00000020   Code   RO         3640    i.event_send        fds.o
    0x0001d0b4   0x0001d0b4   0x00000032   Code   RO         2428    i.events_send_from_err_code  security_manager.o
    0x0001d0e6   0x0001d0e6   0x00000002   PAD
    0x0001d0e8   0x0001d0e8   0x0000000c   Code   RO         1118    i.evt_send          gatt_cache_manager.o
    0x0001d0f4   0x0001d0f4   0x0000001c   Code   RO         1303    i.evt_send          id_manager.o
    0x0001d110   0x0001d110   0x00000028   Code   RO         1967    i.evt_send          peer_manager.o
    0x0001d138   0x0001d138   0x0000001c   Code   RO         2319    i.evt_send          security_dispatcher.o
    0x0001d154   0x0001d154   0x0000000c   Code   RO         2429    i.evt_send          security_manager.o
    0x0001d160   0x0001d160   0x00000002   Code   RO           11    i.fds_evt_handler   main.o
    0x0001d162   0x0001d162   0x00000002   PAD
    0x0001d164   0x0001d164   0x0000011c   Code   RO         1567    i.fds_evt_handler   peer_data_storage.o
    0x0001d280   0x0001d280   0x0000004c   Code   RO         3642    i.fds_file_delete   fds.o
    0x0001d2cc   0x0001d2cc   0x00000048   Code   RO         3643    i.fds_gc            fds.o
    0x0001d314   0x0001d314   0x00000088   Code   RO         3644    i.fds_init          fds.o
    0x0001d39c   0x0001d39c   0x00000040   Code   RO         3645    i.fds_record_close  fds.o
    0x0001d3dc   0x0001d3dc   0x0000000e   Code   RO         3647    i.fds_record_find   fds.o
    0x0001d3ea   0x0001d3ea   0x00000010   Code   RO         3648    i.fds_record_find_by_key  fds.o
    0x0001d3fa   0x0001d3fa   0x00000010   Code   RO         3649    i.fds_record_find_in_file  fds.o
    0x0001d40a   0x0001d40a   0x00000014   Code   RO         3650    i.fds_record_id_from_desc  fds.o
    0x0001d41e   0x0001d41e   0x00000002   PAD
    0x0001d420   0x0001d420   0x00000044   Code   RO         3652    i.fds_record_open   fds.o
    0x0001d464   0x0001d464   0x00000014   Code   RO         3653    i.fds_record_update  fds.o
    0x0001d478   0x0001d478   0x0000000c   Code   RO         3654    i.fds_record_write  fds.o
    0x0001d484   0x0001d484   0x00000012   Code   RO         3655    i.fds_record_write_reserved  fds.o
    0x0001d496   0x0001d496   0x00000002   PAD
    0x0001d498   0x0001d498   0x00000024   Code   RO         3656    i.fds_register      fds.o
    0x0001d4bc   0x0001d4bc   0x00000034   Code   RO         3657    i.fds_reserve       fds.o
    0x0001d4f0   0x0001d4f0   0x00000048   Code   RO         3658    i.fds_reserve_cancel  fds.o
    0x0001d538   0x0001d538   0x0000000a   Code   RO         1568    i.file_id_to_peer_id  peer_data_storage.o
    0x0001d542   0x0001d542   0x00000002   PAD
    0x0001d544   0x0001d544   0x00000018   Code   RO         1569    i.file_id_within_pm_range  peer_data_storage.o
    0x0001d55c   0x0001d55c   0x00000010   Code   RO         3660    i.flag_clear        fds.o
    0x0001d56c   0x0001d56c   0x00000012   Code   RO         2320    i.flag_id_init      security_dispatcher.o
    0x0001d57e   0x0001d57e   0x00000012   Code   RO         2430    i.flag_id_init      security_manager.o
    0x0001d590   0x0001d590   0x00000010   Code   RO         3661    i.flag_set          fds.o
    0x0001d5a0   0x0001d5a0   0x0000005c   Code   RO         2431    i.flags_set_from_err_code  security_manager.o
    0x0001d5fc   0x0001d5fc   0x0000007c   Code   RO         3940    i.fs_erase          fstorage.o
    0x0001d678   0x0001d678   0x0000000a   Code   RO         3662    i.fs_event_handler  fds.o
    0x0001d682   0x0001d682   0x00000002   PAD
    0x0001d684   0x0001d684   0x000000ac   Code   RO         3942    i.fs_init           fstorage.o
    0x0001d730   0x0001d730   0x00000018   Code   RO         3945    i.fs_queued_op_count_get  fstorage.o
    0x0001d748   0x0001d748   0x00000084   Code   RO         3946    i.fs_store          fstorage.o
    0x0001d7cc   0x0001d7cc   0x00000068   Code   RO         3947    i.fs_sys_event_handler  fstorage.o
    0x0001d834   0x0001d834   0x00000064   Code   RO           12    i.gap_params_init   main.o
    0x0001d898   0x0001d898   0x00000010   Code   RO           13    i.gatt_evt_handler  main.o
    0x0001d8a8   0x0001d8a8   0x0000001c   Code   RO           14    i.gatt_init         main.o
    0x0001d8c4   0x0001d8c4   0x00000068   Code   RO         3663    i.gc_execute        fds.o
    0x0001d92c   0x0001d92c   0x0000004c   Code   RO         3664    i.gc_next_page      fds.o
    0x0001d978   0x0001d978   0x0000004c   Code   RO         3665    i.gc_page_erase     fds.o
    0x0001d9c4   0x0001d9c4   0x00000034   Code   RO         3666    i.gc_record_copy    fds.o
    0x0001d9f8   0x0001d9f8   0x00000020   Code   RO         3667    i.gc_record_find_next  fds.o
    0x0001da18   0x0001da18   0x00000080   Code   RO         3668    i.gc_state_advance  fds.o
    0x0001da98   0x0001da98   0x000000f0   Code   RO         1119    i.gcm_ble_evt_handler  gatt_cache_manager.o
    0x0001db88   0x0001db88   0x00000068   Code   RO         1120    i.gcm_gscm_evt_handler  gatt_cache_manager.o
    0x0001dbf0   0x0001dbf0   0x0000002c   Code   RO         1121    i.gcm_im_evt_handler  gatt_cache_manager.o
    0x0001dc1c   0x0001dc1c   0x00000048   Code   RO         1122    i.gcm_init          gatt_cache_manager.o
    0x0001dc64   0x0001dc64   0x0000004c   Code   RO         1123    i.gcm_local_database_has_changed  gatt_cache_manager.o
    0x0001dcb0   0x0001dcb0   0x00000010   Code   RO         1126    i.gcm_smd_evt_handler  gatt_cache_manager.o
    0x0001dcc0   0x0001dcc0   0x00000038   Code   RO         1304    i.get_connection_by_conn_handle  id_manager.o
    0x0001dcf8   0x0001dcf8   0x00000030   Code   RO         1305    i.get_free_connection  id_manager.o
    0x0001dd28   0x0001dd28   0x0000001c   Code   RO         1222    i.gscm_db_change_notification_done  gatts_cache_manager.o
    0x0001dd44   0x0001dd44   0x00000014   Code   RO         1223    i.gscm_init         gatts_cache_manager.o
    0x0001dd58   0x0001dd58   0x0000001c   Code   RO         1224    i.gscm_local_database_has_changed  gatts_cache_manager.o
    0x0001dd74   0x0001dd74   0x0000006c   Code   RO         1225    i.gscm_local_db_cache_apply  gatts_cache_manager.o
    0x0001dde0   0x0001dde0   0x00000084   Code   RO         1227    i.gscm_local_db_cache_update  gatts_cache_manager.o
    0x0001de64   0x0001de64   0x00000050   Code   RO         1228    i.gscm_pdb_evt_handler  gatts_cache_manager.o
    0x0001deb4   0x0001deb4   0x0000001c   Code   RO         1229    i.gscm_service_changed_ind_needed  gatts_cache_manager.o
    0x0001ded0   0x0001ded0   0x0000002c   Code   RO         1230    i.gscm_service_changed_ind_send  gatts_cache_manager.o
    0x0001defc   0x0001defc   0x0000001c   Code   RO         3669    i.header_is_valid   fds.o
    0x0001df18   0x0001df18   0x0000005c   Code   RO           15    i.heart_rate_meas_timeout_handler  main.o
    0x0001df74   0x0001df74   0x000000b0   Code   RO         2634    i.heart_rate_measurement_char_add  ble_hrs.o
    0x0001e024   0x0001e024   0x0000008a   Code   RO         2635    i.hrm_encode        ble_hrs.o
    0x0001e0ae   0x0001e0ae   0x00000040   Code   RO         1306    i.im_address_resolve  id_manager.o
    0x0001e0ee   0x0001e0ee   0x00000002   PAD
    0x0001e0f0   0x0001e0f0   0x0000002c   Code   RO         1307    i.im_ble_addr_get   id_manager.o
    0x0001e11c   0x0001e11c   0x000000a8   Code   RO         1308    i.im_ble_evt_handler  id_manager.o
    0x0001e1c4   0x0001e1c4   0x0000002c   Code   RO         1309    i.im_conn_handle_get  id_manager.o
    0x0001e1f0   0x0001e1f0   0x00000048   Code   RO         1313    i.im_init           id_manager.o
    0x0001e238   0x0001e238   0x00000038   Code   RO         1314    i.im_is_duplicate_bonding_data  id_manager.o
    0x0001e270   0x0001e270   0x0000001c   Code   RO         1315    i.im_master_id_is_valid  id_manager.o
    0x0001e28c   0x0001e28c   0x0000002c   Code   RO         1316    i.im_master_ids_compare  id_manager.o
    0x0001e2b8   0x0001e2b8   0x00000008   Code   RO         1317    i.im_new_peer_id    id_manager.o
    0x0001e2c0   0x0001e2c0   0x0000006e   Code   RO         1318    i.im_pdb_evt_handler  id_manager.o
    0x0001e32e   0x0001e32e   0x00000002   PAD
    0x0001e330   0x0001e330   0x0000002c   Code   RO         1319    i.im_peer_free      id_manager.o
    0x0001e35c   0x0001e35c   0x00000020   Code   RO         1320    i.im_peer_id_get_by_conn_handle  id_manager.o
    0x0001e37c   0x0001e37c   0x00000044   Code   RO         1321    i.im_peer_id_get_by_master_id  id_manager.o
    0x0001e3c0   0x0001e3c0   0x000000c0   Code   RO         3670    i.init_execute      fds.o
    0x0001e480   0x0001e480   0x00000080   Code   RO         4356    i.intern_softdevice_events_execute  softdevice_handler.o
    0x0001e500   0x0001e500   0x0000001c   Code   RO          874    i.is_conn_params_ok  ble_conn_params.o
    0x0001e51c   0x0001e51c   0x00000048   Code   RO         4496    i.is_manual_peripheral_setup_needed  system_nrf51.o
    0x0001e564   0x0001e564   0x00000016   Code   RO         1326    i.is_valid_irk      id_manager.o
    0x0001e57a   0x0001e57a   0x0000000c   Code   RO         3671    i.is_word_aligned   fds.o
    0x0001e586   0x0001e586   0x00000002   PAD
    0x0001e588   0x0001e588   0x0000009c   Code   RO         2432    i.link_secure       security_manager.o
    0x0001e624   0x0001e624   0x00000088   Code   RO         2321    i.link_secure_central  security_dispatcher.o
    0x0001e6ac   0x0001e6ac   0x000000c6   Code   RO         2322    i.link_secure_central_existing_peer  security_dispatcher.o
    0x0001e772   0x0001e772   0x00000002   PAD
    0x0001e774   0x0001e774   0x00000074   Code   RO         2323    i.link_secure_central_new_peer  security_dispatcher.o
    0x0001e7e8   0x0001e7e8   0x00000050   Code   RO         2324    i.link_secure_failure  security_dispatcher.o
    0x0001e838   0x0001e838   0x0000005c   Code   RO         2433    i.link_secure_pending_process  security_manager.o
    0x0001e894   0x0001e894   0x000000ac   Code   RO         3434    i.list_deletions_handler  app_timer.o
    0x0001e940   0x0001e940   0x000000bc   Code   RO         3435    i.list_insertions_handler  app_timer.o
    0x0001e9fc   0x0001e9fc   0x00000078   Code   RO         1127    i.local_db_apply_in_evt  gatt_cache_manager.o
    0x0001ea74   0x0001ea74   0x00000078   Code   RO         1128    i.local_db_update_in_evt  gatt_cache_manager.o
    0x0001eaec   0x0001eaec   0x00000032   Code   RO         2268    i.lock_by_mask      pm_mutex.o
    0x0001eb1e   0x0001eb1e   0x00000002   PAD
    0x0001eb20   0x0001eb20   0x000000d0   Code   RO           16    i.main              main.o
    0x0001ebf0   0x0001ebf0   0x00000068   Code   RO          713    i.manuf_specific_data_encode  ble_advdata.o
    0x0001ec58   0x0001ec58   0x0000009e   Code   RO          714    i.name_encode       ble_advdata.o
    0x0001ecf6   0x0001ecf6   0x00000002   PAD
    0x0001ecf8   0x0001ecf8   0x0000005c   Code   RO         1327    i.new_connection    id_manager.o
    0x0001ed54   0x0001ed54   0x00000034   Code   RO         1882    i.next_id_get       peer_id.o
    0x0001ed88   0x0001ed88   0x00000010   Code   RO         2914    i.nrf_bitmask_bit_is_set  nrf_drv_gpiote.o
    0x0001ed98   0x0001ed98   0x00000004   Code   RO         1497    i.nrf_ble_gatt_init  nrf_ble_gatt.o
    0x0001ed9c   0x0001ed9c   0x00000002   Code   RO         1498    i.nrf_ble_gatt_on_ble_evt  nrf_ble_gatt.o
    0x0001ed9e   0x0001ed9e   0x00000010   Code   RO         2712    i.nrf_clock_event_check  nrf_drv_clock.o
    0x0001edae   0x0001edae   0x00000002   PAD
    0x0001edb0   0x0001edb0   0x00000030   Code   RO         3436    i.nrf_delay_us      app_timer.o
    0x0001ede0   0x0001ede0   0x00000048   Code   RO         2719    i.nrf_drv_clock_init  nrf_drv_clock.o
    0x0001ee28   0x0001ee28   0x00000034   Code   RO         2726    i.nrf_drv_clock_on_sd_enable  nrf_drv_clock.o
    0x0001ee5c   0x0001ee5c   0x0000000c   Code   RO         2727    i.nrf_drv_clock_on_soc_event  nrf_drv_clock.o
    0x0001ee68   0x0001ee68   0x00000060   Code   RO         2869    i.nrf_drv_common_irq_enable  nrf_drv_common.o
    0x0001eec8   0x0001eec8   0x00000022   Code   RO          537    i.nrf_gpio_cfg_sense_set  bsp.o
    0x0001eeea   0x0001eeea   0x00000022   Code   RO         2936    i.nrf_gpio_cfg_sense_set  nrf_drv_gpiote.o
    0x0001ef0c   0x0001ef0c   0x00000018   Code   RO          426    i.nrf_gpio_pin_write  boards.o
    0x0001ef24   0x0001ef24   0x00000028   Code   RO         2937    i.nrf_gpio_ports_read  nrf_drv_gpiote.o
    0x0001ef4c   0x0001ef4c   0x00000010   Code   RO         2938    i.nrf_gpiote_event_clear  nrf_drv_gpiote.o
    0x0001ef5c   0x0001ef5c   0x00000014   Code   RO         2939    i.nrf_gpiote_event_is_set  nrf_drv_gpiote.o
    0x0001ef70   0x0001ef70   0x0000000a   Code   RO         3143    i.nrf_uart_event_check  nrf_drv_uart.o
    0x0001ef7a   0x0001ef7a   0x00000010   Code   RO         3144    i.nrf_uart_int_enable_check  nrf_drv_uart.o
    0x0001ef8a   0x0001ef8a   0x00000020   Code   RO           17    i.on_adv_evt        main.o
    0x0001efaa   0x0001efaa   0x00000002   PAD
    0x0001efac   0x0001efac   0x000000a0   Code   RO           18    i.on_ble_evt        main.o
    0x0001f04c   0x0001f04c   0x00000020   Code   RO           19    i.on_conn_params_evt  main.o
    0x0001f06c   0x0001f06c   0x00000054   Code   RO         3948    i.on_operation_success  fstorage.o
    0x0001f0c0   0x0001f0c0   0x00000078   Code   RO         3672    i.op_enqueue        fds.o
    0x0001f138   0x0001f138   0x00000012   Code   RO         3673    i.page_offsets_update  fds.o
    0x0001f14a   0x0001f14a   0x00000002   PAD
    0x0001f14c   0x0001f14c   0x00000058   Code   RO         3674    i.page_scan         fds.o
    0x0001f1a4   0x0001f1a4   0x0000001c   Code   RO         3675    i.page_tag_write_data  fds.o
    0x0001f1c0   0x0001f1c0   0x00000024   Code   RO         3676    i.page_tag_write_swap  fds.o
    0x0001f1e4   0x0001f1e4   0x000000f0   Code   RO         3677    i.pages_init        fds.o
    0x0001f2d4   0x0001f2d4   0x0000006c   Code   RO         2325    i.pairing_failure   security_dispatcher.o
    0x0001f340   0x0001f340   0x0000003c   Code   RO         2434    i.params_reply_pending_process  security_manager.o
    0x0001f37c   0x0001f37c   0x0000001c   Code   RO         1722    i.pdb_evt_send      peer_database.o
    0x0001f398   0x0001f398   0x0000004c   Code   RO         1723    i.pdb_init          peer_database.o
    0x0001f3e4   0x0001f3e4   0x00000008   Code   RO         1725    i.pdb_next_deleted_peer_id_get  peer_database.o
    0x0001f3ec   0x0001f3ec   0x00000008   Code   RO         1726    i.pdb_next_peer_id_get  peer_database.o
    0x0001f3f4   0x0001f3f4   0x00000134   Code   RO         1727    i.pdb_pds_evt_handler  peer_database.o
    0x0001f528   0x0001f528   0x00000008   Code   RO         1728    i.pdb_peer_allocate  peer_database.o
    0x0001f530   0x0001f530   0x0000000a   Code   RO         1730    i.pdb_peer_data_ptr_get  peer_database.o
    0x0001f53a   0x0001f53a   0x0000004a   Code   RO         1731    i.pdb_peer_free     peer_database.o
    0x0001f584   0x0001f584   0x0000000c   Code   RO         1732    i.pdb_raw_store     peer_database.o
    0x0001f590   0x0001f590   0x00000108   Code   RO         1733    i.pdb_write_buf_get  peer_database.o
    0x0001f698   0x0001f698   0x0000002a   Code   RO         1734    i.pdb_write_buf_release  peer_database.o
    0x0001f6c2   0x0001f6c2   0x00000002   PAD
    0x0001f6c4   0x0001f6c4   0x000000c8   Code   RO         1735    i.pdb_write_buf_store  peer_database.o
    0x0001f78c   0x0001f78c   0x00000068   Code   RO         1736    i.pdb_write_buf_store_prepare  peer_database.o
    0x0001f7f4   0x0001f7f4   0x0000000c   Code   RO         1570    i.pds_evt_send      peer_data_storage.o
    0x0001f800   0x0001f800   0x00000070   Code   RO         1571    i.pds_init          peer_data_storage.o
    0x0001f870   0x0001f870   0x00000008   Code   RO         1572    i.pds_next_deleted_peer_id_get  peer_data_storage.o
    0x0001f878   0x0001f878   0x00000008   Code   RO         1573    i.pds_next_peer_id_get  peer_data_storage.o
    0x0001f880   0x0001f880   0x00000054   Code   RO         1576    i.pds_peer_data_iterate  peer_data_storage.o
    0x0001f8d4   0x0001f8d4   0x00000010   Code   RO         1577    i.pds_peer_data_iterate_prepare  peer_data_storage.o
    0x0001f8e4   0x0001f8e4   0x00000070   Code   RO         1578    i.pds_peer_data_read  peer_data_storage.o
    0x0001f954   0x0001f954   0x000000ae   Code   RO         1579    i.pds_peer_data_store  peer_data_storage.o
    0x0001fa02   0x0001fa02   0x00000002   PAD
    0x0001fa04   0x0001fa04   0x00000010   Code   RO         1580    i.pds_peer_id_allocate  peer_data_storage.o
    0x0001fa14   0x0001fa14   0x00000016   Code   RO         1581    i.pds_peer_id_free  peer_data_storage.o
    0x0001fa2a   0x0001fa2a   0x00000008   Code   RO         1582    i.pds_peer_id_is_allocated  peer_data_storage.o
    0x0001fa32   0x0001fa32   0x00000030   Code   RO         1583    i.pds_space_reserve  peer_data_storage.o
    0x0001fa62   0x0001fa62   0x00000010   Code   RO         1584    i.pds_space_reserve_cancel  peer_data_storage.o
    0x0001fa72   0x0001fa72   0x0000000a   Code   RO         1737    i.peer_data_const_point_to_buffer  peer_database.o
    0x0001fa7c   0x0001fa7c   0x00000080   Code   RO         1585    i.peer_data_delete  peer_data_storage.o
    0x0001fafc   0x0001fafc   0x00000030   Code   RO         1586    i.peer_data_find    peer_data_storage.o
    0x0001fb2c   0x0001fb2c   0x00000020   Code   RO         1587    i.peer_data_id_is_valid  peer_data_storage.o
    0x0001fb4c   0x0001fb4c   0x00000014   Code   RO         1738    i.peer_data_point_to_buffer  peer_database.o
    0x0001fb60   0x0001fb60   0x00000010   Code   RO         1883    i.peer_id_allocate  peer_id.o
    0x0001fb70   0x0001fb70   0x00000028   Code   RO         1884    i.peer_id_delete    peer_id.o
    0x0001fb98   0x0001fb98   0x0000001c   Code   RO         1885    i.peer_id_free      peer_id.o
    0x0001fbb4   0x0001fbb4   0x00000010   Code   RO         1886    i.peer_id_get_next_deleted  peer_id.o
    0x0001fbc4   0x0001fbc4   0x00000034   Code   RO         1887    i.peer_id_get_next_used  peer_id.o
    0x0001fbf8   0x0001fbf8   0x00000028   Code   RO         1888    i.peer_id_init      peer_id.o
    0x0001fc20   0x0001fc20   0x00000018   Code   RO         1889    i.peer_id_is_allocated  peer_id.o
    0x0001fc38   0x0001fc38   0x00000018   Code   RO         1890    i.peer_id_is_deleted  peer_id.o
    0x0001fc50   0x0001fc50   0x0000001c   Code   RO         1328    i.peer_id_set       id_manager.o
    0x0001fc6c   0x0001fc6c   0x0000000a   Code   RO         1588    i.peer_id_to_file_id  peer_data_storage.o
    0x0001fc76   0x0001fc76   0x00000002   PAD
    0x0001fc78   0x0001fc78   0x00000088   Code   RO           20    i.peer_manager_init  main.o
    0x0001fd00   0x0001fd00   0x0000005e   Code   RO         2230    i.pm_buffer_block_acquire  pm_buffer.o
    0x0001fd5e   0x0001fd5e   0x00000042   Code   RO         2231    i.pm_buffer_init    pm_buffer.o
    0x0001fda0   0x0001fda0   0x0000002e   Code   RO         2232    i.pm_buffer_ptr_get  pm_buffer.o
    0x0001fdce   0x0001fdce   0x0000002a   Code   RO         2233    i.pm_buffer_release  pm_buffer.o
    0x0001fdf8   0x0001fdf8   0x00000008   Code   RO         1969    i.pm_conn_sec_config_reply  peer_manager.o
    0x0001fe00   0x0001fe00   0x00000054   Code   RO           21    i.pm_evt_handler    main.o
    0x0001fe54   0x0001fe54   0x00000080   Code   RO         1973    i.pm_gcm_evt_handler  peer_manager.o
    0x0001fed4   0x0001fed4   0x00000050   Code   RO         1976    i.pm_im_evt_handler  peer_manager.o
    0x0001ff24   0x0001ff24   0x00000070   Code   RO         1977    i.pm_init           peer_manager.o
    0x0001ff94   0x0001ff94   0x00000014   Code   RO         1979    i.pm_local_database_has_changed  peer_manager.o
    0x0001ffa8   0x0001ffa8   0x00000010   Code   RO         2269    i.pm_mutex_init     pm_mutex.o
    0x0001ffb8   0x0001ffb8   0x0000001c   Code   RO         2270    i.pm_mutex_lock     pm_mutex.o
    0x0001ffd4   0x0001ffd4   0x00000034   Code   RO         2271    i.pm_mutex_lock_first_available  pm_mutex.o
    0x00020008   0x00020008   0x00000018   Code   RO         2272    i.pm_mutex_lock_status_get  pm_mutex.o
    0x00020020   0x00020020   0x00000036   Code   RO         2273    i.pm_mutex_unlock   pm_mutex.o
    0x00020056   0x00020056   0x00000002   PAD
    0x00020058   0x00020058   0x00000024   Code   RO         1981    i.pm_on_ble_evt     peer_manager.o
    0x0002007c   0x0002007c   0x0000013c   Code   RO         1982    i.pm_pdb_evt_handler  peer_manager.o
    0x000201b8   0x000201b8   0x00000018   Code   RO         1993    i.pm_peer_delete    peer_manager.o
    0x000201d0   0x000201d0   0x0000003c   Code   RO         1998    i.pm_peers_delete   peer_manager.o
    0x0002020c   0x0002020c   0x00000030   Code   RO         2001    i.pm_register       peer_manager.o
    0x0002023c   0x0002023c   0x00000018   Code   RO         2003    i.pm_sec_params_set  peer_manager.o
    0x00020254   0x00020254   0x0000014c   Code   RO         2004    i.pm_sm_evt_handler  peer_manager.o
    0x000203a0   0x000203a0   0x00000036   Code   RO         2589    i.pnp_id_encode     ble_dis.o
    0x000203d6   0x000203d6   0x00000002   PAD
    0x000203d8   0x000203d8   0x0000002c   Code   RO         3949    i.queue_advance     fstorage.o
    0x00020404   0x00020404   0x00000038   Code   RO         3950    i.queue_get_next_free  fstorage.o
    0x0002043c   0x0002043c   0x000000b8   Code   RO         3678    i.queue_process     fds.o
    0x000204f4   0x000204f4   0x0000006c   Code   RO         3951    i.queue_process     fstorage.o
    0x00020560   0x00020560   0x0000001c   Code   RO         3679    i.queue_start       fds.o
    0x0002057c   0x0002057c   0x0000001c   Code   RO         3952    i.queue_start       fstorage.o
    0x00020598   0x00020598   0x00000084   Code   RO         3680    i.record_find       fds.o
    0x0002061c   0x0002061c   0x000000a0   Code   RO         3681    i.record_find_by_desc  fds.o
    0x000206bc   0x000206bc   0x00000054   Code   RO         3682    i.record_find_next  fds.o
    0x00020710   0x00020710   0x00000038   Code   RO         3683    i.record_header_flag_dirty  fds.o
    0x00020748   0x00020748   0x0000000a   Code   RO         1589    i.record_key_to_peer_data_id  peer_data_storage.o
    0x00020752   0x00020752   0x00000002   PAD
    0x00020754   0x00020754   0x00000018   Code   RO         1590    i.record_key_within_pm_range  peer_data_storage.o
    0x0002076c   0x0002076c   0x0000005c   Code   RO         3684    i.record_write_chunk  fds.o
    0x000207c8   0x000207c8   0x00000012   Code   RO         1892    i.release           peer_id.o
    0x000207da   0x000207da   0x00000002   PAD
    0x000207dc   0x000207dc   0x0000008c   Code   RO           22    i.rr_interval_timeout_handler  main.o
    0x00020868   0x00020868   0x00000044   Code   RO         3437    i.rtc1_stop         app_timer.o
    0x000208ac   0x000208ac   0x00000026   Code   RO         3145    i.rx_byte           nrf_drv_uart.o
    0x000208d2   0x000208d2   0x00000014   Code   RO         3146    i.rx_done_event     nrf_drv_uart.o
    0x000208e6   0x000208e6   0x00000002   PAD
    0x000208e8   0x000208e8   0x00000084   Code   RO         4358    i.sd_nvic_EnableIRQ  softdevice_handler.o
    0x0002096c   0x0002096c   0x00000046   Code   RO         4086    i.sdk_mapped_flags_bulk_update_by_key  sdk_mapped_flags.o
    0x000209b2   0x000209b2   0x00000002   PAD
    0x000209b4   0x000209b4   0x00000028   Code   RO         4087    i.sdk_mapped_flags_first_key_index_get  sdk_mapped_flags.o
    0x000209dc   0x000209dc   0x00000010   Code   RO         4088    i.sdk_mapped_flags_get_by_index  sdk_mapped_flags.o
    0x000209ec   0x000209ec   0x00000026   Code   RO         4089    i.sdk_mapped_flags_get_by_key  sdk_mapped_flags.o
    0x00020a12   0x00020a12   0x00000046   Code   RO         4090    i.sdk_mapped_flags_key_list_get  sdk_mapped_flags.o
    0x00020a58   0x00020a58   0x0000000e   Code   RO         4092    i.sdk_mapped_flags_update_by_key  sdk_mapped_flags.o
    0x00020a66   0x00020a66   0x00000002   PAD
    0x00020a68   0x00020a68   0x000000b4   Code   RO         2326    i.sec_info_request_process  security_dispatcher.o
    0x00020b1c   0x00020b1c   0x00000076   Code   RO         2435    i.sec_params_verify  security_manager.o
    0x00020b92   0x00020b92   0x00000002   PAD
    0x00020b94   0x00020b94   0x0000004c   Code   RO         2327    i.sec_proc_start    security_dispatcher.o
    0x00020be0   0x00020be0   0x0000001c   Code   RO         2328    i.sec_start_send    security_dispatcher.o
    0x00020bfc   0x00020bfc   0x00000048   Code   RO         3953    i.send_event        fstorage.o
    0x00020c44   0x00020c44   0x0000001c   Code   RO           23    i.sensor_contact_detected_timeout_handler  main.o
    0x00020c60   0x00020c60   0x0000005c   Code   RO           24    i.sensor_simulator_init  main.o
    0x00020cbc   0x00020cbc   0x0000001c   Code   RO         4139    i.sensorsim_decrement  sensorsim.o
    0x00020cd8   0x00020cd8   0x0000001c   Code   RO         4140    i.sensorsim_increment  sensorsim.o
    0x00020cf4   0x00020cf4   0x00000018   Code   RO         4141    i.sensorsim_init    sensorsim.o
    0x00020d0c   0x00020d0c   0x0000001a   Code   RO         4142    i.sensorsim_measure  sensorsim.o
    0x00020d26   0x00020d26   0x00000002   PAD
    0x00020d28   0x00020d28   0x00000058   Code   RO         1129    i.service_changed_pending_flags_check  gatt_cache_manager.o
    0x00020d80   0x00020d80   0x00000044   Code   RO         1231    i.service_changed_pending_set  gatts_cache_manager.o
    0x00020dc4   0x00020dc4   0x00000098   Code   RO         1130    i.service_changed_send_in_evt  gatt_cache_manager.o
    0x00020e5c   0x00020e5c   0x0000008e   Code   RO          715    i.service_data_encode  ble_advdata.o
    0x00020eea   0x00020eea   0x00000002   PAD
    0x00020eec   0x00020eec   0x000000f0   Code   RO           25    i.services_init     main.o
    0x00020fdc   0x00020fdc   0x00000058   Code   RO          793    i.set_adv_mode_fast  ble_advertising.o
    0x00021034   0x00021034   0x00000054   Code   RO          794    i.set_adv_mode_slow  ble_advertising.o
    0x00021088   0x00021088   0x00000028   Code   RO           26    i.sleep_mode_enter  main.o
    0x000210b0   0x000210b0   0x00000014   Code   RO         2436    i.sm_ble_evt_handler  security_manager.o
    0x000210c4   0x000210c4   0x0000001c   Code   RO         2437    i.sm_conn_sec_config_reply  security_manager.o
    0x000210e0   0x000210e0   0x00000050   Code   RO         2438    i.sm_init           security_manager.o
    0x00021130   0x00021130   0x00000034   Code   RO         2441    i.sm_pdb_evt_handler  security_manager.o
    0x00021164   0x00021164   0x00000030   Code   RO         2443    i.sm_sec_params_set  security_manager.o
    0x00021194   0x00021194   0x0000007c   Code   RO         2444    i.sm_smd_evt_handler  security_manager.o
    0x00021210   0x00021210   0x000000e4   Code   RO         2329    i.smd_ble_evt_handler  security_dispatcher.o
    0x000212f4   0x000212f4   0x0000003c   Code   RO         2330    i.smd_init          security_dispatcher.o
    0x00021330   0x00021330   0x00000030   Code   RO         2331    i.smd_link_secure   security_dispatcher.o
    0x00021360   0x00021360   0x00000110   Code   RO         2332    i.smd_params_reply  security_dispatcher.o
    0x00021470   0x00021470   0x00000088   Code   RO         2445    i.smd_params_reply_perform  security_manager.o
    0x000214f8   0x000214f8   0x00000034   Code   RO         2333    i.smd_pdb_evt_handler  security_dispatcher.o
    0x0002152c   0x0002152c   0x00000014   Code   RO         4359    i.softdevice_ble_evt_handler_set  softdevice_handler.o
    0x00021540   0x00021540   0x00000014   Code   RO         4360    i.softdevice_enable  softdevice_handler.o
    0x00021554   0x00021554   0x00000028   Code   RO         4361    i.softdevice_enable_get_default_config  softdevice_handler.o
    0x0002157c   0x0002157c   0x00000008   Code   RO         4362    i.softdevice_fault_handler  softdevice_handler.o
    0x00021584   0x00021584   0x00000058   Code   RO         4363    i.softdevice_handler_init  softdevice_handler.o
    0x000215dc   0x000215dc   0x0000000c   Code   RO         4364    i.softdevice_handler_is_enabled  softdevice_handler.o
    0x000215e8   0x000215e8   0x00000014   Code   RO         4369    i.softdevice_sys_evt_handler_set  softdevice_handler.o
    0x000215fc   0x000215fc   0x00000010   Code   RO           27    i.sys_evt_dispatch  main.o
    0x0002160c   0x0002160c   0x0000004e   Code   RO         2590    i.sys_id_encode     ble_dis.o
    0x0002165a   0x0002165a   0x00000002   PAD
    0x0002165c   0x0002165c   0x00000084   Code   RO         3438    i.timer_list_handler  app_timer.o
    0x000216e0   0x000216e0   0x00000010   Code   RO         3439    i.timer_list_handler_sched  app_timer.o
    0x000216f0   0x000216f0   0x00000040   Code   RO         3440    i.timer_list_insert  app_timer.o
    0x00021730   0x00021730   0x00000048   Code   RO         3441    i.timer_stop_op_schedule  app_timer.o
    0x00021778   0x00021778   0x00000080   Code   RO         3442    i.timer_timeouts_check  app_timer.o
    0x000217f8   0x000217f8   0x00000080   Code   RO           28    i.timers_init       main.o
    0x00021878   0x00021878   0x0000001e   Code   RO         3148    i.tx_byte           nrf_drv_uart.o
    0x00021896   0x00021896   0x00000018   Code   RO         3149    i.tx_done_event     nrf_drv_uart.o
    0x000218ae   0x000218ae   0x00000128   Code   RO         3150    i.uart_irq_handler  nrf_drv_uart.o
    0x000219d6   0x000219d6   0x0000000a   Code   RO          716    i.uint16_encode     ble_advdata.o
    0x000219e0   0x000219e0   0x00000064   Code   RO          875    i.update_timeout_handler  ble_conn_params.o
    0x00021a44   0x00021a44   0x00000018   Code   RO          952    i.user_flag_is_acquired  ble_conn_state.o
    0x00021a5c   0x00021a5c   0x0000002c   Code   RO         3443    i.user_op_alloc     app_timer.o
    0x00021a88   0x00021a88   0x00000030   Code   RO          717    i.uuid_list_encode  ble_advdata.o
    0x00021ab8   0x00021ab8   0x000000ae   Code   RO          718    i.uuid_list_sized_encode  ble_advdata.o
    0x00021b66   0x00021b66   0x00000002   PAD
    0x00021b68   0x00021b68   0x00000018   Code   RO          795    i.whitelist_has_entries  ble_advertising.o
    0x00021b80   0x00021b80   0x00000024   Code   RO         1739    i.write_buf_length_words_set  peer_database.o
    0x00021ba4   0x00021ba4   0x00000024   Code   RO         1740    i.write_buffer_record_find  peer_database.o
    0x00021bc8   0x00021bc8   0x00000028   Code   RO         1741    i.write_buffer_record_find_next  peer_database.o
    0x00021bf0   0x00021bf0   0x00000022   Code   RO         1742    i.write_buffer_record_invalidate  peer_database.o
    0x00021c12   0x00021c12   0x00000002   PAD
    0x00021c14   0x00021c14   0x00000028   Code   RO         1743    i.write_buffer_record_release  peer_database.o
    0x00021c3c   0x00021c3c   0x00000118   Code   RO         3685    i.write_enqueue     fds.o
    0x00021d54   0x00021d54   0x000000f4   Code   RO         3686    i.write_execute     fds.o
    0x00021e48   0x00021e48   0x00000014   Code   RO         3687    i.write_space_free  fds.o
    0x00021e5c   0x00021e5c   0x0000004c   Code   RO         3688    i.write_space_reserve  fds.o
    0x00021ea8   0x00021ea8   0x00000014   Data   RO           34    .constdata          main.o
    0x00021ebc   0x00021ebc   0x00000009   Data   RO          427    .constdata          boards.o
    0x00021ec5   0x00021ec5   0x00000003   PAD
    0x00021ec8   0x00021ec8   0x0000002c   Data   RO          542    .constdata          bsp.o
    0x00021ef4   0x00021ef4   0x00000004   Data   RO          878    .constdata          ble_conn_params.o
    0x00021ef8   0x00021ef8   0x00000004   Data   RO         1232    .constdata          gatts_cache_manager.o
    0x00021efc   0x00021efc   0x00000010   Data   RO         1233    .constdata          gatts_cache_manager.o
    0x00021f0c   0x00021f0c   0x00000004   Data   RO         1234    .constdata          gatts_cache_manager.o
    0x00021f10   0x00021f10   0x00000008   Data   RO         1331    .constdata          id_manager.o
    0x00021f18   0x00021f18   0x00000004   Data   RO         1591    .constdata          peer_data_storage.o
    0x00021f1c   0x00021f1c   0x00000014   Data   RO         1745    .constdata          peer_database.o
    0x00021f30   0x00021f30   0x00000044   Data   RO         2335    .constdata          security_dispatcher.o
    0x00021f74   0x00021f74   0x00000004   Data   RO         2446    .constdata          security_manager.o
    0x00021f78   0x00021f78   0x00000004   Data   RO         2943    .constdata          nrf_drv_gpiote.o
    0x00021f7c   0x00021f7c   0x00000014   Data   RO         3690    .constdata          fds.o
    0x00021f90   0x00021f90   0x00000020   Data   RO         4566    Region$$Table       anon$$obj.o


    Execution Region RW_IRAM1 (Exec base: 0x20002000, Load base: 0x00021fb0, Size: 0x000014c8, Max: 0x00004000, ABSOLUTE, COMPRESSED[0x0000003c])

    Exec Addr    Load Addr    Size         Type   Attr      Idx    E Section Name        Object

    0x20002000   COMPRESSED   0x0000002c   Data   RW           35    .data               main.o
    0x2000202c   COMPRESSED   0x00000014   Data   RW          543    .data               bsp.o
    0x20002040   COMPRESSED   0x00000008   Data   RW          639    .data               bsp_btn_ble.o
    0x20002048   COMPRESSED   0x00000030   Data   RW          799    .data               ble_advertising.o
    0x20002078   COMPRESSED   0x00000014   Data   RW          879    .data               ble_conn_params.o
    0x2000208c   COMPRESSED   0x0000000c   Data   RW         1131    .data               gatt_cache_manager.o
    0x20002098   COMPRESSED   0x0000000c   Data   RW         1235    .data               gatts_cache_manager.o
    0x200020a4   COMPRESSED   0x0000000a   Data   RW         1332    .data               id_manager.o
    0x200020ae   COMPRESSED   0x00000002   PAD
    0x200020b0   COMPRESSED   0x0000000c   Data   RW         1592    .data               peer_data_storage.o
    0x200020bc   COMPRESSED   0x00000008   Data   RW         1746    .data               peer_database.o
    0x200020c4   COMPRESSED   0x00000010   Data   RW         2009    .data               peer_manager.o
    0x200020d4   COMPRESSED   0x00000004   Data   RW         2336    .data               security_dispatcher.o
    0x200020d8   COMPRESSED   0x00000015   Data   RW         2447    .data               security_manager.o
    0x200020ed   COMPRESSED   0x00000001   PAD
    0x200020ee   COMPRESSED   0x0000004a   Data   RW         2591    .data               ble_dis.o
    0x20002138   COMPRESSED   0x00000020   Data   RW         3444    .data               app_timer.o
    0x20002158   COMPRESSED   0x0000000c   Data   RW         3571    .data               app_util_platform.o
    0x20002164   COMPRESSED   0x00000018   Data   RW         3691    .data               fds.o
    0x2000217c   COMPRESSED   0x00000002   Data   RW         3955    .data               fstorage.o
    0x2000217e   COMPRESSED   0x00000002   PAD
    0x20002180   COMPRESSED   0x00000014   Data   RW         4370    .data               softdevice_handler.o
    0x20002194   COMPRESSED   0x00000004   Data   RW         4497    .data               system_nrf51.o
    0x20002198   COMPRESSED   0x00000010   Data   RW         3692    fs_data             fds.o
    0x200021a8        -       0x00000020   Zero   RW           29    .bss                main.o
    0x200021c8        -       0x00000020   Zero   RW           30    .bss                main.o
    0x200021e8        -       0x00000020   Zero   RW           31    .bss                main.o
    0x20002208        -       0x00000020   Zero   RW           32    .bss                main.o
    0x20002228        -       0x000001f0   Zero   RW           33    .bss                main.o
    0x20002418        -       0x00000020   Zero   RW          538    .bss                bsp.o
    0x20002438        -       0x00000020   Zero   RW          539    .bss                bsp.o
    0x20002458        -       0x0000000c   Zero   RW          540    .bss                bsp.o
    0x20002464        -       0x00000020   Zero   RW          541    .bss                bsp.o
    0x20002484        -       0x0000016b   Zero   RW          796    .bss                ble_advertising.o
    0x200025ef   COMPRESSED   0x00000001   PAD
    0x200025f0        -       0x00000020   Zero   RW          797    .bss                ble_advertising.o
    0x20002610        -       0x00000020   Zero   RW          798    .bss                ble_advertising.o
    0x20002630        -       0x00000020   Zero   RW          876    .bss                ble_conn_params.o
    0x20002650        -       0x0000001c   Zero   RW          877    .bss                ble_conn_params.o
    0x2000266c        -       0x00000034   Zero   RW          953    .bss                ble_conn_state.o
    0x200026a0        -       0x00000070   Zero   RW         1330    .bss                id_manager.o
    0x20002710        -       0x00000330   Zero   RW         1744    .bss                peer_database.o
    0x20002a40        -       0x00000040   Zero   RW         1893    .bss                peer_id.o
    0x20002a80        -       0x0000000c   Zero   RW         2007    .bss                peer_manager.o
    0x20002a8c        -       0x00000040   Zero   RW         2334    .bss                security_dispatcher.o
    0x20002acc        -       0x00000014   Zero   RW         2729    .bss                nrf_drv_clock.o
    0x20002ae0        -       0x00000048   Zero   RW         2942    .bss                nrf_drv_gpiote.o
    0x20002b28        -       0x0000001c   Zero   RW         3151    .bss                nrf_drv_uart.o
    0x20002b44        -       0x0000011c   Zero   RW         3689    .bss                fds.o
    0x20002c60        -       0x00000068   Zero   RW         3954    .bss                fstorage.o
    0x20002cc8        -       0x00000800   Zero   RW         4485    STACK               arm_startup_nrf51.o


==============================================================================

Image component sizes


      Code (inc. data)   RO Data    RW Data    ZI Data      Debug   Object Name

        24          4          0          0          0       2217   app_error.o
        28         10          0          0          0       7098   app_error_weak.o
      1608        158          0         32          0      43231   app_timer.o
       104         20          0         12          0       6410   app_util_platform.o
        56         18        192          0       2048        708   arm_startup_nrf51.o
      1368          6          0          0          0      30708   ble_advdata.o
      1048         68          0         48        427       9973   ble_advertising.o
       596         20          0          0          0       4875   ble_bas.o
       460         60          4         20         60       5564   ble_conn_params.o
       532         52          0          0         52       9545   ble_conn_state.o
       604         16          0         74          0       5527   ble_dis.o
       786         20          0          0          0       9555   ble_hrs.o
        44          0          0          0          0       2842   ble_srv_common.o
       212         46          9          0          0      10197   boards.o
       682         60         44         20        108      10936   bsp.o
       214          6          0          8          0       3994   bsp_btn_ble.o
      3622        378         20         40        284      45030   fds.o
       980         82          0          2        104      12671   fstorage.o
      1044         80          0         12          0      15736   gatt_cache_manager.o
       536         66         24         12          0       9175   gatts_cache_manager.o
      1174         92          8         10        112      20201   id_manager.o
      1966        236         20         44        624     139136   main.o
         6          0          0          0          0       1974   nrf_ble_gatt.o
       276         38          0          0         20      11948   nrf_drv_clock.o
        96         18          0          0          0       7320   nrf_drv_common.o
       518         34          4          0         72      19120   nrf_drv_gpiote.o
       454          8          0          0         28      16121   nrf_drv_uart.o
      1206         64          4         12          0      18576   peer_data_storage.o
      1358         72         20          8        816      23347   peer_database.o
       370         60          0          0         64       8811   peer_id.o
      1228        112          0         16         12      13108   peer_manager.o
       248          0          0          0          0       4319   pm_buffer.o
       224          0          0          0          0       5193   pm_mutex.o
       248          6          0          0          0       6112   sdk_mapped_flags.o
      1836        104         68          4         64      20232   security_dispatcher.o
      1086         82          4         21          0      16436   security_manager.o
       106          0          0          0          0       3247   sensorsim.o
       528         70          0         20          0      22152   softdevice_handler.o
       232         36          0          4          0       2367   system_nrf51.o

    ----------------------------------------------------------------------
     27778       2202        456        424       4896     605712   Object Totals
         0          0         32          0          0          0   (incl. Generated)
        70          0          3          5          1          0   (incl. Padding)

    ----------------------------------------------------------------------

      Code (inc. data)   RO Data    RW Data    ZI Data      Debug   Library Member Name

        86          0          0          0          0          0   __dczerorl2.o
         0          0          0          0          0          0   entry.o
         0          0          0          0          0          0   entry10a.o
         0          0          0          0          0          0   entry11a.o
         8          4          0          0          0          0   entry2.o
         4          0          0          0          0          0   entry5.o
         0          0          0          0          0          0   entry7b.o
         0          0          0          0          0          0   entry8b.o
         8          4          0          0          0          0   entry9a.o
        30          0          0          0          0          0   handlers.o
        36          8          0          0          0         68   init.o
        26          0          0          0          0         72   memcmp.o
        64          0          0          0          0         68   memmovea.o
        36          0          0          0          0        100   memseta.o
        14          0          0          0          0         60   strlen.o
        44          0          0          0          0         72   uidiv.o

    ----------------------------------------------------------------------
       358         16          0          0          0        440   Library Totals
         2          0          0          0          0          0   (incl. Padding)

    ----------------------------------------------------------------------

      Code (inc. data)   RO Data    RW Data    ZI Data      Debug   Library Name

       356         16          0          0          0        440   mc_p.l

    ----------------------------------------------------------------------
       358         16          0          0          0        440   Library Totals

    ----------------------------------------------------------------------

==============================================================================


      Code (inc. data)   RO Data    RW Data    ZI Data      Debug   

     28136       2218        456        424       4896     589876   Grand Totals
     28136       2218        456         60       4896     589876   ELF Image Totals (compressed)
     28136       2218        456         60          0          0   ROM Totals

==============================================================================

    Total RO  Size (Code + RO Data)                28592 (  27.92kB)
    Total RW  Size (RW Data + ZI Data)              5320 (   5.20kB)
    Total ROM Size (Code + RO Data + RW Data)      28652 (  27.98kB)

==============================================================================

