Component: ARM Compiler 5.06 update 5 (build 528) Tool: armlink [4d35e2]

==============================================================================

Section Cross References

    main.o(i.led_toggle_task_function) refers to tasks.o(i.vTaskDelay) for vTaskDelay
    main.o(i.led_toggle_timer_callback) refers to boards.o(i.bsp_board_led_invert) for bsp_board_led_invert
    main.o(i.main) refers to nrf_drv_clock.o(i.nrf_drv_clock_init) for nrf_drv_clock_init
    main.o(i.main) refers to app_error.o(i.app_error_handler_bare) for app_error_handler_bare
    main.o(i.main) refers to boards.o(i.bsp_board_leds_init) for bsp_board_leds_init
    main.o(i.main) refers to boards.o(i.bsp_board_leds_off) for bsp_board_leds_off
    main.o(i.main) refers to tasks.o(i.xTaskGenericCreate) for xTaskGenericCreate
    main.o(i.main) refers to timers.o(i.xTimerCreate) for xTimerCreate
    main.o(i.main) refers to tasks.o(i.xTaskGetTickCount) for xTaskGetTickCount
    main.o(i.main) refers to timers.o(i.xTimerGenericCommand) for xTimerGenericCommand
    main.o(i.main) refers to tasks.o(i.vTaskStartScheduler) for vTaskStartScheduler
    main.o(i.main) refers to main.o(.data) for .data
    main.o(i.main) refers to main.o(i.led_toggle_task_function) for led_toggle_task_function
    main.o(i.main) refers to main.o(i.led_toggle_timer_callback) for led_toggle_timer_callback
    boards.o(i.bsp_board_button_idx_to_pin) refers to boards.o(.constdata) for .constdata
    boards.o(i.bsp_board_button_state_get) refers to boards.o(.constdata) for .constdata
    boards.o(i.bsp_board_buttons_init) refers to boards.o(i.nrf_gpio_cfg) for nrf_gpio_cfg
    boards.o(i.bsp_board_buttons_init) refers to boards.o(.constdata) for .constdata
    boards.o(i.bsp_board_led_idx_to_pin) refers to boards.o(.constdata) for .constdata
    boards.o(i.bsp_board_led_invert) refers to boards.o(.constdata) for .constdata
    boards.o(i.bsp_board_led_off) refers to boards.o(i.nrf_gpio_pin_write) for nrf_gpio_pin_write
    boards.o(i.bsp_board_led_off) refers to boards.o(.constdata) for .constdata
    boards.o(i.bsp_board_led_on) refers to boards.o(i.nrf_gpio_pin_write) for nrf_gpio_pin_write
    boards.o(i.bsp_board_led_on) refers to boards.o(.constdata) for .constdata
    boards.o(i.bsp_board_led_state_get) refers to boards.o(.constdata) for .constdata
    boards.o(i.bsp_board_leds_init) refers to boards.o(i.nrf_gpio_cfg) for nrf_gpio_cfg
    boards.o(i.bsp_board_leds_init) refers to boards.o(i.bsp_board_leds_off) for bsp_board_leds_off
    boards.o(i.bsp_board_leds_init) refers to boards.o(.constdata) for .constdata
    boards.o(i.bsp_board_leds_off) refers to boards.o(i.bsp_board_led_off) for bsp_board_led_off
    boards.o(i.bsp_board_leds_on) refers to boards.o(i.bsp_board_led_on) for bsp_board_led_on
    boards.o(i.bsp_board_pin_to_button_idx) refers to boards.o(.constdata) for .constdata
    boards.o(i.bsp_board_pin_to_led_idx) refers to boards.o(.constdata) for .constdata
    bsp.o(i.alert_timer_handler) refers to boards.o(i.bsp_board_led_invert) for bsp_board_led_invert
    bsp.o(i.bsp_button_event_handler) refers to boards.o(i.bsp_board_pin_to_button_idx) for bsp_board_pin_to_button_idx
    bsp.o(i.bsp_button_event_handler) refers to app_timer_freertos.o(i.app_timer_start) for app_timer_start
    bsp.o(i.bsp_button_event_handler) refers to app_timer_freertos.o(i.app_timer_stop) for app_timer_stop
    bsp.o(i.bsp_button_event_handler) refers to bsp.o(.constdata) for .constdata
    bsp.o(i.bsp_button_event_handler) refers to bsp.o(.bss) for .bss
    bsp.o(i.bsp_button_event_handler) refers to bsp.o(.data) for .data
    bsp.o(i.bsp_button_is_pressed) refers to boards.o(i.bsp_board_button_state_get) for bsp_board_button_state_get
    bsp.o(i.bsp_buttons_disable) refers to app_button.o(i.app_button_disable) for app_button_disable
    bsp.o(i.bsp_buttons_enable) refers to app_button.o(i.app_button_enable) for app_button_enable
    bsp.o(i.bsp_event_to_button_action_assign) refers to bsp.o(.bss) for .bss
    bsp.o(i.bsp_indication_set) refers to bsp.o(i.bsp_led_indication) for bsp_led_indication
    bsp.o(i.bsp_indication_set) refers to bsp.o(.data) for .data
    bsp.o(i.bsp_init) refers to bsp.o(i.bsp_event_to_button_action_assign) for bsp_event_to_button_action_assign
    bsp.o(i.bsp_init) refers to app_button.o(i.app_button_init) for app_button_init
    bsp.o(i.bsp_init) refers to app_button.o(i.app_button_enable) for app_button_enable
    bsp.o(i.bsp_init) refers to app_timer_freertos.o(i.app_timer_create) for app_timer_create
    bsp.o(i.bsp_init) refers to boards.o(i.bsp_board_leds_init) for bsp_board_leds_init
    bsp.o(i.bsp_init) refers to bsp.o(.data) for .data
    bsp.o(i.bsp_init) refers to bsp.o(.constdata) for .constdata
    bsp.o(i.bsp_init) refers to bsp.o(i.button_timer_handler) for button_timer_handler
    bsp.o(i.bsp_init) refers to bsp.o(i.leds_timer_handler) for leds_timer_handler
[...]
    app_timer_freertos.o(i.app_timer_start) refers to tasks.o(i.xTaskGetTickCount) for xTaskGetTickCount
    app_timer_freertos.o(i.app_timer_start) refers to app_timer_freertos.o(.data) for .data
    app_timer_freertos.o(i.app_timer_stop) refers to timers.o(i.xTimerGenericCommand) for xTimerGenericCommand
    app_util_platform.o(i.app_util_critical_region_enter) refers to app_util_platform.o(i.app_util_disable_irq) for app_util_disable_irq
    app_util_platform.o(i.app_util_critical_region_exit) refers to app_util_platform.o(i.app_util_enable_irq) for app_util_enable_irq
    app_util_platform.o(i.app_util_disable_irq) refers to app_util_platform.o(.data) for .data
    app_util_platform.o(i.app_util_enable_irq) refers to app_util_platform.o(.data) for .data
    nrf_assert.o(i.assert_nrf_callback) refers to app_error_weak.o(i.app_error_fault_handler) for app_error_fault_handler
    segger_rtt.o(i.SEGGER_RTT_ConfigDownBuffer) refers to segger_rtt.o(i._DoInit) for _DoInit
    segger_rtt.o(i.SEGGER_RTT_ConfigDownBuffer) refers to app_util_platform.o(i.app_util_critical_region_enter) for app_util_critical_region_enter
    segger_rtt.o(i.SEGGER_RTT_ConfigDownBuffer) refers to app_util_platform.o(i.app_util_critical_region_exit) for app_util_critical_region_exit
    segger_rtt.o(i.SEGGER_RTT_ConfigDownBuffer) refers to segger_rtt.o(.bss) for .bss
    segger_rtt.o(i.SEGGER_RTT_ConfigUpBuffer) refers to segger_rtt.o(i._DoInit) for _DoInit
    segger_rtt.o(i.SEGGER_RTT_ConfigUpBuffer) refers to app_util_platform.o(i.app_util_critical_region_enter) for app_util_critical_region_enter
    segger_rtt.o(i.SEGGER_RTT_ConfigUpBuffer) refers to app_util_platform.o(i.app_util_critical_region_exit) for app_util_critical_region_exit
    segger_rtt.o(i.SEGGER_RTT_ConfigUpBuffer) refers to segger_rtt.o(.bss) for .bss
    segger_rtt.o(i.SEGGER_RTT_GetKey) refers to segger_rtt.o(i.SEGGER_RTT_Read) for SEGGER_RTT_Read
    segger_rtt.o(i.SEGGER_RTT_HasData) refers to segger_rtt.o(.bss) for .bss
    segger_rtt.o(i.SEGGER_RTT_HasKey) refers to segger_rtt.o(i._DoInit) for _DoInit
    segger_rtt.o(i.SEGGER_RTT_HasKey) refers to segger_rtt.o(.bss) for .bss
    segger_rtt.o(i.SEGGER_RTT_Init) refers to segger_rtt.o(i._DoInit) for _DoInit
    segger_rtt.o(i.SEGGER_RTT_Init) refers to segger_rtt.o(.bss) for .bss
    segger_rtt.o(i.SEGGER_RTT_Read) refers to app_util_platform.o(i.app_util_critical_region_enter) for app_util_critical_region_enter
    segger_rtt.o(i.SEGGER_RTT_Read) refers to segger_rtt.o(i.SEGGER_RTT_ReadNoLock) for SEGGER_RTT_ReadNoLock
    segger_rtt.o(i.SEGGER_RTT_Read) refers to app_util_platform.o(i.app_util_critical_region_exit) for app_util_critical_region_exit
    segger_rtt.o(i.SEGGER_RTT_ReadNoLock) refers to segger_rtt.o(i._DoInit) for _DoInit
    segger_rtt.o(i.SEGGER_RTT_ReadNoLock) refers to memcpya.o(.text) for __aeabi_memcpy
    segger_rtt.o(i.SEGGER_RTT_ReadNoLock) refers to segger_rtt.o(.bss) for .bss
    segger_rtt.o(i.SEGGER_RTT_SetNameDownBuffer) refers to segger_rtt.o(i._DoInit) for _DoInit
    segger_rtt.o(i.SEGGER_RTT_SetNameDownBuffer) refers to app_util_platform.o(i.app_util_critical_region_enter) for app_util_critical_region_enter
    segger_rtt.o(i.SEGGER_RTT_SetNameDownBuffer) refers to app_util_platform.o(i.app_util_critical_region_exit) for app_util_critical_region_exit
    segger_rtt.o(i.SEGGER_RTT_SetNameDownBuffer) refers to segger_rtt.o(.bss) for .bss
    segger_rtt.o(i.SEGGER_RTT_SetNameUpBuffer) refers to segger_rtt.o(i._DoInit) for _DoInit
    segger_rtt.o(i.SEGGER_RTT_SetNameUpBuffer) refers to app_util_platform.o(i.app_util_critical_region_enter) for app_util_critical_region_enter
    segger_rtt.o(i.SEGGER_RTT_SetNameUpBuffer) refers to app_util_platform.o(i.app_util_critical_region_exit) for app_util_critical_region_exit
    segger_rtt.o(i.SEGGER_RTT_SetNameUpBuffer) refers to segger_rtt.o(.bss) for .bss
    segger_rtt.o(i.SEGGER_RTT_SetTerminal) refers to segger_rtt.o(i._DoInit) for _DoInit
    segger_rtt.o(i.SEGGER_RTT_SetTerminal) refers to app_util_platform.o(i.app_util_critical_region_enter) for app_util_critical_region_enter
    segger_rtt.o(i.SEGGER_RTT_SetTerminal) refers to segger_rtt.o(i._GetAvailWriteSpace) for _GetAvailWriteSpace
    segger_rtt.o(i.SEGGER_RTT_SetTerminal) refers to segger_rtt.o(i._WriteNoCheck) for _WriteNoCheck
    segger_rtt.o(i.SEGGER_RTT_SetTerminal) refers to segger_rtt.o(i._WriteBlocking) for _WriteBlocking
    segger_rtt.o(i.SEGGER_RTT_SetTerminal) refers to app_util_platform.o(i.app_util_critical_region_exit) for app_util_critical_region_exit
    segger_rtt.o(i.SEGGER_RTT_SetTerminal) refers to segger_rtt.o(.bss) for .bss
    segger_rtt.o(i.SEGGER_RTT_SetTerminal) refers to segger_rtt.o(.data) for .data
    segger_rtt.o(i.SEGGER_RTT_TerminalOut) refers to segger_rtt.o(i._DoInit) for _DoInit
    segger_rtt.o(i.SEGGER_RTT_TerminalOut) refers to strlen.o(.text) for strlen
    segger_rtt.o(i.SEGGER_RTT_TerminalOut) refers to app_util_platform.o(i.app_util_critical_region_enter) for app_util_critical_region_enter
    segger_rtt.o(i.SEGGER_RTT_TerminalOut) refers to segger_rtt.o(i._GetAvailWriteSpace) for _GetAvailWriteSpace
    segger_rtt.o(i.SEGGER_RTT_TerminalOut) refers to segger_rtt.o(i._PostTerminalSwitch) for _PostTerminalSwitch
    segger_rtt.o(i.SEGGER_RTT_TerminalOut) refers to segger_rtt.o(i._WriteBlocking) for _WriteBlocking
    segger_rtt.o(i.SEGGER_RTT_TerminalOut) refers to app_util_platform.o(i.app_util_critical_region_exit) for app_util_critical_region_exit
    segger_rtt.o(i.SEGGER_RTT_TerminalOut) refers to segger_rtt.o(.bss) for .bss
    segger_rtt.o(i.SEGGER_RTT_TerminalOut) refers to segger_rtt.o(.data) for .data
    segger_rtt.o(i.SEGGER_RTT_WaitKey) refers to segger_rtt.o(i.SEGGER_RTT_GetKey) for SEGGER_RTT_GetKey
    segger_rtt.o(i.SEGGER_RTT_Write) refers to segger_rtt.o(i._DoInit) for _DoInit
    segger_rtt.o(i.SEGGER_RTT_Write) refers to app_util_platform.o(i.app_util_critical_region_enter) for app_util_critical_region_enter
    segger_rtt.o(i.SEGGER_RTT_Write) refers to segger_rtt.o(i.SEGGER_RTT_WriteNoLock) for SEGGER_RTT_WriteNoLock
    segger_rtt.o(i.SEGGER_RTT_Write) refers to app_util_platform.o(i.app_util_critical_region_exit) for app_util_critical_region_exit
    segger_rtt.o(i.SEGGER_RTT_Write) refers to segger_rtt.o(.bss) for .bss
    segger_rtt.o(i.SEGGER_RTT_WriteNoLock) refers to segger_rtt.o(i._GetAvailWriteSpace) for _GetAvailWriteSpace
    segger_rtt.o(i.SEGGER_RTT_WriteNoLock) refers to segger_rtt.o(i._WriteNoCheck) for _WriteNoCheck
    segger_rtt.o(i.SEGGER_RTT_WriteNoLock) refers to segger_rtt.o(i._WriteBlocking) for _WriteBlocking
    segger_rtt.o(i.SEGGER_RTT_WriteNoLock) refers to segger_rtt.o(.bss) for .bss
    segger_rtt.o(i.SEGGER_RTT_WriteSkipNoLock) refers to memcpya.o(.text) for __aeabi_memcpy
    segger_rtt.o(i.SEGGER_RTT_WriteSkipNoLock) refers to segger_rtt.o(.bss) for .bss
    segger_rtt.o(i.SEGGER_RTT_WriteString) refers to strlen.o(.text) for strlen
    segger_rtt.o(i.SEGGER_RTT_WriteString) refers to segger_rtt.o(i.SEGGER_RTT_Write) for SEGGER_RTT_Write
    segger_rtt.o(i._DoInit) refers to strcpy.o(.text) for strcpy
    segger_rtt.o(i._DoInit) refers to segger_rtt.o(.bss) for .bss
    segger_rtt.o(i._PostTerminalSwitch) refers to segger_rtt.o(i._WriteBlocking) for _WriteBlocking
    segger_rtt.o(i._PostTerminalSwitch) refers to segger_rtt.o(.data) for .data
    segger_rtt.o(i._WriteBlocking) refers to memcpya.o(.text) for __aeabi_memcpy
    segger_rtt.o(i._WriteNoCheck) refers to memcpya.o(.text) for __aeabi_memcpy
    arm_startup_nrf51.o(RESET) refers to arm_startup_nrf51.o(STACK) for __initial_sp
    arm_startup_nrf51.o(RESET) refers to arm_startup_nrf51.o(.text) for Reset_Handler
    arm_startup_nrf51.o(RESET) refers to port.o(.emb_text) for SVC_Handler
    arm_startup_nrf51.o(RESET) refers to nrf_drv_clock.o(i.POWER_CLOCK_IRQHandler) for POWER_CLOCK_IRQHandler
    arm_startup_nrf51.o(RESET) refers to nrf_drv_uart.o(i.UART0_IRQHandler) for UART0_IRQHandler
    arm_startup_nrf51.o(RESET) refers to nrf_drv_gpiote.o(i.GPIOTE_IRQHandler) for GPIOTE_IRQHandler
    arm_startup_nrf51.o(RESET) refers to port_cmsis_systick.o(i.RTC1_IRQHandler) for RTC1_IRQHandler
    arm_startup_nrf51.o(.text) refers to system_nrf51.o(i.SystemInit) for SystemInit
    arm_startup_nrf51.o(.text) refers to entry.o(.ARM.Collect$$$$00000000) for __main
    system_nrf51.o(i.SystemCoreClockUpdate) refers to system_nrf51.o(.data) for .data
    system_nrf51.o(i.SystemInit) refers to system_nrf51.o(i.is_manual_peripheral_setup_needed) for is_manual_peripheral_setup_needed
    entry.o(.ARM.Collect$$$$00000000) refers (Special) to entry10a.o(.ARM.Collect$$$$0000000D) for __rt_final_cpp
    entry.o(.ARM.Collect$$$$00000000) refers (Special) to entry11a.o(.ARM.Collect$$$$0000000F) for __rt_final_exit
    entry.o(.ARM.Collect$$$$00000000) refers (Special) to entry7b.o(.ARM.Collect$$$$00000008) for _main_clock
    entry.o(.ARM.Collect$$$$00000000) refers (Special) to entry8b.o(.ARM.Collect$$$$0000000A) for _main_cpp_init
    entry.o(.ARM.Collect$$$$00000000) refers (Special) to entry9a.o(.ARM.Collect$$$$0000000B) for _main_init
    entry.o(.ARM.Collect$$$$00000000) refers (Special) to entry5.o(.ARM.Collect$$$$00000004) for _main_scatterload
    entry.o(.ARM.Collect$$$$00000000) refers (Special) to entry2.o(.ARM.Collect$$$$00000001) for _main_stk
    entry2.o(.ARM.Collect$$$$00000001) refers to entry2.o(.ARM.Collect$$$$00002712) for __lit__00000000
    entry2.o(.ARM.Collect$$$$00002712) refers to arm_startup_nrf51.o(STACK) for __initial_sp
    entry2.o(__vectab_stack_and_reset_area) refers to arm_startup_nrf51.o(STACK) for __initial_sp
    entry2.o(__vectab_stack_and_reset_area) refers to entry.o(.ARM.Collect$$$$00000000) for __main
    entry5.o(.ARM.Collect$$$$00000004) refers to init.o(.text) for __scatterload
    entry9a.o(.ARM.Collect$$$$0000000B) refers to main.o(i.main) for main
    entry9b.o(.ARM.Collect$$$$0000000C) refers to main.o(i.main) for main
    init.o(.text) refers to entry5.o(.ARM.Collect$$$$00000004) for __main_after_scatterload


==============================================================================

Removing Unused input sections from the image.

    Removing main.o(.rev16_text), (4 bytes).
    Removing main.o(.revsh_text), (4 bytes).
    Removing boards.o(.rev16_text), (4 bytes).
    Removing boards.o(.revsh_text), (4 bytes).
    Removing boards.o(i.bsp_board_button_idx_to_pin), (12 bytes).
    Removing boards.o(i.bsp_board_button_state_get), (32 bytes).
    Removing boards.o(i.bsp_board_buttons_init), (36 bytes).
    Removing boards.o(i.bsp_board_led_idx_to_pin), (12 bytes).
    Removing boards.o(i.bsp_board_led_on), (20 bytes).
    Removing boards.o(i.bsp_board_led_state_get), (32 bytes).
    Removing boards.o(i.bsp_board_leds_on), (18 bytes).
    Removing boards.o(i.bsp_board_pin_to_button_idx), (36 bytes).
    Removing boards.o(i.bsp_board_pin_to_led_idx), (36 bytes).
    Removing bsp.o(.rev16_text), (4 bytes).
    Removing bsp.o(.revsh_text), (4 bytes).
    Removing bsp.o(i.alert_timer_handler), (10 bytes).
    Removing bsp.o(i.bsp_button_event_handler), (148 bytes).
    Removing bsp.o(i.bsp_button_is_pressed), (8 bytes).
    Removing bsp.o(i.bsp_buttons_disable), (8 bytes).
    Removing bsp.o(i.bsp_buttons_enable), (8 bytes).
    Removing bsp.o(i.bsp_event_to_button_action_assign), (72 bytes).
    Removing bsp.o(i.bsp_indication_set), (28 bytes).
    Removing bsp.o(i.bsp_init), (152 bytes).
    Removing bsp.o(i.bsp_led_indication), (384 bytes).
    Removing bsp.o(i.bsp_wakeup_button_disable), (16 bytes).
    Removing bsp.o(i.bsp_wakeup_button_enable), (16 bytes).
    Removing bsp.o(i.button_timer_handler), (12 bytes).
    Removing bsp.o(i.leds_timer_handler), (24 bytes).
    Removing bsp.o(i.nrf_gpio_cfg_sense_set), (34 bytes).
    Removing bsp.o(.bss), (32 bytes).
    Removing bsp.o(.bss), (32 bytes).
    Removing bsp.o(.bss), (12 bytes).
    Removing bsp.o(.bss), (32 bytes).
    Removing bsp.o(.constdata), (44 bytes).
    Removing bsp.o(.data), (20 bytes).
    Removing bsp_nfc.o(.rev16_text), (4 bytes).
    Removing bsp_nfc.o(.revsh_text), (4 bytes).
    Removing bsp_nfc.o(i.bsp_nfc_btn_deinit), (12 bytes).
    Removing bsp_nfc.o(i.bsp_nfc_btn_init), (12 bytes).
    Removing bsp_nfc.o(i.bsp_nfc_sleep_mode_prepare), (4 bytes).
    Removing croutine.o(.rev16_text), (4 bytes).
    Removing croutine.o(.revsh_text), (4 bytes).
    Removing event_groups.o(.rev16_text), (4 bytes).
    Removing event_groups.o(.revsh_text), (4 bytes).
    Removing event_groups.o(i.prvTestWaitCondition), (22 bytes).
    Removing event_groups.o(i.vEventGroupClearBitsCallback), (8 bytes).
    Removing event_groups.o(i.vEventGroupDelete), (42 bytes).
    Removing event_groups.o(i.vEventGroupSetBitsCallback), (8 bytes).
    Removing event_groups.o(i.xEventGroupClearBits), (26 bytes).
    Removing event_groups.o(i.xEventGroupCreate), (26 bytes).
    Removing event_groups.o(i.xEventGroupGetBitsFromISR), (38 bytes).
    Removing event_groups.o(i.xEventGroupSetBits), (102 bytes).
    Removing event_groups.o(i.xEventGroupSync), (130 bytes).
    Removing event_groups.o(i.xEventGroupWaitBits), (160 bytes).
    Removing heap_1.o(.rev16_text), (4 bytes).
    Removing heap_1.o(.revsh_text), (4 bytes).
    Removing heap_1.o(i.vPortInitialiseBlocks), (12 bytes).
    Removing heap_1.o(i.xPortGetFreeHeapSize), (20 bytes).
    Removing list.o(.rev16_text), (4 bytes).
    Removing list.o(.revsh_text), (4 bytes).
    Removing port.o(.rev16_text), (4 bytes).
    Removing port.o(.revsh_text), (4 bytes).
    Removing port_cmsis.o(.rev16_text), (4 bytes).
    Removing port_cmsis.o(.revsh_text), (4 bytes).
    Removing port_cmsis.o(i.vPortEndScheduler), (2 bytes).
    Removing port_cmsis_systick.o(.rev16_text), (4 bytes).
    Removing port_cmsis_systick.o(.revsh_text), (4 bytes).
    Removing queue.o(.rev16_text), (4 bytes).
    Removing queue.o(.revsh_text), (4 bytes).
    Removing queue.o(i.uxQueueMessagesWaiting), (18 bytes).
    Removing queue.o(i.uxQueueMessagesWaitingFromISR), (4 bytes).
    Removing queue.o(i.uxQueueSpacesAvailable), (22 bytes).
    Removing queue.o(i.vQueueDelete), (16 bytes).
    Removing queue.o(i.vQueueUnregisterQueue), (36 bytes).
    Removing queue.o(i.xQueueCreateCountingSemaphore), (20 bytes).
    Removing queue.o(i.xQueueCreateMutex), (68 bytes).
    Removing queue.o(i.xQueueGiveFromISR), (82 bytes).
    Removing queue.o(i.xQueueGiveMutexRecursive), (42 bytes).
    Removing queue.o(i.xQueueIsQueueEmptyFromISR), (14 bytes).
    Removing queue.o(i.xQueueIsQueueFullFromISR), (16 bytes).
    Removing queue.o(i.xQueuePeekFromISR), (46 bytes).
    Removing queue.o(i.xQueueReceiveFromISR), (90 bytes).
    Removing queue.o(i.xQueueTakeMutexRecursive), (50 bytes).
    Removing tasks.o(.rev16_text), (4 bytes).
    Removing tasks.o(.revsh_text), (4 bytes).
    Removing tasks.o(i.eTaskGetState), (84 bytes).
    Removing tasks.o(i.pcTaskGetTaskName), (16 bytes).
    Removing tasks.o(i.prvTaskIsTaskSuspended), (36 bytes).
    Removing tasks.o(i.ulPortDisableISR), (28 bytes).
    Removing tasks.o(i.ulTaskNotifyTake), (124 bytes).
    Removing tasks.o(i.uxTaskGetNumberOfTasks), (12 bytes).
    Removing tasks.o(i.uxTaskGetStackHighWaterMark), (36 bytes).
    Removing tasks.o(i.uxTaskPriorityGet), (32 bytes).
    Removing tasks.o(i.uxTaskPriorityGetFromISR), (32 bytes).
    Removing tasks.o(i.uxTaskResetEventItemValue), (24 bytes).
    Removing tasks.o(i.vPortRestoreISR), (16 bytes).
    Removing tasks.o(i.vTaskDelayUntil), (76 bytes).
    Removing tasks.o(i.vTaskDelete), (100 bytes).
    Removing tasks.o(i.vTaskEndScheduler), (20 bytes).
    Removing tasks.o(i.vTaskNotifyGiveFromISR), (116 bytes).
    Removing tasks.o(i.vTaskPlaceOnUnorderedEventList), (68 bytes).
    Removing tasks.o(i.vTaskPrioritySet), (144 bytes).
    Removing tasks.o(i.vTaskResume), (88 bytes).
    Removing tasks.o(i.vTaskSuspend), (116 bytes).
    Removing tasks.o(i.xTaskGenericNotify), (148 bytes).
    Removing tasks.o(i.xTaskGetCurrentTaskHandle), (12 bytes).
    Removing tasks.o(i.xTaskGetIdleTaskHandle), (12 bytes).
    Removing tasks.o(i.xTaskGetTickCountFromISR), (12 bytes).
    Removing tasks.o(i.xTaskNotifyFromISR), (160 bytes).
    Removing tasks.o(i.xTaskNotifyWait), (152 bytes).
    Removing tasks.o(i.xTaskRemoveFromUnorderedEventList), (76 bytes).
    Removing tasks.o(i.xTaskResumeFromISR), (100 bytes).
    Removing timers.o(.rev16_text), (4 bytes).
    Removing timers.o(.revsh_text), (4 bytes).
    Removing timers.o(i.pcTimerGetTimerName), (4 bytes).
    Removing timers.o(i.pvTimerGetTimerID), (18 bytes).
    Removing timers.o(i.vTimerSetTimerID), (18 bytes).
    Removing timers.o(i.xTimerGetTimerDaemonTaskHandle), (12 bytes).
    Removing timers.o(i.xTimerIsTimerActive), (28 bytes).
    Removing timers.o(i.xTimerPendFunctionCall), (36 bytes).
    Removing timers.o(i.xTimerPendFunctionCallFromISR), (36 bytes).
    Removing nrf_drv_clock.o(.rev16_text), (4 bytes).
    Removing nrf_drv_clock.o(.revsh_text), (4 bytes).
    Removing nrf_drv_clock.o(i.hfclk_stop), (32 bytes).
    Removing nrf_drv_clock.o(i.lfclk_stop), (36 bytes).
    Removing nrf_drv_clock.o(i.nrf_clock_hf_is_running), (32 bytes).
    Removing nrf_drv_clock.o(i.nrf_drv_clock_calibration_abort), (4 bytes).
    Removing nrf_drv_clock.o(i.nrf_drv_clock_calibration_start), (4 bytes).
    Removing nrf_drv_clock.o(i.nrf_drv_clock_hfclk_is_running), (10 bytes).
    Removing nrf_drv_clock.o(i.nrf_drv_clock_hfclk_release), (40 bytes).
    Removing nrf_drv_clock.o(i.nrf_drv_clock_hfclk_request), (100 bytes).
    Removing nrf_drv_clock.o(i.nrf_drv_clock_init_check), (12 bytes).
    Removing nrf_drv_clock.o(i.nrf_drv_clock_is_calibrating), (4 bytes).
    Removing nrf_drv_clock.o(i.nrf_drv_clock_lfclk_is_running), (16 bytes).
    Removing nrf_drv_clock.o(i.nrf_drv_clock_lfclk_release), (40 bytes).
    Removing nrf_drv_clock.o(i.nrf_drv_clock_uninit), (40 bytes).
    Removing nrf_drv_clock.o(.constdata), (19 bytes).
    Removing nrf_drv_clock.o(.constdata), (32 bytes).
    Removing nrf_drv_clock.o(.constdata), (32 bytes).
    Removing nrf_drv_clock.o(.constdata), (29 bytes).
    Removing nrf_drv_common.o(.rev16_text), (4 bytes).
    Removing nrf_drv_common.o(.revsh_text), (4 bytes).
    Removing nrf_drv_common.o(i.nrf_drv_common_clock_irq_disable), (12 bytes).
    Removing nrf_drv_gpiote.o(.rev16_text), (4 bytes).
    Removing nrf_drv_gpiote.o(.revsh_text), (4 bytes).
    Removing nrf_drv_gpiote.o(i.channel_free), (28 bytes).
    Removing nrf_drv_gpiote.o(i.channel_port_alloc), (72 bytes).
    Removing nrf_drv_gpiote.o(i.nrf_drv_gpiote_in_event_addr_get), (40 bytes).
    Removing nrf_drv_gpiote.o(i.nrf_drv_gpiote_in_event_disable), (72 bytes).
    Removing nrf_drv_gpiote.o(i.nrf_drv_gpiote_in_event_enable), (152 bytes).
    Removing nrf_drv_gpiote.o(i.nrf_drv_gpiote_in_init), (168 bytes).
    Removing nrf_drv_gpiote.o(i.nrf_drv_gpiote_in_is_set), (20 bytes).
    Removing nrf_drv_gpiote.o(i.nrf_drv_gpiote_in_uninit), (76 bytes).
    Removing nrf_drv_gpiote.o(i.nrf_drv_gpiote_init), (92 bytes).
    Removing nrf_drv_gpiote.o(i.nrf_drv_gpiote_is_init), (16 bytes).
    Removing nrf_drv_gpiote.o(i.nrf_drv_gpiote_out_clear), (16 bytes).
    Removing nrf_drv_gpiote.o(i.nrf_drv_gpiote_out_init), (152 bytes).
    Removing nrf_drv_gpiote.o(i.nrf_drv_gpiote_out_set), (16 bytes).
    Removing nrf_drv_gpiote.o(i.nrf_drv_gpiote_out_task_addr_get), (20 bytes).
    Removing nrf_drv_gpiote.o(i.nrf_drv_gpiote_out_task_disable), (32 bytes).
    Removing nrf_drv_gpiote.o(i.nrf_drv_gpiote_out_task_enable), (48 bytes).
    Removing nrf_drv_gpiote.o(i.nrf_drv_gpiote_out_task_force), (44 bytes).
    Removing nrf_drv_gpiote.o(i.nrf_drv_gpiote_out_task_trigger), (24 bytes).
    Removing nrf_drv_gpiote.o(i.nrf_drv_gpiote_out_toggle), (24 bytes).
    Removing nrf_drv_gpiote.o(i.nrf_drv_gpiote_out_uninit), (68 bytes).
    Removing nrf_drv_gpiote.o(i.nrf_drv_gpiote_uninit), (56 bytes).
    Removing nrf_drv_gpiote.o(i.nrf_gpio_cfg), (40 bytes).
    Removing nrf_drv_gpiote.o(i.nrf_gpio_cfg_default), (18 bytes).
    Removing nrf_drv_gpiote.o(i.pin_in_use_by_port), (24 bytes).
    Removing nrf_drv_gpiote.o(i.pin_in_use_by_te), (24 bytes).
    Removing nrf_drv_gpiote.o(.constdata), (20 bytes).
    Removing nrf_drv_gpiote.o(.constdata), (24 bytes).
    Removing nrf_drv_gpiote.o(.constdata), (23 bytes).
    Removing nrf_drv_uart.o(.rev16_text), (4 bytes).
    Removing nrf_drv_uart.o(.revsh_text), (4 bytes).
    Removing nrf_drv_uart.o(i.apply_config), (132 bytes).
    Removing nrf_drv_uart.o(i.nrf_drv_uart_errorsrc_get), (24 bytes).
    Removing nrf_drv_uart.o(i.nrf_drv_uart_init), (128 bytes).
    Removing nrf_drv_uart.o(i.nrf_drv_uart_rx), (92 bytes).
    Removing nrf_drv_uart.o(i.nrf_drv_uart_rx_abort), (22 bytes).
    Removing nrf_drv_uart.o(i.nrf_drv_uart_rx_disable), (28 bytes).
    Removing nrf_drv_uart.o(i.nrf_drv_uart_rx_enable), (44 bytes).
    Removing nrf_drv_uart.o(i.nrf_drv_uart_rx_for_uart), (168 bytes).
    Removing nrf_drv_uart.o(i.nrf_drv_uart_tx), (52 bytes).
    Removing nrf_drv_uart.o(i.nrf_drv_uart_tx_abort), (48 bytes).
    Removing nrf_drv_uart.o(i.nrf_drv_uart_tx_for_uart), (140 bytes).
    Removing nrf_drv_uart.o(i.nrf_drv_uart_tx_in_progress), (24 bytes).
    Removing nrf_drv_uart.o(i.nrf_drv_uart_uninit), (152 bytes).
    Removing nrf_drv_uart.o(i.nrf_gpio_cfg), (40 bytes).
    Removing nrf_drv_uart.o(i.nrf_gpio_cfg_default), (18 bytes).
    Removing nrf_drv_uart.o(i.nrf_gpio_cfg_input), (18 bytes).
    Removing nrf_drv_uart.o(i.nrf_gpio_cfg_output), (20 bytes).
    Removing nrf_drv_uart.o(i.rx_enable), (26 bytes).
    Removing nrf_drv_uart.o(.constdata), (18 bytes).
    Removing nrf_drv_uart.o(.constdata), (25 bytes).
    Removing nrf_drv_uart.o(.constdata), (16 bytes).
    Removing nrf_drv_uart.o(.constdata), (25 bytes).
    Removing nrf_drv_uart.o(.constdata), (16 bytes).
    Removing nrf_nvic.o(.rev16_text), (4 bytes).
    Removing nrf_nvic.o(.revsh_text), (4 bytes).
    Removing nrf_nvic.o(i.sd_nvic_ClearPendingIRQ), (20 bytes).
    Removing nrf_nvic.o(i.sd_nvic_DisableIRQ), (20 bytes).
    Removing nrf_nvic.o(i.sd_nvic_EnableIRQ), (20 bytes).
    Removing nrf_nvic.o(i.sd_nvic_GetPendingIRQ), (40 bytes).
    Removing nrf_nvic.o(i.sd_nvic_GetPriority), (64 bytes).
    Removing nrf_nvic.o(i.sd_nvic_SetPendingIRQ), (20 bytes).
    Removing nrf_nvic.o(i.sd_nvic_SetPriority), (72 bytes).
    Removing nrf_nvic.o(i.sd_nvic_SystemReset), (28 bytes).
    Removing nrf_nvic.o(i.sd_nvic_critical_region_enter), (32 bytes).
    Removing nrf_nvic.o(i.sd_nvic_critical_region_exit), (24 bytes).
    Removing nrf_nvic.o(.data), (1 bytes).
    Removing nrf_soc.o(.rev16_text), (4 bytes).
    Removing nrf_soc.o(.revsh_text), (4 bytes).
    Removing nrf_soc.o(i.sd_app_evt_wait), (6 bytes).
    Removing app_button.o(.rev16_text), (4 bytes).
    Removing app_button.o(.revsh_text), (4 bytes).
    Removing app_button.o(i.app_button_disable), (44 bytes).
    Removing app_button.o(i.app_button_enable), (36 bytes).
    Removing app_button.o(i.app_button_init), (116 bytes).
    Removing app_button.o(i.app_button_is_pushed), (36 bytes).
    Removing app_button.o(i.detection_delay_timeout_handler), (96 bytes).
    Removing app_button.o(i.gpiote_event_handler), (80 bytes).
    Removing app_button.o(.bss), (32 bytes).
    Removing app_button.o(.constdata), (8 bytes).
    Removing app_button.o(.data), (20 bytes).
    Removing app_error.o(.rev16_text), (4 bytes).
    Removing app_error.o(.revsh_text), (4 bytes).
    Removing app_error.o(i.app_error_handler), (28 bytes).
    Removing app_error.o(i.app_error_save_and_stop), (100 bytes).
    Removing app_error.o(.bss), (32 bytes).
    Removing app_error_weak.o(.rev16_text), (4 bytes).
    Removing app_error_weak.o(.revsh_text), (4 bytes).
    Removing app_timer_freertos.o(.rev16_text), (4 bytes).
    Removing app_timer_freertos.o(.revsh_text), (4 bytes).
    Removing app_timer_freertos.o(i.app_timer_callback), (22 bytes).
    Removing app_timer_freertos.o(i.app_timer_create), (96 bytes).
    Removing app_timer_freertos.o(i.app_timer_init), (16 bytes).
    Removing app_timer_freertos.o(i.app_timer_start), (208 bytes).
    Removing app_timer_freertos.o(i.app_timer_stop), (104 bytes).
    Removing app_timer_freertos.o(.data), (4 bytes).
    Removing app_util_platform.o(.rev16_text), (4 bytes).
    Removing app_util_platform.o(.revsh_text), (4 bytes).
    Removing nrf_assert.o(.rev16_text), (4 bytes).
    Removing nrf_assert.o(.revsh_text), (4 bytes).
    Removing nrf_assert.o(i.assert_nrf_callback), (24 bytes).
    Removing nrf_log_backend_serial.o(.rev16_text), (4 bytes).
    Removing nrf_log_backend_serial.o(.revsh_text), (4 bytes).
    Removing nrf_log_frontend.o(.rev16_text), (4 bytes).
    Removing nrf_log_frontend.o(.revsh_text), (4 bytes).
    Removing segger_rtt.o(.rev16_text), (4 bytes).
    Removing segger_rtt.o(.revsh_text), (4 bytes).
    Removing segger_rtt.o(i.SEGGER_RTT_ConfigDownBuffer), (88 bytes).
    Removing segger_rtt.o(i.SEGGER_RTT_ConfigUpBuffer), (88 bytes).
    Removing segger_rtt.o(i.SEGGER_RTT_GetKey), (28 bytes).
    Removing segger_rtt.o(i.SEGGER_RTT_HasData), (20 bytes).
    Removing segger_rtt.o(i.SEGGER_RTT_HasKey), (36 bytes).
    Removing segger_rtt.o(i.SEGGER_RTT_Init), (20 bytes).
    Removing segger_rtt.o(i.SEGGER_RTT_Read), (38 bytes).
    Removing segger_rtt.o(i.SEGGER_RTT_ReadNoLock), (128 bytes).
    Removing segger_rtt.o(i.SEGGER_RTT_SetNameDownBuffer), (60 bytes).
    Removing segger_rtt.o(i.SEGGER_RTT_SetNameUpBuffer), (60 bytes).
    Removing segger_rtt.o(i.SEGGER_RTT_SetTerminal), (128 bytes).
    Removing segger_rtt.o(i.SEGGER_RTT_TerminalOut), (168 bytes).
    Removing segger_rtt.o(i.SEGGER_RTT_WaitKey), (12 bytes).
    Removing segger_rtt.o(i.SEGGER_RTT_Write), (56 bytes).
    Removing segger_rtt.o(i.SEGGER_RTT_WriteNoLock), (92 bytes).
    Removing segger_rtt.o(i.SEGGER_RTT_WriteSkipNoLock), (108 bytes).
    Removing segger_rtt.o(i.SEGGER_RTT_WriteString), (24 bytes).
    Removing segger_rtt.o(i._DoInit), (104 bytes).
    Removing segger_rtt.o(i._GetAvailWriteSpace), (22 bytes).
    Removing segger_rtt.o(i._PostTerminalSwitch), (32 bytes).
    Removing segger_rtt.o(i._WriteBlocking), (96 bytes).
    Removing segger_rtt.o(i._WriteNoCheck), (60 bytes).
    Removing segger_rtt.o(.bss), (200 bytes).
    Removing segger_rtt.o(.data), (17 bytes).
    Removing arm_startup_nrf51.o(HEAP), (2048 bytes).
    Removing system_nrf51.o(.rev16_text), (4 bytes).
    Removing system_nrf51.o(.revsh_text), (4 bytes).
    Removing system_nrf51.o(i.SystemCoreClockUpdate), (16 bytes).

279 unused section(s) (total 13083 bytes) removed from the image.

==============================================================================

Image Symbol Table

    Local Symbols

    Symbol Name                              Value     Ov Type        Size  Object(Section)

    RESET                                    0x00000000   Section      192  arm_startup_nrf51.o(RESET)
    ../clib/microlib/division.c              0x00000000   Number         0  uidiv.o ABSOLUTE
    ../clib/microlib/init/entry.s            0x00000000   Number         0  entry9b.o ABSOLUTE
    ../clib/microlib/init/entry.s            0x00000000   Number         0  entry8b.o ABSOLUTE
    ../clib/microlib/init/entry.s            0x00000000   Number         0  entry8a.o ABSOLUTE
    ../clib/microlib/init/entry.s            0x00000000   Number         0  entry.o ABSOLUTE
    ../clib/microlib/init/entry.s            0x00000000   Number         0  entry7b.o ABSOLUTE
    ../clib/microlib/init/entry.s            0x00000000   Number         0  entry7a.o ABSOLUTE
    ../clib/microlib/init/entry.s            0x00000000   Number         0  entry5.o ABSOLUTE
    ../clib/microlib/init/entry.s            0x00000000   Number         0  entry11b.o ABSOLUTE
    ../clib/microlib/init/entry.s            0x00000000   Number         0  entry11a.o ABSOLUTE
    ../clib/microlib/init/entry.s            0x00000000   Number         0  entry10b.o ABSOLUTE
    ../clib/microlib/init/entry.s            0x00000000   Number         0  entry10a.o ABSOLUTE
    ../clib/microlib/init/entry.s            0x00000000   Number         0  entry9a.o ABSOLUTE
    ../clib/microlib/init/entry.s            0x00000000   Number         0  entry2.o ABSOLUTE
    ../clib/microlib/string/memcpy.c         0x00000000   Number         0  memcpya.o ABSOLUTE
    ../clib/microlib/string/memcpy.c         0x00000000   Number         0  memcpyb.o ABSOLUTE
    ../clib/microlib/string/memset.c         0x00000000   Number         0  memseta.o ABSOLUTE
    ../clib/microlib/string/strcpy.c         0x00000000   Number         0  strcpy.o ABSOLUTE
    ../clib/microlib/string/strlen.c         0x00000000   Number         0  strlen.o ABSOLUTE
    ..\..\..\..\..\..\components\boards\boards.c 0x00000000   Number         0  boards.o ABSOLUTE
    ..\..\..\..\..\..\components\drivers_nrf\clock\nrf_drv_clock.c 0x00000000   Number         0  nrf_drv_clock.o ABSOLUTE
    ..\..\..\..\..\..\components\drivers_nrf\common\nrf_drv_common.c 0x00000000   Number         0  nrf_drv_common.o ABSOLUTE
    ..\..\..\..\..\..\components\drivers_nrf\gpiote\nrf_drv_gpiote.c 0x00000000   Number         0  nrf_drv_gpiote.o ABSOLUTE
    ..\..\..\..\..\..\components\drivers_nrf\nrf_soc_nosd\nrf_nvic.c 0x00000000   Number         0  nrf_nvic.o ABSOLUTE
    ..\..\..\..\..\..\components\drivers_nrf\nrf_soc_nosd\nrf_soc.c 0x00000000   Number         0  nrf_soc.o ABSOLUTE
    ..\..\..\..\..\..\components\drivers_nrf\uart\nrf_drv_uart.c 0x00000000   Number         0  nrf_drv_uart.o ABSOLUTE
    ..\..\..\..\..\..\components\libraries\bsp\bsp.c 0x00000000   Number         0  bsp.o ABSOLUTE
    ..\..\..\..\..\..\components\libraries\bsp\bsp_nfc.c 0x00000000   Number         0  bsp_nfc.o ABSOLUTE
    ..\..\..\..\..\..\components\libraries\button\app_button.c 0x00000000   Number         0  app_button.o ABSOLUTE
    ..\..\..\..\..\..\components\libraries\log\src\nrf_log_backend_serial.c 0x00000000   Number         0  nrf_log_backend_serial.o ABSOLUTE
    ..\..\..\..\..\..\components\libraries\log\src\nrf_log_frontend.c 0x00000000   Number         0  nrf_log_frontend.o ABSOLUTE
    ..\..\..\..\..\..\components\libraries\timer\app_timer_freertos.c 0x00000000   Number         0  app_timer_freertos.o ABSOLUTE
    ..\..\..\..\..\..\components\libraries\util\app_error.c 0x00000000   Number         0  app_error.o ABSOLUTE
    ..\..\..\..\..\..\components\libraries\util\app_error_weak.c 0x00000000   Number         0  app_error_weak.o ABSOLUTE
    ..\..\..\..\..\..\components\libraries\util\app_util_platform.c 0x00000000   Number         0  app_util_platform.o ABSOLUTE
    ..\..\..\..\..\..\components\libraries\util\nrf_assert.c 0x00000000   Number         0  nrf_assert.o ABSOLUTE
    ..\..\..\..\..\..\components\libraries\util\sdk_errors.c 0x00000000   Number         0  sdk_errors.o ABSOLUTE
    ..\..\..\..\..\..\external\freertos\portable\ARM\nrf51\port.c 0x00000000   Number         0  port.o ABSOLUTE
    ..\..\..\..\..\..\external\freertos\portable\CMSIS\nrf51\port_cmsis.c 0x00000000   Number         0  port_cmsis.o ABSOLUTE
    ..\..\..\..\..\..\external\freertos\portable\CMSIS\nrf51\port_cmsis_systick.c 0x00000000   Number         0  port_cmsis_systick.o ABSOLUTE
    ..\..\..\..\..\..\external\freertos\source\croutine.c 0x00000000   Number         0  croutine.o ABSOLUTE
    ..\..\..\..\..\..\external\freertos\source\event_groups.c 0x00000000   Number         0  event_groups.o ABSOLUTE
    ..\..\..\..\..\..\external\freertos\source\list.c 0x00000000   Number         0  list.o ABSOLUTE
    ..\..\..\..\..\..\external\freertos\source\portable\MemMang\heap_1.c 0x00000000   Number         0  heap_1.o ABSOLUTE
    ..\..\..\..\..\..\external\freertos\source\queue.c 0x00000000   Number         0  queue.o ABSOLUTE
    ..\..\..\..\..\..\external\freertos\source\tasks.c 0x00000000   Number         0  tasks.o ABSOLUTE
    ..\..\..\..\..\..\external\freertos\source\timers.c 0x00000000   Number         0  timers.o ABSOLUTE
    ..\..\..\..\..\..\external\segger_rtt\RTT_Syscalls_KEIL.c 0x00000000   Number         0  rtt_syscalls_keil.o ABSOLUTE
    ..\..\..\..\..\..\external\segger_rtt\SEGGER_RTT.c 0x00000000   Number         0  segger_rtt.o ABSOLUTE
    ..\..\..\..\..\..\external\segger_rtt\SEGGER_RTT_printf.c 0x00000000   Number         0  segger_rtt_printf.o ABSOLUTE
    ..\..\..\main.c                          0x00000000   Number         0  main.o ABSOLUTE
    ..\\..\\..\\..\\..\\..\\components\\boards\\boards.c 0x00000000   Number         0  boards.o ABSOLUTE
    ..\\..\\..\\..\\..\\..\\components\\drivers_nrf\\clock\\nrf_drv_clock.c 0x00000000   Number         0  nrf_drv_clock.o ABSOLUTE
    ..\\..\\..\\..\\..\\..\\components\\drivers_nrf\\common\\nrf_drv_common.c 0x00000000   Number         0  nrf_drv_common.o ABSOLUTE
    ..\\..\\..\\..\\..\\..\\components\\drivers_nrf\\gpiote\\nrf_drv_gpiote.c 0x00000000   Number         0  nrf_drv_gpiote.o ABSOLUTE
    ..\\..\\..\\..\\..\\..\\components\\drivers_nrf\\nrf_soc_nosd\\nrf_nvic.c 0x00000000   Number         0  nrf_nvic.o ABSOLUTE
    ..\\..\\..\\..\\..\\..\\components\\drivers_nrf\\nrf_soc_nosd\\nrf_soc.c 0x00000000   Number         0  nrf_soc.o ABSOLUTE
    ..\\..\\..\\..\\..\\..\\components\\drivers_nrf\\uart\\nrf_drv_uart.c 0x00000000   Number         0  nrf_drv_uart.o ABSOLUTE
    ..\\..\\..\\..\\..\\..\\components\\libraries\\bsp\\bsp.c 0x00000000   Number         0  bsp.o ABSOLUTE
    ..\\..\\..\\..\\..\\..\\components\\libraries\\bsp\\bsp_nfc.c 0x00000000   Number         0  bsp_nfc.o ABSOLUTE
    ..\\..\\..\\..\\..\\..\\components\\libraries\\button\\app_button.c 0x00000000   Number         0  app_button.o ABSOLUTE
    ..\\..\\..\\..\\..\\..\\components\\libraries\\log\\src\\nrf_log_backend_serial.c 0x00000000   Number         0  nrf_log_backend_serial.o ABSOLUTE
    ..\\..\\..\\..\\..\\..\\components\\libraries\\log\\src\\nrf_log_frontend.c 0x00000000   Number         0  nrf_log_frontend.o ABSOLUTE
    ..\\..\\..\\..\\..\\..\\components\\libraries\\timer\\app_timer_freertos.c 0x00000000   Number         0  app_timer_freertos.o ABSOLUTE
    ..\\..\\..\\..\\..\\..\\components\\libraries\\util\\app_error.c 0x00000000   Number         0  app_error.o ABSOLUTE
    ..\\..\\..\\..\\..\\..\\components\\libraries\\util\\app_error_weak.c 0x00000000   Number         0  app_error_weak.o ABSOLUTE
    ..\\..\\..\\..\\..\\..\\components\\libraries\\util\\app_util_platform.c 0x00000000   Number         0  app_util_platform.o ABSOLUTE
    ..\\..\\..\\..\\..\\..\\components\\libraries\\util\\nrf_assert.c 0x00000000   Number         0  nrf_assert.o ABSOLUTE
    ..\\..\\..\\..\\..\\..\\external\\freertos\\portable\\ARM\\nrf51\\port.c 0x00000000   Number         0  port.o ABSOLUTE
    ..\\..\\..\\..\\..\\..\\external\\freertos\\portable\\CMSIS\\nrf51\\port_cmsis.c 0x00000000   Number         0  port_cmsis.o ABSOLUTE
    ..\\..\\..\\..\\..\\..\\external\\freertos\\portable\\CMSIS\\nrf51\\port_cmsis_systick.c 0x00000000   Number         0  port_cmsis_systick.o ABSOLUTE
    ..\\..\\..\\..\\..\\..\\external\\freertos\\source\\croutine.c 0x00000000   Number         0  croutine.o ABSOLUTE
    ..\\..\\..\\..\\..\\..\\external\\freertos\\source\\event_groups.c 0x00000000   Number         0  event_groups.o ABSOLUTE
    ..\\..\\..\\..\\..\\..\\external\\freertos\\source\\list.c 0x00000000   Number         0  list.o ABSOLUTE
    ..\\..\\..\\..\\..\\..\\external\\freertos\\source\\portable\\MemMang\\heap_1.c 0x00000000   Number         0  heap_1.o ABSOLUTE
    ..\\..\\..\\..\\..\\..\\external\\freertos\\source\\queue.c 0x00000000   Number         0  queue.o ABSOLUTE
    ..\\..\\..\\..\\..\\..\\external\\freertos\\source\\tasks.c 0x00000000   Number         0  tasks.o ABSOLUTE
    ..\\..\\..\\..\\..\\..\\external\\freertos\\source\\timers.c 0x00000000   Number         0  timers.o ABSOLUTE
    ..\\..\\..\\..\\..\\..\\external\\segger_rtt\\SEGGER_RTT.c 0x00000000   Number         0  segger_rtt.o ABSOLUTE
    ..\\..\\..\\main.c                       0x00000000   Number         0  main.o ABSOLUTE
    RTE\Device\nRF51822_xxAA\arm_startup_nrf51.s 0x00000000   Number         0  arm_startup_nrf51.o ABSOLUTE
    RTE\Device\nRF51822_xxAA\system_nrf51.c  0x00000000   Number         0  system_nrf51.o ABSOLUTE
    RTE\\Device\\nRF51822_xxAA\\system_nrf51.c 0x00000000   Number         0  system_nrf51.o ABSOLUTE
    dc.s                                     0x00000000   Number         0  dc.o ABSOLUTE
    handlers.s                               0x00000000   Number         0  handlers.o ABSOLUTE
    init.s                                   0x00000000   Number         0  init.o ABSOLUTE
    .ARM.Collect$$$$00000000                 0x000000c0   Section        0  entry.o(.ARM.Collect$$$$00000000)
    .ARM.Collect$$$$00000001                 0x000000c0   Section        4  entry2.o(.ARM.Collect$$$$00000001)
    .ARM.Collect$$$$00000004                 0x000000c4   Section        4  entry5.o(.ARM.Collect$$$$00000004)
    .ARM.Collect$$$$00000008                 0x000000c8   Section        0  entry7b.o(.ARM.Collect$$$$00000008)
    .ARM.Collect$$$$0000000A                 0x000000c8   Section        0  entry8b.o(.ARM.Collect$$$$0000000A)
    .ARM.Collect$$$$0000000B                 0x000000c8   Section        8  entry9a.o(.ARM.Collect$$$$0000000B)
    .ARM.Collect$$$$0000000D                 0x000000d0   Section        0  entry10a.o(.ARM.Collect$$$$0000000D)
    .ARM.Collect$$$$0000000F                 0x000000d0   Section        0  entry11a.o(.ARM.Collect$$$$0000000F)
    .ARM.Collect$$$$00002712                 0x000000d0   Section        4  entry2.o(.ARM.Collect$$$$00002712)
    __lit__00000000                          0x000000d0   Data           4  entry2.o(.ARM.Collect$$$$00002712)
    .emb_text                                0x000000d4   Section      108  port.o(.emb_text)
    .text                                    0x00000140   Section       56  arm_startup_nrf51.o(.text)
    .text                                    0x00000178   Section        0  memcpya.o(.text)
    .text                                    0x0000019c   Section        0  memseta.o(.text)
    .text                                    0x000001c0   Section       36  init.o(.text)
    i.GPIOTE_IRQHandler                      0x000001e4   Section        0  nrf_drv_gpiote.o(i.GPIOTE_IRQHandler)
    i.POWER_CLOCK_IRQHandler                 0x0000035c   Section        0  nrf_drv_clock.o(i.POWER_CLOCK_IRQHandler)
    i.RTC1_IRQHandler                        0x000003b0   Section        0  port_cmsis_systick.o(i.RTC1_IRQHandler)
    i.SystemInit                             0x00000400   Section        0  system_nrf51.o(i.SystemInit)
    i.UART0_IRQHandler                       0x000004a0   Section        0  nrf_drv_uart.o(i.UART0_IRQHandler)
    i.__ARM_common_switch8                   0x000004b4   Section        0  bsp.o(i.__ARM_common_switch8)
    i.__scatterload_copy                     0x000004ce   Section       14  handlers.o(i.__scatterload_copy)
    i.__scatterload_null                     0x000004dc   Section        2  handlers.o(i.__scatterload_null)
    i.__scatterload_zeroinit                 0x000004de   Section       14  handlers.o(i.__scatterload_zeroinit)
    i.app_error_fault_handler                0x000004ec   Section        0  app_error_weak.o(i.app_error_fault_handler)
    i.app_error_handler_bare                 0x00000508   Section        0  app_error.o(i.app_error_handler_bare)
    i.app_util_critical_region_enter         0x00000520   Section        0  app_util_platform.o(i.app_util_critical_region_enter)
    i.app_util_critical_region_exit          0x00000528   Section        0  app_util_platform.o(i.app_util_critical_region_exit)
    i.app_util_disable_irq                   0x00000530   Section        0  app_util_platform.o(i.app_util_disable_irq)
    i.app_util_enable_irq                    0x00000540   Section        0  app_util_platform.o(i.app_util_enable_irq)
    i.bsp_board_led_invert                   0x00000554   Section        0  boards.o(i.bsp_board_led_invert)
    i.bsp_board_led_off                      0x00000574   Section        0  boards.o(i.bsp_board_led_off)
    i.bsp_board_leds_init                    0x00000588   Section        0  boards.o(i.bsp_board_leds_init)
    i.bsp_board_leds_off                     0x000005b0   Section        0  boards.o(i.bsp_board_leds_off)
    i.channel_port_get                       0x000005c4   Section        0  nrf_drv_gpiote.o(i.channel_port_get)
    channel_port_get                         0x000005c5   Thumb Code    10  nrf_drv_gpiote.o(i.channel_port_get)
    i.clock_clk_started_notify               0x000005d4   Section        0  nrf_drv_clock.o(i.clock_clk_started_notify)
    clock_clk_started_notify                 0x000005d5   Thumb Code    34  nrf_drv_clock.o(i.clock_clk_started_notify)
    i.eTaskConfirmSleepModeStatus            0x000005fc   Section        0  tasks.o(i.eTaskConfirmSleepModeStatus)
    i.is_manual_peripheral_setup_needed      0x0000061c   Section        0  system_nrf51.o(i.is_manual_peripheral_setup_needed)
    is_manual_peripheral_setup_needed        0x0000061d   Thumb Code    66  system_nrf51.o(i.is_manual_peripheral_setup_needed)
    i.item_enqueue                           0x00000664   Section        0  nrf_drv_clock.o(i.item_enqueue)
    item_enqueue                             0x00000665   Thumb Code    22  nrf_drv_clock.o(i.item_enqueue)
    i.led_toggle_task_function               0x0000067c   Section        0  main.o(i.led_toggle_task_function)
    led_toggle_task_function                 0x0000067d   Thumb Code    28  main.o(i.led_toggle_task_function)
    i.led_toggle_timer_callback              0x0000069c   Section        0  main.o(i.led_toggle_timer_callback)
    led_toggle_timer_callback                0x0000069d   Thumb Code    10  main.o(i.led_toggle_timer_callback)
    i.main                                   0x000006a8   Section        0  main.o(i.main)
    i.nrf_bitmask_bit_is_set                 0x00000734   Section        0  nrf_drv_gpiote.o(i.nrf_bitmask_bit_is_set)
    nrf_bitmask_bit_is_set                   0x00000735   Thumb Code    16  nrf_drv_gpiote.o(i.nrf_bitmask_bit_is_set)
    i.nrf_clock_event_check                  0x00000744   Section        0  nrf_drv_clock.o(i.nrf_clock_event_check)
    nrf_clock_event_check                    0x00000745   Thumb Code    16  nrf_drv_clock.o(i.nrf_clock_event_check)
    i.nrf_drv_clock_init                     0x00000754   Section        0  nrf_drv_clock.o(i.nrf_drv_clock_init)
    i.nrf_drv_clock_lfclk_request            0x00000794   Section        0  nrf_drv_clock.o(i.nrf_drv_clock_lfclk_request)
    i.nrf_drv_common_irq_enable              0x000007f8   Section        0  nrf_drv_common.o(i.nrf_drv_common_irq_enable)
    i.nrf_gpio_cfg                           0x00000858   Section        0  boards.o(i.nrf_gpio_cfg)
    nrf_gpio_cfg                             0x00000859   Thumb Code    40  boards.o(i.nrf_gpio_cfg)
    i.nrf_gpio_cfg_sense_set                 0x00000880   Section        0  nrf_drv_gpiote.o(i.nrf_gpio_cfg_sense_set)
    nrf_gpio_cfg_sense_set                   0x00000881   Thumb Code    34  nrf_drv_gpiote.o(i.nrf_gpio_cfg_sense_set)
    i.nrf_gpio_pin_write                     0x000008a4   Section        0  boards.o(i.nrf_gpio_pin_write)
    nrf_gpio_pin_write                       0x000008a5   Thumb Code    18  boards.o(i.nrf_gpio_pin_write)
    i.nrf_gpio_ports_read                    0x000008bc   Section        0  nrf_drv_gpiote.o(i.nrf_gpio_ports_read)
    nrf_gpio_ports_read                      0x000008bd   Thumb Code    36  nrf_drv_gpiote.o(i.nrf_gpio_ports_read)
    i.nrf_gpiote_event_clear                 0x000008e4   Section        0  nrf_drv_gpiote.o(i.nrf_gpiote_event_clear)
    nrf_gpiote_event_clear                   0x000008e5   Thumb Code    10  nrf_drv_gpiote.o(i.nrf_gpiote_event_clear)
    i.nrf_gpiote_event_is_set                0x000008f4   Section        0  nrf_drv_gpiote.o(i.nrf_gpiote_event_is_set)
    nrf_gpiote_event_is_set                  0x000008f5   Thumb Code    14  nrf_drv_gpiote.o(i.nrf_gpiote_event_is_set)
    i.nrf_uart_event_check                   0x00000908   Section        0  nrf_drv_uart.o(i.nrf_uart_event_check)
    nrf_uart_event_check                     0x00000909   Thumb Code    10  nrf_drv_uart.o(i.nrf_uart_event_check)
    i.nrf_uart_int_enable_check              0x00000912   Section        0  nrf_drv_uart.o(i.nrf_uart_int_enable_check)
    nrf_uart_int_enable_check                0x00000913   Thumb Code    16  nrf_drv_uart.o(i.nrf_uart_int_enable_check)
    i.prvAddCurrentTaskToDelayedList         0x00000924   Section        0  tasks.o(i.prvAddCurrentTaskToDelayedList)
    prvAddCurrentTaskToDelayedList           0x00000925   Thumb Code    46  tasks.o(i.prvAddCurrentTaskToDelayedList)
    i.prvCheckForValidListAndQueue           0x00000958   Section        0  timers.o(i.prvCheckForValidListAndQueue)
    prvCheckForValidListAndQueue             0x00000959   Thumb Code    64  timers.o(i.prvCheckForValidListAndQueue)
    i.prvCheckTasksWaitingTermination        0x000009a8   Section        0  tasks.o(i.prvCheckTasksWaitingTermination)
    prvCheckTasksWaitingTermination          0x000009a9   Thumb Code    78  tasks.o(i.prvCheckTasksWaitingTermination)
    i.prvCopyDataFromQueue                   0x00000a00   Section        0  queue.o(i.prvCopyDataFromQueue)
    prvCopyDataFromQueue                     0x00000a01   Thumb Code    38  queue.o(i.prvCopyDataFromQueue)
    i.prvCopyDataToQueue                     0x00000a26   Section        0  queue.o(i.prvCopyDataToQueue)
    prvCopyDataToQueue                       0x00000a27   Thumb Code   118  queue.o(i.prvCopyDataToQueue)
    i.prvGetExpectedIdleTime                 0x00000a9c   Section        0  tasks.o(i.prvGetExpectedIdleTime)
    prvGetExpectedIdleTime                   0x00000a9d   Thumb Code    30  tasks.o(i.prvGetExpectedIdleTime)
    i.prvIdleTask                            0x00000ac4   Section        0  tasks.o(i.prvIdleTask)
    prvIdleTask                              0x00000ac5   Thumb Code    46  tasks.o(i.prvIdleTask)
    i.prvInsertTimerInActiveList             0x00000af8   Section        0  timers.o(i.prvInsertTimerInActiveList)
    prvInsertTimerInActiveList               0x00000af9   Thumb Code    52  timers.o(i.prvInsertTimerInActiveList)
    i.prvProcessReceivedCommands             0x00000b30   Section        0  timers.o(i.prvProcessReceivedCommands)
    prvProcessReceivedCommands               0x00000b31   Thumb Code   164  timers.o(i.prvProcessReceivedCommands)
    i.prvProcessTimerOrBlockTask             0x00000bd8   Section        0  timers.o(i.prvProcessTimerOrBlockTask)
    prvProcessTimerOrBlockTask               0x00000bd9   Thumb Code   128  timers.o(i.prvProcessTimerOrBlockTask)
    i.prvResetNextTaskUnblockTime            0x00000c5c   Section        0  tasks.o(i.prvResetNextTaskUnblockTime)
    prvResetNextTaskUnblockTime              0x00000c5d   Thumb Code    28  tasks.o(i.prvResetNextTaskUnblockTime)
    i.prvSampleTimeNow                       0x00000c7c   Section        0  timers.o(i.prvSampleTimeNow)
    prvSampleTimeNow                         0x00000c7d   Thumb Code    36  timers.o(i.prvSampleTimeNow)
    i.prvSwitchTimerLists                    0x00000ca4   Section        0  timers.o(i.prvSwitchTimerLists)
    prvSwitchTimerLists                      0x00000ca5   Thumb Code    84  timers.o(i.prvSwitchTimerLists)
    i.prvTaskExitError                       0x00000cfc   Section        0  port_cmsis.o(i.prvTaskExitError)
    prvTaskExitError                         0x00000cfd   Thumb Code     4  port_cmsis.o(i.prvTaskExitError)
    i.prvTimerTask                           0x00000d00   Section        0  timers.o(i.prvTimerTask)
    prvTimerTask                             0x00000d01   Thumb Code    32  timers.o(i.prvTimerTask)
    i.prvUnlockQueue                         0x00000d24   Section        0  queue.o(i.prvUnlockQueue)
    prvUnlockQueue                           0x00000d25   Thumb Code   106  queue.o(i.prvUnlockQueue)
    i.pvPortMalloc                           0x00000d90   Section        0  heap_1.o(i.pvPortMalloc)
    i.pvTaskIncrementMutexHeldCount          0x00000de0   Section        0  tasks.o(i.pvTaskIncrementMutexHeldCount)
    i.pxPortInitialiseStack                  0x00000df8   Section        0  port_cmsis.o(i.pxPortInitialiseStack)
    i.rx_byte                                0x00000e1c   Section        0  nrf_drv_uart.o(i.rx_byte)
    rx_byte                                  0x00000e1d   Thumb Code    38  nrf_drv_uart.o(i.rx_byte)
    i.rx_done_event                          0x00000e42   Section        0  nrf_drv_uart.o(i.rx_done_event)
    rx_done_event                            0x00000e43   Thumb Code    20  nrf_drv_uart.o(i.rx_done_event)
    i.tx_byte                                0x00000e56   Section        0  nrf_drv_uart.o(i.tx_byte)
    tx_byte                                  0x00000e57   Thumb Code    30  nrf_drv_uart.o(i.tx_byte)
    i.tx_done_event                          0x00000e74   Section        0  nrf_drv_uart.o(i.tx_done_event)
    tx_done_event                            0x00000e75   Thumb Code    24  nrf_drv_uart.o(i.tx_done_event)
    i.uart_irq_handler                       0x00000e8c   Section        0  nrf_drv_uart.o(i.uart_irq_handler)
    uart_irq_handler                         0x00000e8d   Thumb Code   296  nrf_drv_uart.o(i.uart_irq_handler)
    i.ulPortDisableISR                       0x00000fb4   Section        0  queue.o(i.ulPortDisableISR)
    ulPortDisableISR                         0x00000fb5   Thumb Code    28  queue.o(i.ulPortDisableISR)
    i.uxListRemove                           0x00000fd0   Section        0  list.o(i.uxListRemove)
    i.vListInitialise                        0x00000ff4   Section        0  list.o(i.vListInitialise)
    i.vListInitialiseItem                    0x0000100a   Section        0  list.o(i.vListInitialiseItem)
    i.vListInsert                            0x00001010   Section        0  list.o(i.vListInsert)
    i.vListInsertEnd                         0x00001040   Section        0  list.o(i.vListInsertEnd)
    i.vPortEnterCritical                     0x00001058   Section        0  port_cmsis.o(i.vPortEnterCritical)
    i.vPortExitCritical                      0x00001068   Section        0  port_cmsis.o(i.vPortExitCritical)
    i.vPortFree                              0x0000107c   Section        0  heap_1.o(i.vPortFree)
    i.vPortRestoreISR                        0x0000107e   Section        0  queue.o(i.vPortRestoreISR)
    vPortRestoreISR                          0x0000107f   Thumb Code    16  queue.o(i.vPortRestoreISR)
    i.vPortSafeTaskSwitchContext             0x0000108e   Section        0  port_cmsis.o(i.vPortSafeTaskSwitchContext)
    i.vPortSetupTimerInterrupt               0x000010bc   Section        0  port_cmsis_systick.o(i.vPortSetupTimerInterrupt)
    i.vPortSuppressTicksAndSleep             0x00001108   Section        0  port_cmsis_systick.o(i.vPortSuppressTicksAndSleep)
    i.vPortTaskYield                         0x00001190   Section        0  port_cmsis.o(i.vPortTaskYield)
    i.vQueueAddToRegistry                    0x000011a8   Section        0  queue.o(i.vQueueAddToRegistry)
    i.vQueueWaitForMessageRestricted         0x000011cc   Section        0  queue.o(i.vQueueWaitForMessageRestricted)
    i.vTaskDelay                             0x00001204   Section        0  tasks.o(i.vTaskDelay)
    i.vTaskMissedYield                       0x00001234   Section        0  tasks.o(i.vTaskMissedYield)
    i.vTaskPlaceOnEventList                  0x00001240   Section        0  tasks.o(i.vTaskPlaceOnEventList)
    i.vTaskPlaceOnEventListRestricted        0x00001278   Section        0  tasks.o(i.vTaskPlaceOnEventListRestricted)
    i.vTaskPriorityInherit                   0x0000129c   Section        0  tasks.o(i.vTaskPriorityInherit)
    i.vTaskSetTimeOutState                   0x00001300   Section        0  tasks.o(i.vTaskSetTimeOutState)
    i.vTaskStartScheduler                    0x00001310   Section        0  tasks.o(i.vTaskStartScheduler)
    i.vTaskStepTick                          0x00001358   Section        0  tasks.o(i.vTaskStepTick)
    i.vTaskSuspendAll                        0x00001368   Section        0  tasks.o(i.vTaskSuspendAll)
    i.vTaskSwitchContext                     0x00001378   Section        0  tasks.o(i.vTaskSwitchContext)
    i.xPortStartScheduler                    0x000013c4   Section        0  port_cmsis.o(i.xPortStartScheduler)
    i.xQueueGenericCreate                    0x000013fc   Section        0  queue.o(i.xQueueGenericCreate)
    i.xQueueGenericReceive                   0x0000143a   Section        0  queue.o(i.xQueueGenericReceive)
    i.xQueueGenericReset                     0x0000154a   Section        0  queue.o(i.xQueueGenericReset)
    i.xQueueGenericSend                      0x000015ac   Section        0  queue.o(i.xQueueGenericSend)
    i.xQueueGenericSendFromISR               0x0000168a   Section        0  queue.o(i.xQueueGenericSendFromISR)
    i.xTaskCheckForTimeOut                   0x000016ec   Section        0  tasks.o(i.xTaskCheckForTimeOut)
    i.xTaskGenericCreate                     0x00001734   Section        0  tasks.o(i.xTaskGenericCreate)
    i.xTaskGetSchedulerState                 0x00001890   Section        0  tasks.o(i.xTaskGetSchedulerState)
    i.xTaskGetTickCount                      0x000018b0   Section        0  tasks.o(i.xTaskGetTickCount)
    i.xTaskIncrementTick                     0x000018bc   Section        0  tasks.o(i.xTaskIncrementTick)
    i.xTaskPriorityDisinherit                0x00001960   Section        0  tasks.o(i.xTaskPriorityDisinherit)
    i.xTaskRemoveFromEventList               0x000019b4   Section        0  tasks.o(i.xTaskRemoveFromEventList)
    i.xTaskResumeAll                         0x00001a14   Section        0  tasks.o(i.xTaskResumeAll)
    i.xTimerCreate                           0x00001ab0   Section        0  timers.o(i.xTimerCreate)
    i.xTimerCreateTimerTask                  0x00001ae8   Section        0  timers.o(i.xTimerCreateTimerTask)
    i.xTimerGenericCommand                   0x00001b2c   Section        0  timers.o(i.xTimerGenericCommand)
    .constdata                               0x00001b78   Section        8  boards.o(.constdata)
    m_board_led_list                         0x00001b78   Data           4  boards.o(.constdata)
    m_board_btn_list                         0x00001b7c   Data           4  boards.o(.constdata)
    .constdata                               0x00001b80   Section        4  port_cmsis.o(.constdata)
    <Data1>                                  0x00001b80   Data           4  port_cmsis.o(.constdata)
    .constdata                               0x00001b84   Section        4  nrf_drv_gpiote.o(.constdata)
    .data                                    0x20000000   Section        8  main.o(.data)
    .data                                    0x20000008   Section        8  heap_1.o(.data)
    xNextFreeByte                            0x20000008   Data           4  heap_1.o(.data)
    pucAlignedHeap                           0x2000000c   Data           4  heap_1.o(.data)
    .data                                    0x20000010   Section        4  port_cmsis.o(.data)
    uxCriticalNesting                        0x20000010   Data           4  port_cmsis.o(.data)
    .data                                    0x20000014   Section       60  tasks.o(.data)
    uxTasksDeleted                           0x20000018   Data           4  tasks.o(.data)
    xIdleTaskHandle                          0x2000001c   Data           4  tasks.o(.data)
    uxCurrentNumberOfTasks                   0x20000020   Data           4  tasks.o(.data)
    xTickCount                               0x20000024   Data           4  tasks.o(.data)
    uxTopReadyPriority                       0x20000028   Data           4  tasks.o(.data)
    xSchedulerRunning                        0x2000002c   Data           4  tasks.o(.data)
    uxPendedTicks                            0x20000030   Data           4  tasks.o(.data)
    xYieldPending                            0x20000034   Data           4  tasks.o(.data)
    xNumOfOverflows                          0x20000038   Data           4  tasks.o(.data)
    uxTaskNumber                             0x2000003c   Data           4  tasks.o(.data)
    xNextTaskUnblockTime                     0x20000040   Data           4  tasks.o(.data)
    uxSchedulerSuspended                     0x20000044   Data           4  tasks.o(.data)
    pxDelayedTaskList                        0x20000048   Data           4  tasks.o(.data)
    pxOverflowDelayedTaskList                0x2000004c   Data           4  tasks.o(.data)
    .data                                    0x20000050   Section       20  timers.o(.data)
    xTimerQueue                              0x20000050   Data           4  timers.o(.data)
    xTimerTaskHandle                         0x20000054   Data           4  timers.o(.data)
    xLastTime                                0x20000058   Data           4  timers.o(.data)
    pxCurrentTimerList                       0x2000005c   Data           4  timers.o(.data)
    pxOverflowTimerList                      0x20000060   Data           4  timers.o(.data)
    .data                                    0x20000064   Section        4  app_util_platform.o(.data)
    m_in_critical_region                     0x20000064   Data           4  app_util_platform.o(.data)
    .data                                    0x20000068   Section        4  system_nrf51.o(.data)
    __tagsym$$used                           0x20000068   Number         0  system_nrf51.o(.data)
    .bss                                     0x2000006c   Section     4096  heap_1.o(.bss)
    ucHeap                                   0x2000006c   Data        4096  heap_1.o(.bss)
    .bss                                     0x2000106c   Section       16  queue.o(.bss)
    .bss                                     0x2000107c   Section      160  tasks.o(.bss)
    pxReadyTasksLists                        0x2000107c   Data          60  tasks.o(.bss)
    xDelayedTaskList1                        0x200010b8   Data          20  tasks.o(.bss)
    xDelayedTaskList2                        0x200010cc   Data          20  tasks.o(.bss)
    xPendingReadyList                        0x200010e0   Data          20  tasks.o(.bss)
    xTasksWaitingTermination                 0x200010f4   Data          20  tasks.o(.bss)
    xSuspendedTaskList                       0x20001108   Data          20  tasks.o(.bss)
    .bss                                     0x2000111c   Section       40  timers.o(.bss)
    xActiveTimerList1                        0x2000111c   Data          20  timers.o(.bss)
    xActiveTimerList2                        0x20001130   Data          20  timers.o(.bss)
    .bss                                     0x20001144   Section       20  nrf_drv_clock.o(.bss)
    m_clock_cb                               0x20001144   Data          20  nrf_drv_clock.o(.bss)
    .bss                                     0x20001158   Section       72  nrf_drv_gpiote.o(.bss)
    m_cb                                     0x20001158   Data          72  nrf_drv_gpiote.o(.bss)
    .bss                                     0x200011a0   Section       28  nrf_drv_uart.o(.bss)
    m_cb                                     0x200011a0   Data          28  nrf_drv_uart.o(.bss)
    STACK                                    0x200011c0   Section     2048  arm_startup_nrf51.o(STACK)

    Global Symbols

    Symbol Name                              Value     Ov Type        Size  Object(Section)

    BuildAttributes$$THM_ISAv3M$S$PE$A:L22$X:L11$S22$IEEE1$IW$USESV6$~STKCKD$USESV7$~SHL$OSPACE$EBA8$MICROLIB$REQ8$PRES8$EABIv2 0x00000000   Number         0  anon$$obj.o ABSOLUTE
    __ARM_use_no_argv                        0x00000000   Number         0  main.o ABSOLUTE
    __Vectors                                0x00000000   Data           4  arm_startup_nrf51.o(RESET)
    __cpp_initialize__aeabi_                  - Undefined Weak Reference
    __cxa_finalize                            - Undefined Weak Reference
    __decompress                              - Undefined Weak Reference
    _clock_init                               - Undefined Weak Reference
    _microlib_exit                            - Undefined Weak Reference
    __Vectors_End                            0x000000c0   Data           0  arm_startup_nrf51.o(RESET)
    __Vectors_Size                           0x000000c0   Number         0  arm_startup_nrf51.o ABSOLUTE
    __main                                   0x000000c1   Thumb Code     0  entry.o(.ARM.Collect$$$$00000000)
    _main_stk                                0x000000c1   Thumb Code     0  entry2.o(.ARM.Collect$$$$00000001)
    _main_scatterload                        0x000000c5   Thumb Code     0  entry5.o(.ARM.Collect$$$$00000004)
    __main_after_scatterload                 0x000000c9   Thumb Code     0  entry5.o(.ARM.Collect$$$$00000004)
    _main_clock                              0x000000c9   Thumb Code     0  entry7b.o(.ARM.Collect$$$$00000008)
    _main_cpp_init                           0x000000c9   Thumb Code     0  entry8b.o(.ARM.Collect$$$$0000000A)
    _main_init                               0x000000c9   Thumb Code     0  entry9a.o(.ARM.Collect$$$$0000000B)
    __rt_final_cpp                           0x000000d1   Thumb Code     0  entry10a.o(.ARM.Collect$$$$0000000D)
    __rt_final_exit                          0x000000d1   Thumb Code     0  entry11a.o(.ARM.Collect$$$$0000000F)
    SVC_Handler                              0x000000d5   Thumb Code     0  port.o(.emb_text)
    vPortStartFirstTask                      0x000000d5   Thumb Code    36  port.o(.emb_text)
    PendSV_Handler                           0x00000101   Thumb Code    60  port.o(.emb_text)
    Reset_Handler                            0x00000141   Thumb Code    26  arm_startup_nrf51.o(.text)
    NMI_Handler                              0x0000015b   Thumb Code     2  arm_startup_nrf51.o(.text)
    HardFault_Handler                        0x0000015d   Thumb Code     2  arm_startup_nrf51.o(.text)
    SysTick_Handler                          0x00000163   Thumb Code     2  arm_startup_nrf51.o(.text)
    ADC_IRQHandler                           0x00000165   Thumb Code     0  arm_startup_nrf51.o(.text)
    CCM_AAR_IRQHandler                       0x00000165   Thumb Code     0  arm_startup_nrf51.o(.text)
    ECB_IRQHandler                           0x00000165   Thumb Code     0  arm_startup_nrf51.o(.text)
    LPCOMP_IRQHandler                        0x00000165   Thumb Code     0  arm_startup_nrf51.o(.text)
    QDEC_IRQHandler                          0x00000165   Thumb Code     0  arm_startup_nrf51.o(.text)
    RADIO_IRQHandler                         0x00000165   Thumb Code     0  arm_startup_nrf51.o(.text)
    RNG_IRQHandler                           0x00000165   Thumb Code     0  arm_startup_nrf51.o(.text)
    RTC0_IRQHandler                          0x00000165   Thumb Code     0  arm_startup_nrf51.o(.text)
    SPI0_TWI0_IRQHandler                     0x00000165   Thumb Code     0  arm_startup_nrf51.o(.text)
    SPI1_TWI1_IRQHandler                     0x00000165   Thumb Code     0  arm_startup_nrf51.o(.text)
    SWI0_IRQHandler                          0x00000165   Thumb Code     0  arm_startup_nrf51.o(.text)
    SWI1_IRQHandler                          0x00000165   Thumb Code     0  arm_startup_nrf51.o(.text)
    SWI2_IRQHandler                          0x00000165   Thumb Code     0  arm_startup_nrf51.o(.text)
    SWI3_IRQHandler                          0x00000165   Thumb Code     0  arm_startup_nrf51.o(.text)
    SWI4_IRQHandler                          0x00000165   Thumb Code     0  arm_startup_nrf51.o(.text)
    SWI5_IRQHandler                          0x00000165   Thumb Code     0  arm_startup_nrf51.o(.text)
    TEMP_IRQHandler                          0x00000165   Thumb Code     0  arm_startup_nrf51.o(.text)
    TIMER0_IRQHandler                        0x00000165   Thumb Code     0  arm_startup_nrf51.o(.text)
    TIMER1_IRQHandler                        0x00000165   Thumb Code     0  arm_startup_nrf51.o(.text)
    TIMER2_IRQHandler                        0x00000165   Thumb Code     0  arm_startup_nrf51.o(.text)
    WDT_IRQHandler                           0x00000165   Thumb Code     0  arm_startup_nrf51.o(.text)
    __aeabi_memcpy                           0x00000179   Thumb Code    36  memcpya.o(.text)
    __aeabi_memcpy4                          0x00000179   Thumb Code     0  memcpya.o(.text)
    __aeabi_memcpy8                          0x00000179   Thumb Code     0  memcpya.o(.text)
    __aeabi_memset                           0x0000019d   Thumb Code    14  memseta.o(.text)
    __aeabi_memset4                          0x0000019d   Thumb Code     0  memseta.o(.text)
    __aeabi_memset8                          0x0000019d   Thumb Code     0  memseta.o(.text)
    __aeabi_memclr                           0x000001ab   Thumb Code     4  memseta.o(.text)
    __aeabi_memclr4                          0x000001ab   Thumb Code     0  memseta.o(.text)
    __aeabi_memclr8                          0x000001ab   Thumb Code     0  memseta.o(.text)
    _memset$wrapper                          0x000001af   Thumb Code    18  memseta.o(.text)
    __scatterload                            0x000001c1   Thumb Code    28  init.o(.text)
    __scatterload_rt2                        0x000001c1   Thumb Code     0  init.o(.text)
    GPIOTE_IRQHandler                        0x000001e5   Thumb Code   364  nrf_drv_gpiote.o(i.GPIOTE_IRQHandler)
    POWER_CLOCK_IRQHandler                   0x0000035d   Thumb Code    70  nrf_drv_clock.o(i.POWER_CLOCK_IRQHandler)
    RTC1_IRQHandler                          0x000003b1   Thumb Code    70  port_cmsis_systick.o(i.RTC1_IRQHandler)
    SystemInit                               0x00000401   Thumb Code   130  system_nrf51.o(i.SystemInit)
    UART0_IRQHandler                         0x000004a1   Thumb Code    12  nrf_drv_uart.o(i.UART0_IRQHandler)
    __ARM_common_switch8                     0x000004b5   Thumb Code    26  bsp.o(i.__ARM_common_switch8)
    __scatterload_copy                       0x000004cf   Thumb Code    14  handlers.o(i.__scatterload_copy)
    __scatterload_null                       0x000004dd   Thumb Code     2  handlers.o(i.__scatterload_null)
    __scatterload_zeroinit                   0x000004df   Thumb Code    14  handlers.o(i.__scatterload_zeroinit)
    app_error_fault_handler                  0x000004ed   Thumb Code    18  app_error_weak.o(i.app_error_fault_handler)
    app_error_handler_bare                   0x00000509   Thumb Code    20  app_error.o(i.app_error_handler_bare)
    app_util_critical_region_enter           0x00000521   Thumb Code     8  app_util_platform.o(i.app_util_critical_region_enter)
    app_util_critical_region_exit            0x00000529   Thumb Code     8  app_util_platform.o(i.app_util_critical_region_exit)
    app_util_disable_irq                     0x00000531   Thumb Code    12  app_util_platform.o(i.app_util_disable_irq)
    app_util_enable_irq                      0x00000541   Thumb Code    14  app_util_platform.o(i.app_util_enable_irq)
    bsp_board_led_invert                     0x00000555   Thumb Code    24  boards.o(i.bsp_board_led_invert)
    bsp_board_led_off                        0x00000575   Thumb Code    14  boards.o(i.bsp_board_led_off)
    bsp_board_leds_init                      0x00000589   Thumb Code    36  boards.o(i.bsp_board_leds_init)
    bsp_board_leds_off                       0x000005b1   Thumb Code    18  boards.o(i.bsp_board_leds_off)
    eTaskConfirmSleepModeStatus              0x000005fd   Thumb Code    24  tasks.o(i.eTaskConfirmSleepModeStatus)
    main                                     0x000006a9   Thumb Code   106  main.o(i.main)
    nrf_drv_clock_init                       0x00000755   Thumb Code    52  nrf_drv_clock.o(i.nrf_drv_clock_init)
    nrf_drv_clock_lfclk_request              0x00000795   Thumb Code    88  nrf_drv_clock.o(i.nrf_drv_clock_lfclk_request)
    nrf_drv_common_irq_enable                0x000007f9   Thumb Code    78  nrf_drv_common.o(i.nrf_drv_common_irq_enable)
    pvPortMalloc                             0x00000d91   Thumb Code    68  heap_1.o(i.pvPortMalloc)
    pvTaskIncrementMutexHeldCount            0x00000de1   Thumb Code    20  tasks.o(i.pvTaskIncrementMutexHeldCount)
    pxPortInitialiseStack                    0x00000df9   Thumb Code    28  port_cmsis.o(i.pxPortInitialiseStack)
    uxListRemove                             0x00000fd1   Thumb Code    36  list.o(i.uxListRemove)
    vListInitialise                          0x00000ff5   Thumb Code    22  list.o(i.vListInitialise)
    vListInitialiseItem                      0x0000100b   Thumb Code     6  list.o(i.vListInitialiseItem)
    vListInsert                              0x00001011   Thumb Code    48  list.o(i.vListInsert)
    vListInsertEnd                           0x00001041   Thumb Code    24  list.o(i.vListInsertEnd)
    vPortEnterCritical                       0x00001059   Thumb Code    12  port_cmsis.o(i.vPortEnterCritical)
    vPortExitCritical                        0x00001069   Thumb Code    14  port_cmsis.o(i.vPortExitCritical)
    vPortFree                                0x0000107d   Thumb Code     2  heap_1.o(i.vPortFree)
    vPortSafeTaskSwitchContext               0x0000108f   Thumb Code    44  port_cmsis.o(i.vPortSafeTaskSwitchContext)
    vPortSetupTimerInterrupt                 0x000010bd   Thumb Code    54  port_cmsis_systick.o(i.vPortSetupTimerInterrupt)
    vPortSuppressTicksAndSleep               0x00001109   Thumb Code   116  port_cmsis_systick.o(i.vPortSuppressTicksAndSleep)
    vPortTaskYield                           0x00001191   Thumb Code    20  port_cmsis.o(i.vPortTaskYield)
    vQueueAddToRegistry                      0x000011a9   Thumb Code    32  queue.o(i.vQueueAddToRegistry)
    vQueueWaitForMessageRestricted           0x000011cd   Thumb Code    56  queue.o(i.vQueueWaitForMessageRestricted)
    vTaskDelay                               0x00001205   Thumb Code    44  tasks.o(i.vTaskDelay)
    vTaskMissedYield                         0x00001235   Thumb Code     8  tasks.o(i.vTaskMissedYield)
    vTaskPlaceOnEventList                    0x00001241   Thumb Code    48  tasks.o(i.vTaskPlaceOnEventList)
    vTaskPlaceOnEventListRestricted          0x00001279   Thumb Code    32  tasks.o(i.vTaskPlaceOnEventListRestricted)
    vTaskPriorityInherit                     0x0000129d   Thumb Code    92  tasks.o(i.vTaskPriorityInherit)
    vTaskSetTimeOutState                     0x00001301   Thumb Code    12  tasks.o(i.vTaskSetTimeOutState)
    vTaskStartScheduler                      0x00001311   Thumb Code    56  tasks.o(i.vTaskStartScheduler)
    vTaskStepTick                            0x00001359   Thumb Code    10  tasks.o(i.vTaskStepTick)
    vTaskSuspendAll                          0x00001369   Thumb Code    10  tasks.o(i.vTaskSuspendAll)
    vTaskSwitchContext                       0x00001379   Thumb Code    68  tasks.o(i.vTaskSwitchContext)
    xPortStartScheduler                      0x000013c5   Thumb Code    46  port_cmsis.o(i.xPortStartScheduler)
    xQueueGenericCreate                      0x000013fd   Thumb Code    62  queue.o(i.xQueueGenericCreate)
    xQueueGenericReceive                     0x0000143b   Thumb Code   272  queue.o(i.xQueueGenericReceive)
    xQueueGenericReset                       0x0000154b   Thumb Code    98  queue.o(i.xQueueGenericReset)
    xQueueGenericSend                        0x000015ad   Thumb Code   222  queue.o(i.xQueueGenericSend)
    xQueueGenericSendFromISR                 0x0000168b   Thumb Code    96  queue.o(i.xQueueGenericSendFromISR)
    xTaskCheckForTimeOut                     0x000016ed   Thumb Code    66  tasks.o(i.xTaskCheckForTimeOut)
    xTaskGenericCreate                       0x00001735   Thumb Code   340  tasks.o(i.xTaskGenericCreate)
    xTaskGetSchedulerState                   0x00001891   Thumb Code    26  tasks.o(i.xTaskGetSchedulerState)
    xTaskGetTickCount                        0x000018b1   Thumb Code     6  tasks.o(i.xTaskGetTickCount)
    xTaskIncrementTick                       0x000018bd   Thumb Code   154  tasks.o(i.xTaskIncrementTick)
    xTaskPriorityDisinherit                  0x00001961   Thumb Code    76  tasks.o(i.xTaskPriorityDisinherit)
    xTaskRemoveFromEventList                 0x000019b5   Thumb Code    88  tasks.o(i.xTaskRemoveFromEventList)
    xTaskResumeAll                           0x00001a15   Thumb Code   148  tasks.o(i.xTaskResumeAll)
    xTimerCreate                             0x00001ab1   Thumb Code    56  timers.o(i.xTimerCreate)
    xTimerCreateTimerTask                    0x00001ae9   Thumb Code    52  timers.o(i.xTimerCreateTimerTask)
    xTimerGenericCommand                     0x00001b2d   Thumb Code    72  timers.o(i.xTimerGenericCommand)
    Region$$Table$$Base                      0x00001b88   Number         0  anon$$obj.o(Region$$Table)
    Region$$Table$$Limit                     0x00001ba8   Number         0  anon$$obj.o(Region$$Table)
    led_toggle_task_handle                   0x20000000   Data           4  main.o(.data)
    led_toggle_timer_handle                  0x20000004   Data           4  main.o(.data)
    pxCurrentTCB                             0x20000014   Data           4  tasks.o(.data)
    SystemCoreClock                          0x20000068   Data           4  system_nrf51.o(.data)
    xQueueRegistry                           0x2000106c   Data          16  queue.o(.bss)
    __initial_sp                             0x200019c0   Data           0  arm_startup_nrf51.o(STACK)



==============================================================================

Memory Map of the image

  Image Entry point : 0x000000c1

  Load Region LR_IROM1 (Base: 0x00000000, Size: 0x00001c14, Max: 0x00040000, ABSOLUTE)

    Execution Region ER_IROM1 (Exec base: 0x00000000, Load base: 0x00000000, Size: 0x00001ba8, Max: 0x00040000, ABSOLUTE)

    Exec Addr    Load Addr    Size         Type   Attr      Idx    E Section Name        Object

    0x00000000   0x00000000   0x000000c0   Data   RO         2535    RESET               arm_startup_nrf51.o
    0x000000c0   0x000000c0   0x00000000   Code   RO         2577  * .ARM.Collect$$$$00000000  mc_p.l(entry.o)
    0x000000c0   0x000000c0   0x00000004   Code   RO         2592    .ARM.Collect$$$$00000001  mc_p.l(entry2.o)
    0x000000c4   0x000000c4   0x00000004   Code   RO         2595    .ARM.Collect$$$$00000004  mc_p.l(entry5.o)
    0x000000c8   0x000000c8   0x00000000   Code   RO         2597    .ARM.Collect$$$$00000008  mc_p.l(entry7b.o)
    0x000000c8   0x000000c8   0x00000000   Code   RO         2599    .ARM.Collect$$$$0000000A  mc_p.l(entry8b.o)
    0x000000c8   0x000000c8   0x00000008   Code   RO         2600    .ARM.Collect$$$$0000000B  mc_p.l(entry9a.o)
    0x000000d0   0x000000d0   0x00000000   Code   RO         2602    .ARM.Collect$$$$0000000D  mc_p.l(entry10a.o)
    0x000000d0   0x000000d0   0x00000000   Code   RO         2604    .ARM.Collect$$$$0000000F  mc_p.l(entry11a.o)
    0x000000d0   0x000000d0   0x00000004   Code   RO         2593    .ARM.Collect$$$$00002712  mc_p.l(entry2.o)
    0x000000d4   0x000000d4   0x0000006c   Code   RO          658    .emb_text           port.o
    0x00000140   0x00000140   0x00000038   Code   RO         2536    .text               arm_startup_nrf51.o
    0x00000178   0x00000178   0x00000024   Code   RO         2582    .text               mc_p.l(memcpya.o)
    0x0000019c   0x0000019c   0x00000024   Code   RO         2584    .text               mc_p.l(memseta.o)
    0x000001c0   0x000001c0   0x00000024   Code   RO         2606    .text               mc_p.l(init.o)
    0x000001e4   0x000001e4   0x00000178   Code   RO         1606    i.GPIOTE_IRQHandler  nrf_drv_gpiote.o
    0x0000035c   0x0000035c   0x00000054   Code   RO         1409    i.POWER_CLOCK_IRQHandler  nrf_drv_clock.o
    0x000003b0   0x000003b0   0x00000050   Code   RO          752    i.RTC1_IRQHandler   port_cmsis_systick.o
    0x00000400   0x00000400   0x000000a0   Code   RO         2543    i.SystemInit        system_nrf51.o
    0x000004a0   0x000004a0   0x00000014   Code   RO         1821    i.UART0_IRQHandler  nrf_drv_uart.o
    0x000004b4   0x000004b4   0x0000001a   Code   RO          392    i.__ARM_common_switch8  bsp.o
    0x000004ce   0x000004ce   0x0000000e   Code   RO         2610    i.__scatterload_copy  mc_p.l(handlers.o)
    0x000004dc   0x000004dc   0x00000002   Code   RO         2611    i.__scatterload_null  mc_p.l(handlers.o)
    0x000004de   0x000004de   0x0000000e   Code   RO         2612    i.__scatterload_zeroinit  mc_p.l(handlers.o)
    0x000004ec   0x000004ec   0x0000001c   Code   RO         2206    i.app_error_fault_handler  app_error_weak.o
    0x00000508   0x00000508   0x00000018   Code   RO         2165    i.app_error_handler_bare  app_error.o
    0x00000520   0x00000520   0x00000008   Code   RO         2283    i.app_util_critical_region_enter  app_util_platform.o
    0x00000528   0x00000528   0x00000008   Code   RO         2284    i.app_util_critical_region_exit  app_util_platform.o
    0x00000530   0x00000530   0x00000010   Code   RO         2285    i.app_util_disable_irq  app_util_platform.o
    0x00000540   0x00000540   0x00000014   Code   RO         2286    i.app_util_enable_irq  app_util_platform.o
    0x00000554   0x00000554   0x00000020   Code   RO          190    i.bsp_board_led_invert  boards.o
    0x00000574   0x00000574   0x00000014   Code   RO          191    i.bsp_board_led_off  boards.o
    0x00000588   0x00000588   0x00000028   Code   RO          194    i.bsp_board_leds_init  boards.o
    0x000005b0   0x000005b0   0x00000012   Code   RO          195    i.bsp_board_leds_off  boards.o
    0x000005c2   0x000005c2   0x00000002   PAD
    0x000005c4   0x000005c4   0x00000010   Code   RO         1609    i.channel_port_get  nrf_drv_gpiote.o
    0x000005d4   0x000005d4   0x00000028   Code   RO         1410    i.clock_clk_started_notify  nrf_drv_clock.o
    0x000005fc   0x000005fc   0x00000020   Code   RO          964    i.eTaskConfirmSleepModeStatus  tasks.o
    0x0000061c   0x0000061c   0x00000048   Code   RO         2544    i.is_manual_peripheral_setup_needed  system_nrf51.o
    0x00000664   0x00000664   0x00000016   Code   RO         1412    i.item_enqueue      nrf_drv_clock.o
    0x0000067a   0x0000067a   0x00000002   PAD
    0x0000067c   0x0000067c   0x00000020   Code   RO            3    i.led_toggle_task_function  main.o
    0x0000069c   0x0000069c   0x0000000a   Code   RO            4    i.led_toggle_timer_callback  main.o
    0x000006a6   0x000006a6   0x00000002   PAD
    0x000006a8   0x000006a8   0x0000008c   Code   RO            5    i.main              main.o
    0x00000734   0x00000734   0x00000010   Code   RO         1610    i.nrf_bitmask_bit_is_set  nrf_drv_gpiote.o
    0x00000744   0x00000744   0x00000010   Code   RO         1414    i.nrf_clock_event_check  nrf_drv_clock.o
    0x00000754   0x00000754   0x00000040   Code   RO         1421    i.nrf_drv_clock_init  nrf_drv_clock.o
    0x00000794   0x00000794   0x00000064   Code   RO         1426    i.nrf_drv_clock_lfclk_request  nrf_drv_clock.o
    0x000007f8   0x000007f8   0x00000060   Code   RO         1575    i.nrf_drv_common_irq_enable  nrf_drv_common.o
    0x00000858   0x00000858   0x00000028   Code   RO          199    i.nrf_gpio_cfg      boards.o
    0x00000880   0x00000880   0x00000022   Code   RO         1632    i.nrf_gpio_cfg_sense_set  nrf_drv_gpiote.o
    0x000008a2   0x000008a2   0x00000002   PAD
    0x000008a4   0x000008a4   0x00000018   Code   RO          200    i.nrf_gpio_pin_write  boards.o
    0x000008bc   0x000008bc   0x00000028   Code   RO         1633    i.nrf_gpio_ports_read  nrf_drv_gpiote.o
    0x000008e4   0x000008e4   0x00000010   Code   RO         1634    i.nrf_gpiote_event_clear  nrf_drv_gpiote.o
    0x000008f4   0x000008f4   0x00000014   Code   RO         1635    i.nrf_gpiote_event_is_set  nrf_drv_gpiote.o
    0x00000908   0x00000908   0x0000000a   Code   RO         1839    i.nrf_uart_event_check  nrf_drv_uart.o
    0x00000912   0x00000912   0x00000010   Code   RO         1840    i.nrf_uart_int_enable_check  nrf_drv_uart.o
    0x00000922   0x00000922   0x00000002   PAD
    0x00000924   0x00000924   0x00000034   Code   RO          967    i.prvAddCurrentTaskToDelayedList  tasks.o
    0x00000958   0x00000958   0x00000050   Code   RO         1298    i.prvCheckForValidListAndQueue  timers.o
    0x000009a8   0x000009a8   0x00000058   Code   RO          968    i.prvCheckTasksWaitingTermination  tasks.o
    0x00000a00   0x00000a00   0x00000026   Code   RO          790    i.prvCopyDataFromQueue  queue.o
    0x00000a26   0x00000a26   0x00000076   Code   RO          791    i.prvCopyDataToQueue  queue.o
    0x00000a9c   0x00000a9c   0x00000028   Code   RO          969    i.prvGetExpectedIdleTime  tasks.o
    0x00000ac4   0x00000ac4   0x00000034   Code   RO          970    i.prvIdleTask       tasks.o
    0x00000af8   0x00000af8   0x00000038   Code   RO         1299    i.prvInsertTimerInActiveList  timers.o
    0x00000b30   0x00000b30   0x000000a8   Code   RO         1300    i.prvProcessReceivedCommands  timers.o
    0x00000bd8   0x00000bd8   0x00000084   Code   RO         1301    i.prvProcessTimerOrBlockTask  timers.o
    0x00000c5c   0x00000c5c   0x00000020   Code   RO          971    i.prvResetNextTaskUnblockTime  tasks.o
    0x00000c7c   0x00000c7c   0x00000028   Code   RO         1302    i.prvSampleTimeNow  timers.o
    0x00000ca4   0x00000ca4   0x00000058   Code   RO         1303    i.prvSwitchTimerLists  timers.o
    0x00000cfc   0x00000cfc   0x00000004   Code   RO          676    i.prvTaskExitError  port_cmsis.o
    0x00000d00   0x00000d00   0x00000024   Code   RO         1304    i.prvTimerTask      timers.o
    0x00000d24   0x00000d24   0x0000006a   Code   RO          792    i.prvUnlockQueue    queue.o
    0x00000d8e   0x00000d8e   0x00000002   PAD
    0x00000d90   0x00000d90   0x00000050   Code   RO          573    i.pvPortMalloc      heap_1.o
    0x00000de0   0x00000de0   0x00000018   Code   RO          973    i.pvTaskIncrementMutexHeldCount  tasks.o
    0x00000df8   0x00000df8   0x00000024   Code   RO          677    i.pxPortInitialiseStack  port_cmsis.o
    0x00000e1c   0x00000e1c   0x00000026   Code   RO         1841    i.rx_byte           nrf_drv_uart.o
    0x00000e42   0x00000e42   0x00000014   Code   RO         1842    i.rx_done_event     nrf_drv_uart.o
    0x00000e56   0x00000e56   0x0000001e   Code   RO         1844    i.tx_byte           nrf_drv_uart.o
    0x00000e74   0x00000e74   0x00000018   Code   RO         1845    i.tx_done_event     nrf_drv_uart.o
    0x00000e8c   0x00000e8c   0x00000128   Code   RO         1846    i.uart_irq_handler  nrf_drv_uart.o
    0x00000fb4   0x00000fb4   0x0000001c   Code   RO          793    i.ulPortDisableISR  queue.o
    0x00000fd0   0x00000fd0   0x00000024   Code   RO          614    i.uxListRemove      list.o
    0x00000ff4   0x00000ff4   0x00000016   Code   RO          615    i.vListInitialise   list.o
    0x0000100a   0x0000100a   0x00000006   Code   RO          616    i.vListInitialiseItem  list.o
    0x00001010   0x00001010   0x00000030   Code   RO          617    i.vListInsert       list.o
    0x00001040   0x00001040   0x00000018   Code   RO          618    i.vListInsertEnd    list.o
    0x00001058   0x00001058   0x00000010   Code   RO          679    i.vPortEnterCritical  port_cmsis.o
    0x00001068   0x00001068   0x00000014   Code   RO          680    i.vPortExitCritical  port_cmsis.o
    0x0000107c   0x0000107c   0x00000002   Code   RO          574    i.vPortFree         heap_1.o
    0x0000107e   0x0000107e   0x00000010   Code   RO          797    i.vPortRestoreISR   queue.o
    0x0000108e   0x0000108e   0x0000002c   Code   RO          681    i.vPortSafeTaskSwitchContext  port_cmsis.o
    0x000010ba   0x000010ba   0x00000002   PAD
    0x000010bc   0x000010bc   0x0000004c   Code   RO          753    i.vPortSetupTimerInterrupt  port_cmsis_systick.o
    0x00001108   0x00001108   0x00000088   Code   RO          754    i.vPortSuppressTicksAndSleep  port_cmsis_systick.o
    0x00001190   0x00001190   0x00000018   Code   RO          682    i.vPortTaskYield    port_cmsis.o
    0x000011a8   0x000011a8   0x00000024   Code   RO          798    i.vQueueAddToRegistry  queue.o
    0x000011cc   0x000011cc   0x00000038   Code   RO          801    i.vQueueWaitForMessageRestricted  queue.o
    0x00001204   0x00001204   0x00000030   Code   RO          982    i.vTaskDelay        tasks.o
    0x00001234   0x00001234   0x0000000c   Code   RO          986    i.vTaskMissedYield  tasks.o
    0x00001240   0x00001240   0x00000038   Code   RO          988    i.vTaskPlaceOnEventList  tasks.o
    0x00001278   0x00001278   0x00000024   Code   RO          989    i.vTaskPlaceOnEventListRestricted  tasks.o
    0x0000129c   0x0000129c   0x00000064   Code   RO          991    i.vTaskPriorityInherit  tasks.o
    0x00001300   0x00001300   0x00000010   Code   RO          994    i.vTaskSetTimeOutState  tasks.o
    0x00001310   0x00001310   0x00000048   Code   RO          995    i.vTaskStartScheduler  tasks.o
    0x00001358   0x00001358   0x00000010   Code   RO          996    i.vTaskStepTick     tasks.o
    0x00001368   0x00001368   0x00000010   Code   RO          998    i.vTaskSuspendAll   tasks.o
    0x00001378   0x00001378   0x0000004c   Code   RO          999    i.vTaskSwitchContext  tasks.o
    0x000013c4   0x000013c4   0x00000038   Code   RO          683    i.xPortStartScheduler  port_cmsis.o
    0x000013fc   0x000013fc   0x0000003e   Code   RO          804    i.xQueueGenericCreate  queue.o
    0x0000143a   0x0000143a   0x00000110   Code   RO          805    i.xQueueGenericReceive  queue.o
    0x0000154a   0x0000154a   0x00000062   Code   RO          806    i.xQueueGenericReset  queue.o
    0x000015ac   0x000015ac   0x000000de   Code   RO          807    i.xQueueGenericSend  queue.o
    0x0000168a   0x0000168a   0x00000060   Code   RO          808    i.xQueueGenericSendFromISR  queue.o
    0x000016ea   0x000016ea   0x00000002   PAD
    0x000016ec   0x000016ec   0x00000048   Code   RO         1000    i.xTaskCheckForTimeOut  tasks.o
    0x00001734   0x00001734   0x0000015c   Code   RO         1001    i.xTaskGenericCreate  tasks.o
    0x00001890   0x00001890   0x00000020   Code   RO         1005    i.xTaskGetSchedulerState  tasks.o
    0x000018b0   0x000018b0   0x0000000c   Code   RO         1006    i.xTaskGetTickCount  tasks.o
    0x000018bc   0x000018bc   0x000000a4   Code   RO         1008    i.xTaskIncrementTick  tasks.o
    0x00001960   0x00001960   0x00000054   Code   RO         1011    i.xTaskPriorityDisinherit  tasks.o
    0x000019b4   0x000019b4   0x00000060   Code   RO         1012    i.xTaskRemoveFromEventList  tasks.o
    0x00001a14   0x00001a14   0x0000009c   Code   RO         1014    i.xTaskResumeAll    tasks.o
    0x00001ab0   0x00001ab0   0x00000038   Code   RO         1307    i.xTimerCreate      timers.o
    0x00001ae8   0x00001ae8   0x00000044   Code   RO         1308    i.xTimerCreateTimerTask  timers.o
    0x00001b2c   0x00001b2c   0x0000004c   Code   RO         1309    i.xTimerGenericCommand  timers.o
    0x00001b78   0x00001b78   0x00000008   Data   RO          201    .constdata          boards.o
    0x00001b80   0x00001b80   0x00000004   Data   RO          684    .constdata          port_cmsis.o
    0x00001b84   0x00001b84   0x00000004   Data   RO         1639    .constdata          nrf_drv_gpiote.o
    0x00001b88   0x00001b88   0x00000020   Data   RO         2608    Region$$Table       anon$$obj.o


    Execution Region RW_IRAM1 (Exec base: 0x20000000, Load base: 0x00001ba8, Size: 0x000019c0, Max: 0x00004000, ABSOLUTE)

    Exec Addr    Load Addr    Size         Type   Attr      Idx    E Section Name        Object

    0x20000000   0x00001ba8   0x00000008   Data   RW            6    .data               main.o
    0x20000008   0x00001bb0   0x00000008   Data   RW          578    .data               heap_1.o
    0x20000010   0x00001bb8   0x00000004   Data   RW          685    .data               port_cmsis.o
    0x20000014   0x00001bbc   0x0000003c   Data   RW         1017    .data               tasks.o
    0x20000050   0x00001bf8   0x00000014   Data   RW         1315    .data               timers.o
    0x20000064   0x00001c0c   0x00000004   Data   RW         2287    .data               app_util_platform.o
    0x20000068   0x00001c10   0x00000004   Data   RW         2545    .data               system_nrf51.o
    0x2000006c        -       0x00001000   Zero   RW          577    .bss                heap_1.o
    0x2000106c        -       0x00000010   Zero   RW          816    .bss                queue.o
    0x2000107c        -       0x000000a0   Zero   RW         1016    .bss                tasks.o
    0x2000111c        -       0x00000028   Zero   RW         1314    .bss                timers.o
    0x20001144        -       0x00000014   Zero   RW         1428    .bss                nrf_drv_clock.o
    0x20001158        -       0x00000048   Zero   RW         1638    .bss                nrf_drv_gpiote.o
    0x200011a0        -       0x0000001c   Zero   RW         1847    .bss                nrf_drv_uart.o
    0x200011bc   0x00001c14   0x00000004   PAD
    0x200011c0        -       0x00000800   Zero   RW         2533    STACK               arm_startup_nrf51.o


==============================================================================

Image component sizes


      Code (inc. data)   RO Data    RW Data    ZI Data      Debug   Object Name

        24          4          0          0          0       2217   app_error.o
        28         10          0          0          0       7098   app_error_weak.o
        52         10          0          4          0       3228   app_util_platform.o
        56         18        192          0       2048        712   arm_startup_nrf51.o
       174         24          8          0          0       8341   boards.o
        26          0          0          0          0         72   bsp.o
         0          0          0          0          0      10772   event_groups.o
        82         12          0          8       4096       2407   heap_1.o
       136          0          0          0          0       3738   list.o
       182         38          0          8          0      41272   main.o
       326         44          0          0         20      12044   nrf_drv_clock.o
        96         18          0          0          0       7320   nrf_drv_common.o
       518         34          4          0         72      17428   nrf_drv_gpiote.o
       454          8          0          0         28      16109   nrf_drv_uart.o
       108         16          0          0          0        604   port.o
       200         32          4          4          0      14805   port_cmsis.o
       292         52          0          0          0      12502   port_cmsis_systick.o
      1148          4          0          0         16      16269   queue.o
       232         36          0          4          0       2367   system_nrf51.o
      1732        176          0         60        160      30224   tasks.o
       800         72          0         20         40      10186   timers.o

    ----------------------------------------------------------------------
      6682        608        240        108       6484     219715   Object Totals
         0          0         32          0          0          0   (incl. Generated)
        16          0          0          0          4          0   (incl. Padding)

    ----------------------------------------------------------------------

      Code (inc. data)   RO Data    RW Data    ZI Data      Debug   Library Member Name

         0          0          0          0          0          0   entry.o
         0          0          0          0          0          0   entry10a.o
         0          0          0          0          0          0   entry11a.o
         8          4          0          0          0          0   entry2.o
         4          0          0          0          0          0   entry5.o
         0          0          0          0          0          0   entry7b.o
         0          0          0          0          0          0   entry8b.o
         8          4          0          0          0          0   entry9a.o
        30          0          0          0          0          0   handlers.o
        36          8          0          0          0         68   init.o
        36          0          0          0          0         60   memcpya.o
        36          0          0          0          0        100   memseta.o

    ----------------------------------------------------------------------
       158         16          0          0          0        228   Library Totals
         0          0          0          0          0          0   (incl. Padding)

    ----------------------------------------------------------------------

      Code (inc. data)   RO Data    RW Data    ZI Data      Debug   Library Name

       158         16          0          0          0        228   mc_p.l

    ----------------------------------------------------------------------
       158         16          0          0          0        228   Library Totals

    ----------------------------------------------------------------------

==============================================================================


      Code (inc. data)   RO Data    RW Data    ZI Data      Debug   

      6840        624        240        108       6484     215643   Grand Totals
      6840        624        240        108       6484     215643   ELF Image Totals
      6840        624        240        108          0          0   ROM Totals

==============================================================================

    Total RO  Size (Code + RO Data)                 7080 (   6.91kB)
    Total RW  Size (RW Data + ZI Data)              6592 (   6.44kB)
    Total ROM Size (Code + RO Data + RW Data)       7188 (   7.02kB)

==============================================================================

