###############################################################################
#
# IAR ELF Linker V7.50.2.10312/W32 for ARM                31/Oct/2017  09:39:48
# Copyright 2007-2015 IAR Systems AB.
#
#    Output file  =  
#        C:\Users\momo\Desktop\资料备份\nRF5_SDK_12.3.0_d7731ad\examples\ble_peripheral\ble_app_uart\pca10056\s132\iar\_build\ble_app_uart_pca10056_s132.out
#    Map file     =  
#        C:\Users\momo\Desktop\资料备份\nRF5_SDK_12.3.0_d7731ad\examples\ble_peripheral\ble_app_uart\pca10056\s132\iar\_build\ble_app_uart_pca10056_s132.map
#    Command line =  
#        C:\Users\momo\Desktop\资料备份\nRF5_SDK_12.3.0_d7731ad\examples\ble_peripheral\ble_app_uart\pca10056\s132\iar\_build\app_button.o
#        C:\Users\momo\Desktop\资料备份\nRF5_SDK_12.3.0_d7731ad\examples\ble_peripheral\ble_app_uart\pca10056\s132\iar\_build\app_error.o
#        C:\Users\momo\Desktop\资料备份\nRF5_SDK_12.3.0_d7731ad\examples\ble_peripheral\ble_app_uart\pca10056\s132\iar\_build\app_error_weak.o
#        C:\Users\momo\Desktop\资料备份\nRF5_SDK_12.3.0_d7731ad\examples\ble_peripheral\ble_app_uart\pca10056\s132\iar\_build\app_fifo.o
#        C:\Users\momo\Desktop\资料备份\nRF5_SDK_12.3.0_d7731ad\examples\ble_peripheral\ble_app_uart\pca10056\s132\iar\_build\app_timer.o
#        C:\Users\momo\Desktop\资料备份\nRF5_SDK_12.3.0_d7731ad\examples\ble_peripheral\ble_app_uart\pca10056\s132\iar\_build\app_uart_fifo.o
#        C:\Users\momo\Desktop\资料备份\nRF5_SDK_12.3.0_d7731ad\examples\ble_peripheral\ble_app_uart\pca10056\s132\iar\_build\app_util_platform.o
#        C:\Users\momo\Desktop\资料备份\nRF5_SDK_12.3.0_d7731ad\examples\ble_peripheral\ble_app_uart\pca10056\s132\iar\_build\ble_advdata.o
#        C:\Users\momo\Desktop\资料备份\nRF5_SDK_12.3.0_d7731ad\examples\ble_peripheral\ble_app_uart\pca10056\s132\iar\_build\ble_advertising.o
#        C:\Users\momo\Desktop\资料备份\nRF5_SDK_12.3.0_d7731ad\examples\ble_peripheral\ble_app_uart\pca10056\s132\iar\_build\ble_conn_params.o
#        C:\Users\momo\Desktop\资料备份\nRF5_SDK_12.3.0_d7731ad\examples\ble_peripheral\ble_app_uart\pca10056\s132\iar\_build\ble_nus.o
#        C:\Users\momo\Desktop\资料备份\nRF5_SDK_12.3.0_d7731ad\examples\ble_peripheral\ble_app_uart\pca10056\s132\iar\_build\ble_srv_common.o
#        C:\Users\momo\Desktop\资料备份\nRF5_SDK_12.3.0_d7731ad\examples\ble_peripheral\ble_app_uart\pca10056\s132\iar\_build\boards.o
#        C:\Users\momo\Desktop\资料备份\nRF5_SDK_12.3.0_d7731ad\examples\ble_peripheral\ble_app_uart\pca10056\s132\iar\_build\bsp.o
#        C:\Users\momo\Desktop\资料备份\nRF5_SDK_12.3.0_d7731ad\examples\ble_peripheral\ble_app_uart\pca10056\s132\iar\_build\bsp_btn_ble.o
#        C:\Users\momo\Desktop\资料备份\nRF5_SDK_12.3.0_d7731ad\examples\ble_peripheral\ble_app_uart\pca10056\s132\iar\_build\bsp_nfc.o
#        C:\Users\momo\Desktop\资料备份\nRF5_SDK_12.3.0_d7731ad\examples\ble_peripheral\ble_app_uart\pca10056\s132\iar\_build\fstorage.o
#        C:\Users\momo\Desktop\资料备份\nRF5_SDK_12.3.0_d7731ad\examples\ble_peripheral\ble_app_uart\pca10056\s132\iar\_build\hardfault_implementation.o
#        C:\Users\momo\Desktop\资料备份\nRF5_SDK_12.3.0_d7731ad\examples\ble_peripheral\ble_app_uart\pca10056\s132\iar\_build\iar_startup_nrf52840.o
#        C:\Users\momo\Desktop\资料备份\nRF5_SDK_12.3.0_d7731ad\examples\ble_peripheral\ble_app_uart\pca10056\s132\iar\_build\main.o
#        C:\Users\momo\Desktop\资料备份\nRF5_SDK_12.3.0_d7731ad\examples\ble_peripheral\ble_app_uart\pca10056\s132\iar\_build\nrf_assert.o
#        C:\Users\momo\Desktop\资料备份\nRF5_SDK_12.3.0_d7731ad\examples\ble_peripheral\ble_app_uart\pca10056\s132\iar\_build\nrf_drv_clock.o
#        C:\Users\momo\Desktop\资料备份\nRF5_SDK_12.3.0_d7731ad\examples\ble_peripheral\ble_app_uart\pca10056\s132\iar\_build\nrf_drv_common.o
#        C:\Users\momo\Desktop\资料备份\nRF5_SDK_12.3.0_d7731ad\examples\ble_peripheral\ble_app_uart\pca10056\s132\iar\_build\nrf_drv_gpiote.o
#        C:\Users\momo\Desktop\资料备份\nRF5_SDK_12.3.0_d7731ad\examples\ble_peripheral\ble_app_uart\pca10056\s132\iar\_build\nrf_drv_uart.o
#        C:\Users\momo\Desktop\资料备份\nRF5_SDK_12.3.0_d7731ad\examples\ble_peripheral\ble_app_uart\pca10056\s132\iar\_build\nrf_log_backend_serial.o
#        C:\Users\momo\Desktop\资料备份\nRF5_SDK_12.3.0_d7731ad\examples\ble_peripheral\ble_app_uart\pca10056\s132\iar\_build\nrf_log_frontend.o
#        C:\Users\momo\Desktop\资料备份\nRF5_SDK_12.3.0_d7731ad\examples\ble_peripheral\ble_app_uart\pca10056\s132\iar\_build\retarget.o
#        C:\Users\momo\Desktop\资料备份\nRF5_SDK_12.3.0_d7731ad\examples\ble_peripheral\ble_app_uart\pca10056\s132\iar\_build\RTT_Syscalls_IAR.o
#        C:\Users\momo\Desktop\资料备份\nRF5_SDK_12.3.0_d7731ad\examples\ble_peripheral\ble_app_uart\pca10056\s132\iar\_build\sdk_errors.o
#        C:\Users\momo\Desktop\资料备份\nRF5_SDK_12.3.0_d7731ad\examples\ble_peripheral\ble_app_uart\pca10056\s132\iar\_build\SEGGER_RTT.o
#        C:\Users\momo\Desktop\资料备份\nRF5_SDK_12.3.0_d7731ad\examples\ble_peripheral\ble_app_uart\pca10056\s132\iar\_build\SEGGER_RTT_printf.o
#        C:\Users\momo\Desktop\资料备份\nRF5_SDK_12.3.0_d7731ad\examples\ble_peripheral\ble_app_uart\pca10056\s132\iar\_build\softdevice_handler.o
#        C:\Users\momo\Desktop\资料备份\nRF5_SDK_12.3.0_d7731ad\examples\ble_peripheral\ble_app_uart\pca10056\s132\iar\_build\system_nrf52840.o
#        --redirect _Printf=_PrintfFull --redirect _Scanf=_ScanfFull -o
#        C:\Users\momo\Desktop\资料备份\nRF5_SDK_12.3.0_d7731ad\examples\ble_peripheral\ble_app_uart\pca10056\s132\iar\_build\ble_app_uart_pca10056_s132.out
#        --map
#        C:\Users\momo\Desktop\资料备份\nRF5_SDK_12.3.0_d7731ad\examples\ble_peripheral\ble_app_uart\pca10056\s132\iar\_build\ble_app_uart_pca10056_s132.map
#        --config
#        C:\Users\momo\Desktop\资料备份\nRF5_SDK_12.3.0_d7731ad\examples\ble_peripheral\ble_app_uart\pca10056\s132\iar\ble_app_uart_iar_nRF5x.icf
#        --warnings_are_errors --entry __iar_program_start --inline --vfe
#
###############################################################################

*******************************************************************************
*** RUNTIME MODEL ATTRIBUTES
***

CppFlavor                     = *
__Heap_Handler                = Basic
__SystemLibrary               = DLib
__dlib_dynamic_initialization = normal


*******************************************************************************
*** PLACEMENT SUMMARY
***

"A1":  place at 0x0001f000 { ro section .intvec };
"P1":  place in [from 0x0001f000 to 0x000fffff] { ro };
"P2":  place in [from 0x20002128 to 0x2003ffff] { rw, block CSTACK, block HEAP };

  Section             Kind        Address    Size  Object
  -------             ----        -------    ----  ------
"A1":                                       0x400
  .intvec             ro code  0x0001f000   0x400  iar_startup_nrf52840.o [1]
                             - 0x0001f400   0x400

"P1":                                      0x57b0
  .text               ro code  0x0001f400  0x1166  xprintffull.o [3]
  .text               ro code  0x00020566    0x20  xmbtowc.o [3]
  .text               ro code  0x00020586     0x2  iar_startup_nrf52840.o [1]
  .text               ro code  0x00020588    0x16  strchr.o [5]
  .text               ro code  0x0002059e     0x2  iar_startup_nrf52840.o [1]
  .text               ro code  0x000205a0    0x36  strlen.o [5]
  .text               ro code  0x000205d6     0x2  iar_startup_nrf52840.o [1]
  .text               ro code  0x000205d8    0x58  memchr.o [5]
  .text               ro code  0x00020630     0xa  xmbcurmax.o [3]
  .text               ro code  0x0002063a     0x2  iar_startup_nrf52840.o [1]
  .text               ro code  0x0002063c    0xb0  xxmemxmalloc.o [3]
  .text               ro code  0x000206ec    0x1a  xwctomb.o [3]
  .text               ro code  0x00020706     0x2  iar_startup_nrf52840.o [1]
  .text               ro code  0x00020708    0x76  ABImemcpy_unaligned.o [5]
  .text               ro code  0x0002077e     0x2  iar_startup_nrf52840.o [1]
  .text               ro code  0x00020780    0x80  xxmemxfree.o [3]
  .text               ro code  0x00020800    0xee  I64DivMod.o [5]
  .text               ro code  0x000208ee    0x42  xdnorm.o [4]
  .text               ro code  0x00020930    0x2e  DblCmpLe.o [4]
  .text               ro code  0x0002095e     0x2  iar_startup_nrf52840.o [1]
  .text               ro code  0x00020960    0x2e  DblCmpGe.o [4]
  .text               ro code  0x0002098e     0x2  iar_startup_nrf52840.o [1]
  .text               ro code  0x00020990   0x114  xdscale.o [4]
  .text               ro code  0x00020aa4    0x58  DblToI32.o [4]
  .text               ro code  0x00020afc    0x30  I32ToDbl.o [4]
  .text               ro code  0x00020b2c   0x180  DblSub.o [4]
  .text               ro code  0x00020cac   0x1a2  DblMul.o [4]
  .text               ro code  0x00020e4e     0x2  iar_startup_nrf52840.o [1]
  .text               ro code  0x00020e50   0x256  DblDiv.o [4]
  .text               ro code  0x000210a6     0x2  iar_startup_nrf52840.o [1]
  .text               ro code  0x000210a8    0x6c  localeconv.o [3]
  .text               ro code  0x00021114     0xe  div.o [3]
  .text               ro code  0x00021122     0x2  iar_startup_nrf52840.o [1]
  .text               ro code  0x00021124    0x14  setlocale.o [3]
  .text               ro code  0x00021138    0x60  xencoding_sb.o [3]
  .text               ro code  0x00021198    0x2c  xgetmemchunk.o [3]
  .text               ro code  0x000211c4     0x2  I64DivZer.o [5]
  .text               ro code  0x000211c6     0x2  iar_startup_nrf52840.o [1]
  .text               ro code  0x000211c8    0xd4  DblAdd.o [4]
  .text               ro code  0x0002129c   0x864  nrf_drv_uart.o [1]
  .text               ro code  0x00021b00    0x44  nrf_drv_common.o [1]
  .text               ro code  0x00021b44   0x5f4  app_timer.o [1]
  .text               ro code  0x00022138    0x6c  app_util_platform.o [1]
  .text               ro code  0x000221a4    0x22  app_error.o [1]
  .text               ro code  0x000221c6     0x2  iar_startup_nrf52840.o [1]
  .text               ro code  0x000221c8    0x24  app_error_weak.o [1]
  .text               ro code  0x000221ec   0x518  ble_advdata.o [1]
  .text               ro code  0x00022704   0x4b4  nrf_drv_gpiote.o [1]
  .text               ro code  0x00022bb8    0x3a  ABImemset48.o [5]
  .text               ro code  0x00022bf2     0x2  iar_startup_nrf52840.o [1]
  .text               ro code  0x00022bf4   0x440  main.o [1]
  .text               ro code  0x00023034   0x1c8  app_uart_fifo.o [1]
  .text               ro code  0x000231fc   0x358  bsp.o [1]
  .text               ro code  0x00023554    0xfc  bsp_btn_ble.o [1]
  .text               ro code  0x00023650   0x19c  ble_conn_params.o [1]
  .text               ro code  0x000237ec   0x23c  ble_nus.o [1]
  .text               ro code  0x00023a28   0x33c  ble_advertising.o [1]
  .text               ro code  0x00023d64     0x6  ABImemclr4.o [5]
  .text               ro code  0x00023d6a     0x2  iar_startup_nrf52840.o [1]
  .text               ro code  0x00023d6c   0x208  softdevice_handler.o [1]
  .text               ro code  0x00023f74    0x24  printf.o [3]
  .text               ro code  0x00023f98    0x8e  app_fifo.o [1]
  .text               ro code  0x00024026     0x2  iar_startup_nrf52840.o [1]
  .text               ro code  0x00024028   0x170  boards.o [1]
  .text               ro code  0x00024198   0x14c  app_button.o [1]
  .text               ro code  0x000242e4    0x18  ble_srv_common.o [1]
  .text               ro code  0x000242fc    0x14  fstorage.o [1]
  .text               ro code  0x00024310   0x118  nrf_drv_clock.o [1]
  .text               ro code  0x00024428   0x124  system_nrf52840.o [1]
  .text               ro code  0x0002454c    0xd6  xfspos.o [3]
  .text               ro code  0x00024622     0x2  iar_startup_nrf52840.o [1]
  .text               ro code  0x00024624    0xb0  fflush.o [3]
  .text               ro code  0x000246d4     0xa  xfgpos.o [3]
  .text               ro code  0x000246de     0x2  iar_startup_nrf52840.o [1]
  .text               ro code  0x000246e0     0xc  errno.o [3]
  .text               ro code  0x000246ec    0x1c  retarget.o [1]
  .text               ro code  0x00024708     0x2  xtls.o [3]
  .text               ro code  0x0002470a    0xb6  xfwprep.o [3]
  .text               ro code  0x000247c0    0x22  fseek.o [3]
  .text               ro code  0x000247e2     0x2  iar_startup_nrf52840.o [1]
  .text               ro code  0x000247e4    0x7c  xfofind.o [3]
  .text               ro code  0x00024860    0x7a  fclose.o [3]
  .text               ro code  0x000248da     0x2  iar_startup_nrf52840.o [1]
  .text               ro code  0x000248dc    0x58  xcloseall.o [3]
  .text               ro code  0x00024934    0x56  fputc.o [3]
  .text               ro code  0x0002498a    0x40  zero_init3.o [5]
  .text               ro code  0x000249ca    0x38  packbits_init_single.o [5]
  .text               ro code  0x00024a02     0x2  iar_startup_nrf52840.o [1]
  .text               ro code  0x00024a04    0x28  data_init.o [5]
  .text               ro code  0x00024a2c    0x22  fpinit_M.o [4]
  .iar.init_table     const    0x00024a50    0x20  - Linker created -
  .text               ro code  0x00024a70     0x2  iar_startup_nrf52840.o [1]
  .text               ro code  0x00024a74    0x1a  cmain.o [5]
  .text               ro code  0x00024a8e     0x4  exit.o [3]
  .text               ro code  0x00024a92     0x2  iar_startup_nrf52840.o [1]
  .text               ro code  0x00024a94     0xe  cexit.o [5]
  .text               ro code  0x00024aa2     0x2  iar_startup_nrf52840.o [1]
  .text               ro code  0x00024aa4     0xc  XXexit.o [5]
  .text               ro code  0x00024ab0    0x16  xprout.o [3]
  .text               ro code  0x00024ac6     0x2  iar_startup_nrf52840.o [1]
  .text               ro code  0x00024ac8     0xc  putchar.o [3]
  .text               ro code  0x00024ad4    0x10  iar_startup_nrf52840.o [1]
  .text               ro code  0x00024ae4     0xc  cstartup_M.o [5]
  .text               ro code  0x00024af0     0x2  iar_startup_nrf52840.o [1]
  .text               ro code  0x00024af2     0x2  iar_startup_nrf52840.o [1]
  .text               ro code  0x00024af4     0x2  iar_startup_nrf52840.o [1]
  .text               ro code  0x00024af6     0x2  iar_startup_nrf52840.o [1]
  .text               ro code  0x00024af8     0x2  iar_startup_nrf52840.o [1]
  .text               ro code  0x00024afa     0x2  iar_startup_nrf52840.o [1]
  .text               ro code  0x00024afc     0x2  iar_startup_nrf52840.o [1]
  .text               ro code  0x00024afe     0x2  iar_startup_nrf52840.o [1]
  .text               ro code  0x00024b00     0x2  iar_startup_nrf52840.o [1]
  .text               ro code  0x00024b02     0x2  iar_startup_nrf52840.o [1]
  .text               ro code  0x00024b04     0x2  iar_startup_nrf52840.o [1]
  .text               ro code  0x00024b06     0x2  iar_startup_nrf52840.o [1]
  .text               ro code  0x00024b08     0x2  iar_startup_nrf52840.o [1]
  .text               ro code  0x00024b0a     0x2  iar_startup_nrf52840.o [1]
  .text               ro code  0x00024b0c     0x2  iar_startup_nrf52840.o [1]
  .text               ro code  0x00024b0e     0x2  iar_startup_nrf52840.o [1]
  .text               ro code  0x00024b10     0x2  iar_startup_nrf52840.o [1]
  .text               ro code  0x00024b12     0x2  iar_startup_nrf52840.o [1]
  .text               ro code  0x00024b14     0x2  iar_startup_nrf52840.o [1]
  .text               ro code  0x00024b16     0x2  iar_startup_nrf52840.o [1]
  .text               ro code  0x00024b18     0x2  iar_startup_nrf52840.o [1]
  .text               ro code  0x00024b1c     0x0  cstart_closeall.o [5]
  .rodata             const    0x00024b1c     0x0  zero_init3.o [5]
  .rodata             const    0x00024b1c     0x0  packbits_init_single.o [5]
  Initializer bytes   const    0x00024b1c    0x94  <for P2-1>
                             - 0x00024bb0  0x57b0

"P2", part 1 of 3:                          0x21e
  P2-1                         0x20002128   0x21e  <Init block>
    .data             inited   0x20002128    0x34  app_uart_fifo.o [1]
    .data             inited   0x2000215c     0x4  main.o [1]
    .data             inited   0x20002160     0x4  system_nrf52840.o [1]
    .data             inited   0x20002164    0x40  xfiles.o [3]
    .data             inited   0x200021a4    0x40  xfiles.o [3]
    .data             inited   0x200021e4    0x40  xfiles.o [3]
    .data             inited   0x20002224    0x20  xfiles.o [3]
    __DLIB_PERTHREAD  inited   0x20002244    0x88  localeconv.o [3]
    __DLIB_PERTHREAD  inited   0x200022cc    0x74  setlocale.o [3]
    __DLIB_PERTHREAD  inited   0x20002340     0x4  errno.o [3]
    .data             inited   0x20002344     0x2  main.o [1]
                             - 0x20002346   0x21e

"P2", part 2 of 3:                          0xa00
  CSTACK                       0x20002348   0x800  <Block>
    CSTACK            uninit   0x20002348   0x800  <Block tail>
  HEAP                         0x20002b48   0x200  <Block>
    HEAP              uninit   0x20002b48   0x200  <Block tail>
                             - 0x20002d48   0xa00

"P2", part 3 of 3:                          0x6cc
  .bss                zero     0x20002d48   0x2fc  main.o [1]
  .bss                zero     0x20003044    0x80  bsp.o [1]
  .bss                zero     0x200030c4    0x68  fstorage.o [1]
  .bss                zero     0x2000312c    0x68  nrf_drv_gpiote.o [1]
  .bss                zero     0x20003194    0x5c  ble_advertising.o [1]
  .bss                zero     0x200031f0    0x50  xfiles.o [3]
  .bss                zero     0x20003240    0x50  xfiles.o [3]
  .bss                zero     0x20003290    0x40  ble_conn_params.o [1]
  .bss                zero     0x200032d0    0x3c  ble_advertising.o [1]
  .bss                zero     0x2000330c    0x34  app_button.o [1]
  .bss                zero     0x20003340    0x20  app_timer.o [1]
  .bss                zero     0x20003360    0x20  ble_advertising.o [1]
  .bss                zero     0x20003380    0x20  nrf_drv_uart.o [1]
  .bss                zero     0x200033a0    0x1c  ble_advertising.o [1]
  .bss                zero     0x200033bc    0x14  nrf_drv_clock.o [1]
  .bss                zero     0x200033d0    0x14  softdevice_handler.o [1]
  .bss                zero     0x200033e4     0xc  app_util_platform.o [1]
  .bss                zero     0x200033f0     0x8  ble_conn_params.o [1]
  .bss                zero     0x200033f8     0x8  ble_conn_params.o [1]
  .bss                zero     0x20003400     0x8  bsp_btn_ble.o [1]
  .bss                zero     0x20003408     0x8  xxmemxmalloc.o [3]
  .bss                zero     0x20003410     0x4  xgetmemchunk.o [3]
                             - 0x20003414   0x6cc


*******************************************************************************
*** INIT TABLE
***

          Address     Size
          -------     ----
Zero (__iar_zero_init3)
    1 destination range, total size 0x6cc:
          0x20002d48  0x6cc

Copy/packbits (__iar_packbits_init_single3)
    1 source range, total size 0x94 (27% of destination):
          0x00024b1c   0x94
    1 destination range, total size 0x21e:
          0x20002128  0x21e



*******************************************************************************
*** MODULE SUMMARY
***

    Module                  ro code  ro data  rw data
    ------                  -------  -------  -------
C:\Users\momo\Desktop\资料备份\nRF5_SDK_12.3.0_d7731ad\examples\ble_peripheral\ble_app_uart\pca10056\s132\iar\_build: [1]
    app_button.o                332                52
    app_error.o                  34
    app_error_weak.o             36
    app_fifo.o                  142
    app_timer.o               1 524                32
    app_uart_fifo.o             456       14       52
    app_util_platform.o         108                12
    ble_advdata.o             1 304
    ble_advertising.o           828               212
    ble_conn_params.o           412                80
    ble_nus.o                   572
    ble_srv_common.o             24
    boards.o                    368
    bsp.o                       856               128
    bsp_btn_ble.o               252                 8
    fstorage.o                   20               104
    iar_startup_nrf52840.o    1 132
    main.o                    1 088        2      770
    nrf_drv_clock.o             280                20
    nrf_drv_common.o             68
    nrf_drv_gpiote.o          1 204               104
    nrf_drv_uart.o            2 148                32
    retarget.o                   28
    softdevice_handler.o        520                20
    system_nrf52840.o           292        1        4
    -------------------------------------------------
    Total:                   14 028       17    1 630

command line: [2]
    -------------------------------------------------
    Total:

dl7M_tlf.a: [3]
    div.o                        14
    errno.o                      12        1        4
    exit.o                        4
    fclose.o                    122
    fflush.o                    176
    fputc.o                      86
    fseek.o                      34
    localeconv.o                108       37      136
    printf.o                     36
    putchar.o                    12
    setlocale.o                  20       32      116
    xcloseall.o                  88
    xencoding_sb.o               96
    xfgpos.o                     10
    xfiles.o                              61      384
    xfofind.o                   124
    xfspos.o                    214
    xfwprep.o                   182
    xgetmemchunk.o               44                 4
    xmbcurmax.o                  10
    xmbtowc.o                    32
    xprintffull.o             4 454
    xprout.o                     22
    xtls.o                        2
    xwctomb.o                    26
    xxmemxfree.o                128
    xxmemxmalloc.o              176                 8
    -------------------------------------------------
    Total:                    6 232      131      652

m7M_tls.a: [4]
    DblAdd.o                    212
    DblCmpGe.o                   46
    DblCmpLe.o                   46
    DblDiv.o                    598
    DblMul.o                    418
    DblSub.o                    384
    DblToI32.o                   88
    I32ToDbl.o                   48
    fpinit_M.o                   34
    xdnorm.o                     66
    xdscale.o                   276
    -------------------------------------------------
    Total:                    2 216

rt7M_tl.a: [5]
    ABImemclr4.o                  6
    ABImemcpy_unaligned.o       118
    ABImemset48.o                58
    I64DivMod.o                 238
    I64DivZer.o                   2
    XXexit.o                     12
    cexit.o                      14
    cmain.o                      26
    cstart_closeall.o
    cstartup_M.o                 12
    data_init.o                  40
    memchr.o                     88
    packbits_init_single.o       56
    strchr.o                     22
    strlen.o                     54
    zero_init3.o                 64
    -------------------------------------------------
    Total:                      810

    Gaps                          4        2
    Linker created                        32    2 560
-----------------------------------------------------
    Grand Total:             23 290      182    4 842


*******************************************************************************
*** ENTRY LIST
***

Entry                      Address   Size  Type      Object
-----                      -------   ----  ----      ------
.iar.init_table$$Base   0x00024a50          --   Gb  - Linker created -
.iar.init_table$$Limit  0x00024a70          --   Gb  - Linker created -
?main                   0x00024a75         Code  Gb  cmain.o [5]
CSTACK$$Base            0x20002348          --   Gb  - Linker created -
CSTACK$$Limit           0x20002b48          --   Gb  - Linker created -
GPIOTE_IRQHandler       0x000229f1  0x196  Code  Gb  nrf_drv_gpiote.o [1]
HEAP$$Base              0x20002b48          --   Gb  - Linker created -
HEAP$$Limit             0x20002d48          --   Gb  - Linker created -
LoadInt                 0x0001fa4f   0x6e  Code  Lc  xprintffull.o [3]
NVIC_ClearPendingIRQ    0x00021b67    0xe  Code  Lc  app_timer.o [1]
NVIC_DisableIRQ         0x00023d79    0xa  Code  Lc  softdevice_handler.o [1]
NVIC_EnableIRQ          0x00021b45    0xe  Code  Lc  app_timer.o [1]
NVIC_EnableIRQ          0x00023d6d    0xc  Code  Lc  softdevice_handler.o [1]
NVIC_SetPendingIRQ      0x00021b53    0xc  Code  Lc  app_timer.o [1]
NVIC_SetPriority        0x00021b75   0x1e  Code  Lc  app_timer.o [1]
POWER_CLOCK_IRQHandler  0x000243a5   0x46  Code  Gb  nrf_drv_clock.o [1]
RTC1_IRQHandler         0x00021f57   0x82  Code  Gb  app_timer.o [1]
Region$$Table$$Base     0x00024a50          --   Gb  - Linker created -
Region$$Table$$Limit    0x00024a70          --   Gb  - Linker created -
SWI0_EGU0_IRQHandler    0x00021fd9    0x2  Code  Gb  app_timer.o [1]
SWI2_EGU2_IRQHandler    0x00023eeb   0x1e  Code  Gb  softdevice_handler.o [1]
SystemCoreClock         0x20002160    0x4  Data  Gb  system_nrf52840.o [1]
SystemInit              0x00024429   0xe2  Code  Gb  system_nrf52840.o [1]
UARTE0_UART0_IRQHandler
                        0x00021ad1   0x10  Code  Gb  nrf_drv_uart.o [1]
_Close_all              0x000248dd   0x58  Code  Gb  xcloseall.o [3]
_EncodingSb_Mbtowc      0x00021153   0x30  Code  Gb  xencoding_sb.o [3]
_EncodingSb_Wctomb      0x00021139   0x1a  Code  Gb  xencoding_sb.o [3]
_Files                  0x20002224   0x20  Data  Gb  xfiles.o [3]
_Fofree                 0x000247e5   0x78  Code  Gb  xfofind.o [3]
_Fspos                  0x0002454d   0xd6  Code  Gb  xfspos.o [3]
_Fwprep                 0x0002470b   0xb6  Code  Gb  xfwprep.o [3]
_GenldFull              0x000202d3  0x24c  Code  Lc  xprintffull.o [3]
_IsdstStr               0x200022d0    0x4  Data  Gb  setlocale.o [3]
_LdtobFull              0x0001fed1  0x3fc  Code  Lc  xprintffull.o [3]
_LitobFull              0x0001fdc9  0x106  Code  Lc  xprintffull.o [3]
_LocaleEncoding         0x00021125    0xe  Code  Gb  setlocale.o [3]
_LocaleReturnString     0x200022f0   0x50  Data  Lc  setlocale.o [3]
_Locale_Profile         0x200022d4   0x1c  Data  Gb  setlocale.o [3]
_Locale_aeabi_lconv     0x20002294   0x38  Data  Gb  localeconv.o [3]
_Locale_lconv           0x20002244   0x50  Data  Gb  localeconv.o [3]
_Mbtowc                 0x00020567   0x20  Code  Gb  xmbtowc.o [3]
_Nnl                    0x000246d5    0xa  Code  Gb  xfgpos.o [3]
_PrintfFull             0x0001f401  0x638  Code  Gb  xprintffull.o [3]
_Prout                  0x00024ab1   0x16  Code  Gb  xprout.o [3]
_PutcharsFull           0x0002051f   0x2e  Code  Lc  xprintffull.o [3]
_PutstrFull             0x0001fabd  0x306  Code  Lc  xprintffull.o [3]
_TzoneStr               0x200022cc    0x4  Data  Gb  setlocale.o [3]
_Wctomb                 0x000206ed   0x1a  Code  Gb  xwctomb.o [3]
__ICFEDIT_region_RAM_end__ {Abs}
                        0x2003ffff          --   Gb  command line/config [2]
__ICFEDIT_region_RAM_start__ {Abs}
                        0x20002128          --   Gb  command line/config [2]
__Vectors               0x0001f000          --   Gb  iar_startup_nrf52840.o [1]
__Vectors_End           0x0001f400         Data  Gb  iar_startup_nrf52840.o [1]
__Vectors_Size {Abs}    0x00000400          --   Gb  iar_startup_nrf52840.o [1]
__aeabi_cdcmple         0x00020931         Code  Gb  DblCmpLe.o [4]
__aeabi_cdrcmple        0x00020961         Code  Gb  DblCmpGe.o [4]
__aeabi_d2iz            0x00020aa5         Code  Gb  DblToI32.o [4]
__aeabi_d2uiz           0x00020ad1         Code  Gb  DblToI32.o [4]
__aeabi_ddiv            0x00020e51         Code  Gb  DblDiv.o [4]
__aeabi_dmul            0x00020cad         Code  Gb  DblMul.o [4]
__aeabi_dsub            0x00020b2d         Code  Gb  DblSub.o [4]
__aeabi_errno_addr      0x000246e1    0x6  Code  Gb  errno.o [3]
__aeabi_i2d             0x00020afd         Code  Gb  I32ToDbl.o [4]
__aeabi_ldiv0           0x000211c5         Code  Gb  I64DivZer.o [5]
__aeabi_memclr4         0x00023d65         Code  Gb  ABImemclr4.o [5]
__aeabi_memset4         0x00022bb9         Code  Gb  ABImemset48.o [5]
__aeabi_memset8         0x00022bb9         Code  Gb  ABImemset48.o [5]
__aeabi_ui2d            0x00020b11         Code  Gb  I32ToDbl.o [4]
__aeabi_uldivmod        0x00020801         Code  Gb  I64DivMod.o [5]
__cexit_closeall        0x00024a97         Code  Gb  cexit.o [5]
__cmain                 0x00024a75         Code  Gb  cmain.o [5]
__cstart_closeall       0x00024b1c         Data  Gb  cstart_closeall.o [5]
__data_Aldata           0x20003408    0x8  Data  Gb  xxmemxmalloc.o [3]
__data_GetMemChunk      0x00021199   0x2c  Code  Gb  xgetmemchunk.o [3]
__exit                  0x00024aa5         Code  Gb  XXexit.o [5]
__iar_Dnorm             0x000208ef   0x42  Code  Gb  xdnorm.o [4]
__iar_Dscale            0x00020991  0x114  Code  Gb  xdscale.o [4]
__iar_Errno             0x20002340    0x4  Data  Gb  errno.o [3]
__iar_Locale_lconv_init
                        0x000210a9   0x3a  Code  Gb  localeconv.o [3]
__iar_Mbcurmax          0x00020631    0xa  Code  Gb  xmbcurmax.o [3]
__iar_Memchr            0x000205d9         Code  Gb  memchr.o [5]
__iar_Memset4_word      0x00022bc1         Code  Gb  ABImemset48.o [5]
__iar_Memset8_word      0x00022bc1         Code  Gb  ABImemset48.o [5]
__iar_Stderr            0x200021e4   0x40  Data  Gb  xfiles.o [3]
__iar_Stdin             0x20002164   0x40  Data  Gb  xfiles.o [3]
__iar_Stdout            0x200021a4   0x40  Data  Gb  xfiles.o [3]
__iar_Strchr            0x00020589         Code  Gb  strchr.o [5]
__iar_d2uiz             0x00020add         Code  Gb  DblToI32.o [4]
__iar_dadd              0x000211c9         Code  Gb  DblAdd.o [4]
__iar_data_init3        0x00024a05   0x28  Code  Gb  data_init.o [5]
__iar_dlib_perthread_access
                        0x00024709    0x2  Code  Gb  xtls.o [3]
__iar_dsub              0x00020b41         Code  Gb  DblSub.o [4]
__iar_dsubStart         0x00020b53         Code  Gb  DblSub.o [4]
__iar_init_vfp          0x00024a2d         Code  Gb  fpinit_M.o [4]
__iar_packbits_init_single3
                        0x000249cb   0x38  Code  Gb  packbits_init_single.o [5]
__iar_program_start     0x00024ae5         Code  Gb  cstartup_M.o [5]
__iar_ui2d              0x00020b15         Code  Gb  I32ToDbl.o [4]
__iar_unaligned___aeabi_memcpy
                        0x00020709         Code  Gb  ABImemcpy_unaligned.o [5]
__iar_unaligned___aeabi_memcpy4
                        0x00020729         Code  Gb  ABImemcpy_unaligned.o [5]
__iar_unaligned___aeabi_memcpy8
                        0x00020729         Code  Gb  ABImemcpy_unaligned.o [5]
__iar_zero_init3        0x0002498b   0x40  Code  Gb  zero_init3.o [5]
__sd_nvic_app_accessible_irq
                        0x00023d8b   0x26  Code  Lc  softdevice_handler.o [1]
__vector_table          0x0001f000         Data  Gb  iar_startup_nrf52840.o [1]
__write                 0x000246ed   0x1c  Code  Gb  retarget.o [1]
_call_main              0x00024a81         Code  Gb  cmain.o [5]
_exit                   0x00024a95         Code  Gb  cexit.o [5]
_main                   0x00024a8b         Code  Gb  cmain.o [5]
adv_data_encode         0x0002253b  0x144  Code  Gb  ble_advdata.o [1]
advertising_buttons_configure
                        0x00023555   0x2e  Code  Lc  bsp_btn_ble.o [1]
advertising_init        0x00022e07   0x60  Code  Lc  main.o [1]
alert_timer_handler     0x00023429    0x6  Code  Lc  bsp.o [1]
app_button_enable       0x000242af   0x20  Code  Gb  app_button.o [1]
app_button_init         0x0002424b   0x64  Code  Gb  app_button.o [1]
app_buttons             0x00023534   0x20  Data  Lc  bsp.o [1]
app_error_fault_handler
                        0x000221c9   0x24  Code  Wk  app_error_weak.o [1]
app_error_handler_bare  0x000221a5   0x14  Code  Gb  app_error.o [1]
app_fifo_get            0x00024011   0x16  Code  Gb  app_fifo.o [1]
app_fifo_init           0x00023fd5   0x22  Code  Gb  app_fifo.o [1]
app_fifo_put            0x00023ff7   0x1a  Code  Gb  app_fifo.o [1]
app_timer_create        0x00022033   0x26  Code  Gb  app_timer.o [1]
app_timer_init          0x00021fdb   0x58  Code  Gb  app_timer.o [1]
app_timer_start         0x00022059   0x7e  Code  Gb  app_timer.o [1]
app_timer_stop          0x000220d7   0x1c  Code  Gb  app_timer.o [1]
app_uart_get            0x0002315b   0x24  Code  Gb  app_uart_fifo.o [1]
app_uart_init           0x000230af   0xac  Code  Gb  app_uart_fifo.o [1]
app_uart_inst           0x20002144    0x8  Data  Lc  app_uart_fifo.o [1]
app_uart_put            0x0002318d   0x2c  Code  Gb  app_uart_fifo.o [1]
app_util_critical_region_enter
                        0x00022139   0x36  Code  Gb  app_util_platform.o [1]
app_util_critical_region_exit
                        0x0002216f   0x22  Code  Gb  app_util_platform.o [1]
apply_config            0x00021361   0xb8  Code  Lc  nrf_drv_uart.o [1]
ble_advdata_set         0x000226a3   0x62  Code  Gb  ble_advdata.o [1]
ble_advertising_init    0x00023a29   0xf8  Code  Gb  ble_advertising.o [1]
ble_advertising_on_ble_evt
                        0x00023cc9   0x5a  Code  Gb  ble_advertising.o [1]
ble_advertising_restart_without_whitelist
                        0x00023d23   0x30  Code  Gb  ble_advertising.o [1]
ble_advertising_start   0x00023b21  0x198  Code  Gb  ble_advertising.o [1]
ble_conn_params_init    0x000236b7   0x4c  Code  Gb  ble_conn_params.o [1]
ble_conn_params_on_ble_evt
                        0x00023759   0x78  Code  Gb  ble_conn_params.o [1]
ble_device_addr_encode  0x000221f7   0x5a  Code  Lc  ble_advdata.o [1]
ble_evt_dispatch        0x00022d4d   0x26  Code  Lc  main.o [1]
ble_nus_init            0x0002396b   0x5c  Code  Gb  ble_nus.o [1]
ble_nus_on_ble_evt      0x0002390b   0x60  Code  Gb  ble_nus.o [1]
ble_nus_string_send     0x000239c7   0x50  Code  Gb  ble_nus.o [1]
ble_srv_is_notification_enabled
                        0x000242ef    0x8  Code  Gb  ble_srv_common.o [1]
bsp_board_button_idx_to_pin
                        0x00024189    0x8  Code  Gb  boards.o [1]
bsp_board_button_state_get
                        0x0002413d   0x1c  Code  Gb  boards.o [1]
bsp_board_led_invert    0x000240d3   0x2c  Code  Gb  boards.o [1]
bsp_board_led_off       0x000240a5    0xa  Code  Gb  boards.o [1]
bsp_board_led_on        0x0002409b    0xa  Code  Gb  boards.o [1]
bsp_board_led_state_get
                        0x00024087   0x14  Code  Gb  boards.o [1]
bsp_board_leds_init     0x00024115   0x28  Code  Gb  boards.o [1]
bsp_board_leds_off      0x000240af   0x12  Code  Gb  boards.o [1]
bsp_board_leds_on       0x000240c1   0x12  Code  Gb  boards.o [1]
bsp_board_pin_to_button_idx
                        0x00024169    0xc  Code  Gb  boards.o [1]
bsp_btn_ble_init        0x0002361d   0x30  Code  Gb  bsp_btn_ble.o [1]
bsp_btn_ble_on_ble_evt  0x000235a3   0x68  Code  Gb  bsp_btn_ble.o [1]
bsp_btn_ble_sleep_mode_prepare
                        0x00023583   0x20  Code  Gb  bsp_btn_ble.o [1]
bsp_button_event_handler
                        0x00023227   0x76  Code  Lc  bsp.o [1]
bsp_button_is_pressed   0x00023223    0x4  Code  Gb  bsp.o [1]
bsp_event_handler       0x00022d73   0x3a  Code  Gb  main.o [1]
bsp_event_to_button_action_assign
                        0x000234c3   0x38  Code  Gb  bsp.o [1]
bsp_indication_set      0x0002342f   0x14  Code  Gb  bsp.o [1]
bsp_init                0x00023443   0x80  Code  Gb  bsp.o [1]
bsp_led_indication      0x000232a5  0x162  Code  Lc  bsp.o [1]
bsp_wakeup_button_enable
                        0x00023515    0xa  Code  Gb  bsp.o [1]
button_timer_handler    0x0002329d    0x6  Code  Lc  bsp.o [1]
channel_free            0x00022849   0x18  Code  Lc  nrf_drv_gpiote.o [1]
channel_port_alloc      0x0002280b   0x3e  Code  Lc  nrf_drv_gpiote.o [1]
clock_clk_started_notify
                        0x00024381   0x24  Code  Lc  nrf_drv_clock.o [1]
compare_reg_update      0x00021db7   0x8c  Code  Lc  app_timer.o [1]
conn_int_encode         0x000223c7   0x82  Code  Lc  ble_advdata.o [1]
conn_params_error_handler
                        0x00022c3d    0x4  Code  Lc  main.o [1]
conn_params_negotiation
                        0x00023703   0x4e  Code  Lc  ble_conn_params.o [1]
detection_delay_timeout_handler
                        0x00024199   0x62  Code  Lc  app_button.o [1]
div                     0x00021115    0xe  Code  Gb  div.o [3]
ebuf                    0x200031f0   0x50  Data  Lc  xfiles.o [3]
exit                    0x00024a8f    0x4  Code  Gb  exit.o [3]
fclose                  0x00024861   0x7a  Code  Gb  fclose.o [3]
fflush                  0x0002469b   0x34  Code  Gb  fflush.o [3]
fflushOne               0x00024625   0x76  Code  Lc  fflush.o [3]
fifo_get                0x00023fc1   0x14  Code  Lc  app_fifo.o [1]
fifo_peek               0x00023fad   0x14  Code  Lc  app_fifo.o [1]
fifo_put                0x00023f99   0x14  Code  Lc  app_fifo.o [1]
fputc                   0x00024935   0x56  Code  Gb  fputc.o [3]
free                    0x00020781   0x7a  Code  Gb  xxmemxfree.o [3]
fs_queued_op_count_get  0x000242fd   0x10  Code  Gb  fstorage.o [1]
fseek                   0x000247c1   0x22  Code  Gb  fseek.o [3]
gpiote_event_handler    0x000241fb   0x50  Code  Lc  app_button.o [1]
intern_softdevice_events_execute
                        0x00023e1b   0x6e  Code  Gb  softdevice_handler.o [1]
interrupts_enable       0x00021429   0x54  Code  Lc  nrf_drv_uart.o [1]
is_conn_params_ok       0x00023651   0x14  Code  Lc  ble_conn_params.o [1]
leds_timer_handler      0x00023419   0x10  Code  Lc  bsp.o [1]
list_deletions_handler  0x00021c57   0x8e  Code  Lc  app_timer.o [1]
list_insertions_handler
                        0x00021ce5   0xd2  Code  Lc  app_timer.o [1]
localeconv              0x000210e3   0x16  Code  Gb  localeconv.o [3]
m_adv_evt               0x200033aa    0x1  Data  Lc  ble_advertising.o [1]
m_adv_mode_current      0x200033ab    0x1  Data  Lc  ble_advertising.o [1]
m_adv_modes_config      0x20003360   0x20  Data  Lc  ble_advertising.o [1]
m_adv_uuids             0x2000215c    0x4  Data  Lc  main.o [1]
m_advdata               0x200032d0   0x3c  Data  Lc  ble_advertising.o [1]
m_advertising_start_pending
                        0x200033a9    0x1  Data  Lc  ble_advertising.o [1]
m_alert_timer_id        0x0002352c    0x4  Data  Lc  bsp.o [1]
m_alert_timer_id_data   0x20003084   0x20  Data  Lc  bsp.o [1]
m_app_ticks_per_100ms   0x20003058    0x4  Data  Lc  bsp.o [1]
m_ble_evt_buffer_size   0x200033d2    0x2  Data  Lc  softdevice_handler.o [1]
m_ble_evt_handler       0x200033dc    0x4  Data  Lc  softdevice_handler.o [1]
m_board_btn_list        0x00024194    0x4  Data  Lc  boards.o [1]
m_board_led_list        0x00024190    0x4  Data  Lc  boards.o [1]
m_button_count          0x2000330c    0x1  Data  Lc  app_button.o [1]
m_button_timer_id       0x00023530    0x4  Data  Lc  bsp.o [1]
m_button_timer_id_data  0x200030a4   0x20  Data  Lc  bsp.o [1]
m_cb                    0x2000312c   0x68  Data  Lc  nrf_drv_gpiote.o [1]
m_cb                    0x20003380   0x20  Data  Lc  nrf_drv_uart.o [1]
m_change_param          0x200032ad    0x1  Data  Lc  ble_conn_params.o [1]
m_clock_cb              0x200033bc   0x14  Data  Lc  nrf_drv_clock.o [1]
m_conn_handle           0x200032ae    0x2  Data  Lc  ble_conn_params.o [1]
m_conn_handle           0x20002344    0x2  Data  Lc  main.o [1]
m_conn_params_config    0x20003290   0x1c  Data  Lc  ble_conn_params.o [1]
m_conn_params_timer_id  0x000237e8    0x4  Data  Lc  ble_conn_params.o [1]
m_conn_params_timer_id_data
                        0x200032b0   0x20  Data  Lc  ble_conn_params.o [1]
m_current_conn_params   0x200033f8    0x8  Data  Lc  ble_conn_params.o [1]
m_current_slave_link_conn_handle
                        0x200033b0    0x2  Data  Lc  ble_advertising.o [1]
m_detection_delay       0x20003314    0x4  Data  Lc  app_button.o [1]
m_detection_delay_timer_id
                        0x000242dc    0x4  Data  Lc  app_button.o [1]
m_detection_delay_timer_id_data
                        0x20003320   0x20  Data  Lc  app_button.o [1]
m_error_handler         0x200033b8    0x4  Data  Lc  ble_advertising.o [1]
m_error_handler         0x20003400    0x4  Data  Lc  bsp_btn_ble.o [1]
m_event_handler         0x2000213c    0x4  Data  Lc  app_uart_fifo.o [1]
m_events_list           0x20003044    0xc  Data  Lc  bsp.o [1]
m_evt_handler           0x200033b4    0x4  Data  Lc  ble_advertising.o [1]
m_evt_schedule_func     0x2000335c    0x4  Data  Lc  app_timer.o [1]
m_evt_schedule_func     0x200033d4    0x4  Data  Lc  softdevice_handler.o [1]
m_indication_type       0x2000305c    0x4  Data  Lc  bsp.o [1]
m_initialized           0x200033a8    0x1  Data  Lc  ble_advertising.o [1]
m_leds_clear            0x20003051    0x1  Data  Lc  bsp.o [1]
m_leds_timer_id         0x00023528    0x4  Data  Lc  bsp.o [1]
m_leds_timer_id_data    0x20003064   0x20  Data  Lc  bsp.o [1]
m_manuf_data_array      0x20003194   0x20  Data  Lc  ble_advertising.o [1]
m_manuf_specific_data   0x200031d4    0xc  Data  Lc  ble_advertising.o [1]
m_num_connections       0x20003404    0x4  Data  Lc  bsp_btn_ble.o [1]
m_nus                   0x20002d60   0x1c  Data  Lc  main.o [1]
m_op_queue              0x20003340    0x8  Data  Lc  app_timer.o [1]
m_peer_addr_reply_expected
                        0x200033ac    0x1  Data  Lc  ble_advertising.o [1]
m_peer_address          0x200033a0    0x8  Data  Lc  ble_advertising.o [1]
m_pin_state             0x20003318    0x4  Data  Lc  app_button.o [1]
m_pin_transition        0x2000331c    0x4  Data  Lc  app_button.o [1]
m_preferred_conn_params
                        0x200033f0    0x8  Data  Lc  ble_conn_params.o [1]
m_queue                 0x200030c4   0x68  Data  Lc  fstorage.o [1]
m_registered_callback   0x20003060    0x4  Data  Lc  bsp.o [1]
m_rtc1_reset            0x2000334b    0x1  Data  Lc  app_timer.o [1]
m_rtc1_running          0x2000334a    0x1  Data  Lc  app_timer.o [1]
m_rx_fifo               0x2000212c   0x10  Data  Lc  app_uart_fifo.o [1]
m_rx_ovf                0x20002128    0x1  Data  Lc  app_uart_fifo.o [1]
m_service_data          0x200031e0    0xc  Data  Lc  ble_advertising.o [1]
m_service_data_array    0x200031b4   0x20  Data  Lc  ble_advertising.o [1]
m_slave_conn_int        0x200031ec    0x4  Data  Lc  ble_advertising.o [1]
m_softdevice_enabled    0x200033d0    0x1  Data  Lc  softdevice_handler.o [1]
m_stable_state          0x20003050    0x1  Data  Lc  bsp.o [1]
m_suspended             0x200033d1    0x1  Data  Lc  softdevice_handler.o [1]
m_sys_evt_handler       0x200033e0    0x4  Data  Lc  softdevice_handler.o [1]
m_ticks_elapsed         0x20003354    0x8  Data  Lc  app_timer.o [1]
m_ticks_elapsed_q_read_ind
                        0x20003348    0x1  Data  Lc  app_timer.o [1]
m_ticks_elapsed_q_write_ind
                        0x20003349    0x1  Data  Lc  app_timer.o [1]
m_ticks_latest          0x20003350    0x4  Data  Lc  app_timer.o [1]
m_tx_fifo               0x2000214c   0x10  Data  Lc  app_uart_fifo.o [1]
m_update_count          0x200032ac    0x1  Data  Lc  ble_conn_params.o [1]
m_whitelist_in_use      0x200033af    0x1  Data  Lc  ble_advertising.o [1]
m_whitelist_reply_expected
                        0x200033ae    0x1  Data  Lc  ble_advertising.o [1]
m_whitelist_temporarily_disabled
                        0x200033ad    0x1  Data  Lc  ble_advertising.o [1]
main                    0x00022e67  0x168  Code  Gb  main.o [1]
malloc                  0x0002063d   0xac  Code  Gb  xxmemxmalloc.o [3]
manuf_specific_data_encode
                        0x00022449   0x68  Code  Lc  ble_advdata.o [1]
memchr                  0x000205d9         Code  Gb  memchr.o [5]
mp_ble_evt_buffer       0x200033d8    0x4  Data  Lc  softdevice_handler.o [1]
mp_buttons              0x20003310    0x4  Data  Lc  app_button.o [1]
mp_timer_id_head        0x2000334c    0x4  Data  Lc  app_timer.o [1]
name_encode             0x00022251   0x9c  Code  Lc  ble_advdata.o [1]
nrf_bitmask_bit_is_set  0x000227c5   0x10  Code  Lc  nrf_drv_gpiote.o [1]
nrf_clock_event_check   0x00024325    0xe  Code  Lc  nrf_drv_clock.o [1]
nrf_clock_event_clear   0x00024311   0x14  Code  Lc  nrf_drv_clock.o [1]
nrf_delay_us            0x00021b95   0x88  Code  Lc  app_timer.o [1]
nrf_drv_clock_init      0x00024333   0x3a  Code  Gb  nrf_drv_clock.o [1]
nrf_drv_clock_on_sd_enable
                        0x000243f5   0x22  Code  Gb  nrf_drv_clock.o [1]
nrf_drv_clock_on_soc_event
                        0x000243eb    0xa  Code  Gb  nrf_drv_clock.o [1]
nrf_drv_common_irq_enable
                        0x00021b01   0x34  Code  Gb  nrf_drv_common.o [1]
nrf_drv_gpiote_in_event_enable
                        0x00022965   0x7e  Code  Gb  nrf_drv_gpiote.o [1]
nrf_drv_gpiote_in_init  0x000228bd   0xa8  Code  Gb  nrf_drv_gpiote.o [1]
nrf_drv_gpiote_in_is_set
                        0x000229e3    0xe  Code  Gb  nrf_drv_gpiote.o [1]
nrf_drv_gpiote_init     0x00022861   0x4e  Code  Gb  nrf_drv_gpiote.o [1]
nrf_drv_gpiote_is_init  0x000228af    0xe  Code  Gb  nrf_drv_gpiote.o [1]
nrf_drv_uart_init       0x0002148d   0x62  Code  Gb  nrf_drv_uart.o [1]
nrf_drv_uart_rx         0x000217c3   0xa0  Code  Gb  nrf_drv_uart.o [1]
nrf_drv_uart_rx_enable  0x00021863   0x2a  Code  Gb  nrf_drv_uart.o [1]
nrf_drv_uart_rx_for_uart
                        0x00021689   0x9c  Code  Lc  nrf_drv_uart.o [1]
nrf_drv_uart_rx_for_uarte
                        0x00021725   0x96  Code  Lc  nrf_drv_uart.o [1]
nrf_drv_uart_tx         0x00021567   0xae  Code  Gb  nrf_drv_uart.o [1]
nrf_drv_uart_tx_for_uarte
                        0x0002150f   0x50  Code  Lc  nrf_drv_uart.o [1]
nrf_drv_uart_tx_in_progress
                        0x00021625   0x12  Code  Gb  nrf_drv_uart.o [1]
nrf_gpio_cfg            0x00024029   0x2e  Code  Lc  boards.o [1]
nrf_gpio_cfg            0x0002272b   0x30  Code  Lc  nrf_drv_gpiote.o [1]
nrf_gpio_cfg            0x000212eb   0x30  Code  Lc  nrf_drv_uart.o [1]
nrf_gpio_cfg_input      0x00021327    0xe  Code  Lc  nrf_drv_uart.o [1]
nrf_gpio_cfg_output     0x0002131b    0xc  Code  Lc  nrf_drv_uart.o [1]
nrf_gpio_cfg_sense_set  0x000231fd   0x26  Code  Lc  bsp.o [1]
nrf_gpio_cfg_sense_set  0x0002275b   0x2a  Code  Lc  nrf_drv_gpiote.o [1]
nrf_gpio_pin_read       0x00022785   0x1a  Code  Lc  nrf_drv_gpiote.o [1]
nrf_gpio_pin_set        0x00021347   0x1a  Code  Lc  nrf_drv_uart.o [1]
nrf_gpio_pin_write      0x00024057   0x30  Code  Lc  boards.o [1]
nrf_gpio_ports_read     0x0002279f   0x26  Code  Lc  nrf_drv_gpiote.o [1]
nrf_gpiote_event_clear  0x00022713   0x18  Code  Lc  nrf_drv_gpiote.o [1]
nrf_gpiote_event_is_set
                        0x00022705    0xe  Code  Lc  nrf_drv_gpiote.o [1]
nrf_nvic_state          0x200033e4    0xc  Data  Gb  app_util_platform.o [1]
nrf_uart_event_check    0x0002129f    0x2  Code  Lc  nrf_drv_uart.o [1]
nrf_uart_event_clear    0x0002129d    0x2  Code  Lc  nrf_drv_uart.o [1]
nrf_uart_hwfc_pins_set  0x000212b9    0x2  Code  Lc  nrf_drv_uart.o [1]
nrf_uart_int_enable_check
                        0x000212a1    0xe  Code  Lc  nrf_drv_uart.o [1]
nrf_uart_txrx_pins_set  0x000212af    0xa  Code  Lc  nrf_drv_uart.o [1]
nrf_uarte_event_check   0x000212cd    0x2  Code  Lc  nrf_drv_uart.o [1]
nrf_uarte_event_clear   0x000212bb    0x2  Code  Lc  nrf_drv_uart.o [1]
nrf_uarte_hwfc_pins_set
                        0x000212df    0x2  Code  Lc  nrf_drv_uart.o [1]
nrf_uarte_txrx_pins_set
                        0x000212d9    0x6  Code  Lc  nrf_drv_uart.o [1]
nus_data_handler        0x00022bf5   0x30  Code  Lc  main.o [1]
obuf                    0x20003240   0x50  Data  Lc  xfiles.o [3]
on_adv_evt              0x00022c69   0x1c  Code  Lc  main.o [1]
on_ble_evt              0x00022c85   0xc8  Code  Lc  main.o [1]
on_conn_params_evt      0x00022c25   0x18  Code  Lc  main.o [1]
pin_in_use_by_gpiote    0x000227fb   0x10  Code  Lc  nrf_drv_gpiote.o [1]
pin_in_use_by_port      0x000227e7   0x14  Code  Lc  nrf_drv_gpiote.o [1]
pin_in_use_by_te        0x000227d5   0x12  Code  Lc  nrf_drv_gpiote.o [1]
printf                  0x00023f75   0x24  Code  Gb  printf.o [3]
putchar                 0x00024ac9    0xc  Code  Gb  putchar.o [3]
rtc1_stop               0x00021c1d   0x3a  Code  Lc  app_timer.o [1]
rx_buffer               0x20002141    0x1  Data  Lc  app_uart_fifo.o [1]
rx_byte                 0x00021657   0x32  Code  Lc  nrf_drv_uart.o [1]
rx_char_add             0x000237ed   0x94  Code  Lc  ble_nus.o [1]
rx_done_event           0x0002188d   0x1a  Code  Lc  nrf_drv_uart.o [1]
rx_enable               0x00021637   0x20  Code  Lc  nrf_drv_uart.o [1]
sd_nvic_EnableIRQ       0x00023db1   0x66  Code  Lc  softdevice_handler.o [1]
service_data_encode     0x000224b1   0x80  Code  Lc  ble_advdata.o [1]
sleep_mode_enter        0x00022c41   0x28  Code  Lc  main.o [1]
softdevice_ble_evt_handler_set
                        0x00023edd    0xe  Code  Gb  softdevice_handler.o [1]
softdevice_enable       0x00023f39   0x14  Code  Gb  softdevice_handler.o [1]
softdevice_enable_get_default_config
                        0x00023f09   0x30  Code  Gb  softdevice_handler.o [1]
softdevice_fault_handler
                        0x00023e17    0x4  Code  Gb  softdevice_handler.o [1]
softdevice_handler_init
                        0x00023e8f   0x4e  Code  Gb  softdevice_handler.o [1]
softdevice_handler_is_enabled
                        0x00023e89    0x6  Code  Gb  softdevice_handler.o [1]
strchr                  0x00020589         Code  Gb  strchr.o [5]
strlen                  0x000205a1         Code  Gb  strlen.o [5]
timer_list_handler      0x00021e47   0xa0  Code  Lc  app_timer.o [1]
timer_stop_op_schedule  0x00021f15   0x42  Code  Lc  app_timer.o [1]
tx_buffer               0x20002140    0x1  Data  Lc  app_uart_fifo.o [1]
tx_byte                 0x000214ef   0x20  Code  Lc  nrf_drv_uart.o [1]
tx_char_add             0x00023881   0x6c  Code  Lc  ble_nus.o [1]
tx_done_event           0x000218a7   0x1e  Code  Lc  nrf_drv_uart.o [1]
uart_event_handle       0x00022db3   0x54  Code  Gb  main.o [1]
uart_event_handler      0x00023035   0x7a  Code  Lc  app_uart_fifo.o [1]
uart_irq_handler        0x000218db  0x112  Code  Lc  nrf_drv_uart.o [1]
uarte_irq_handler       0x000219f3   0xd8  Code  Lc  nrf_drv_uart.o [1]
uint16_decode           0x000242e5    0xa  Code  Lc  ble_srv_common.o [1]
uint16_encode           0x000221ed    0xa  Code  Lc  ble_advdata.o [1]
update_timeout_handler  0x00023665   0x52  Code  Lc  ble_conn_params.o [1]
user_op_alloc           0x00021eed   0x28  Code  Lc  app_timer.o [1]
user_op_enque           0x00021ee7    0x6  Code  Lc  app_timer.o [1]
uuid_list_encode        0x00022399   0x2e  Code  Lc  ble_advdata.o [1]
uuid_list_sized_encode  0x000222ed   0xac  Code  Lc  ble_advdata.o [1]


[1] = C:\Users\momo\Desktop\资料备份\nRF5_SDK_12.3.0_d7731ad\examples\ble_peripheral\ble_app_uart\pca10056\s132\iar\_build
[2] = command line
[3] = dl7M_tlf.a
[4] = m7M_tls.a
[5] = rt7M_tl.a

  23 290 bytes of readonly  code memory
     182 bytes of readonly  data memory
   4 842 bytes of readwrite data memory

Errors: none
Warnings: none
